
. 
. 
. ********************************************************************************
. ********************************************************************************
. ********************************************************************************
. 
. use "$RES//`iso'//temp/trade_baci_cty", clear

. 
. rename t year

. 
. ********************************************************************************
. * Select exported products 
. 
. preserve

.     
.         keep if year >= $ldate_bg1
(107,594,443 observations deleted)

.         
.         keep if iso_o == "`iso'"
(80,343,352 observations deleted)

.         
.         collapse (sum) v , by(iso_o k year)

.         keep if v >= 100
(21,893 observations deleted)

. 
.         bys     k: keep if _n ==1
(6,572 observations deleted)

.         keep    k

.         save    "$RES//`iso'//temp/k_list_X", replace
(file d:/santoni/Dropbox//WW_other_projs/WB_2024/WB_GE/WB_DTA_Toolkit/2.res/toolkit//CYP//temp/k_list_X.dta not found)
file d:/santoni/Dropbox//WW_other_projs/WB_2024/WB_GE/WB_DTA_Toolkit/2.res/toolkit//CYP//temp/k_list_X.dta saved

. restore

. 
. 
. merge   m:1             k       using   "$RES//`iso'//temp/k_list_X"

    Result                      Number of obs
    -----------------------------------------
    Not matched                    71,512,455
        from master                71,512,455  (_merge==1)
        from using                          0  (_merge==2)

    Matched                       116,614,976  (_merge==3)
    -----------------------------------------

. 
. keep    if _m == 3
(71,512,455 observations deleted)

. drop    _m

. 
. 
. ********************************************************************************
. ********************************************************************************
. * Select sample for gravity estimation: using appropriate UN correspondance 
. if "$baci_version"        == "BACI_HS02_V202401b" {
. preserve
. import excel "$DATA/class/HS2012-17-BEC5_08_Nov_2018.xlsx", sheet("HS12BEC5") firstrow clear
(30 vars, 5,205 obs)
.  keep HS6 BEC5EndUse BEC4ENDUSE BEC4INT BEC4CONS BEC4CAP
.  destring BEC4INT , replace force
BEC4INT: all characters numeric; replaced as double
(14 missing values generated)
.  destring BEC4CONS, replace force
BEC4CONS: all characters numeric; replaced as double
(14 missing values generated)
.  destring BEC4CAP , replace force 
BEC4CAP: all characters numeric; replaced as double
(14 missing values generated)
.  duplicates drop 

Duplicates in terms of all variables

(0 observations are duplicates)
.  save   "$TEMP/k_BEC4", replace
file d:/santoni/Dropbox//WW_other_projs/WB_2024/WB_GE/WB_DTA_Toolkit/1.data/temp/k_BEC4.dta saved
. 
. ********************************************************************************
. ******************************************************************************** 
. 
. import excel "$DATA/class/HS 2012 to HS 2002 Correlation and conversion tables.xls", sheet("Conversion HS 2012-HS 2002") cellrange(C7:D5213) firstrow clear
(2 vars, 5,206 obs)
. rename HS2012 HS6
. merge 1:1 HS6 using "$TEMP/k_BEC4"

    Result                      Number of obs
    -----------------------------------------
    Not matched                             1
        from master                         1  (_merge==1)
        from using                          0  (_merge==2)

    Matched                             5,205  (_merge==3)
    -----------------------------------------
. keep if _m == 3
(1 observation deleted)
. drop _m
. 
. rename HS2002 k
. destring k, replace force
k: all characters numeric; replaced as long
. cap drop if k == .
. 
. collapse (mean) BEC4INT BEC4CONS BEC4CAP, by(k)
. 
. gen stade3 = "I" if ((BEC4INT + BEC4CAP) >  BEC4CONS )
(1,256 missing values generated)
. 
. keep stade3 k
. save    "$TEMP/k_BEC", replace
file d:/santoni/Dropbox//WW_other_projs/WB_2024/WB_GE/WB_DTA_Toolkit/1.data/temp/k_BEC.dta saved
. restore
. }

. 
. ********************************************************************************
. ********************************************************************************
. 
. 
. merge   m:1     k                       using   "$TEMP/k_BEC"

    Result                      Number of obs
    -----------------------------------------
    Not matched                       590,819
        from master                   588,113  (_merge==1)
        from using                      2,706  (_merge==2)

    Matched                       116,026,863  (_merge==3)
    -----------------------------------------

. drop if _m == 2
(2,706 observations deleted)

. drop _m

. 
. preserve        

.         keep if stade3 == "I"
(45,753,148 observations deleted)

.         collapse (sum) v, by(iso_o iso_d year)

.         compress
  (0 bytes saved)

.         save "$RES//`iso'//temp/est_sample_imrt_int_k", replace
(file d:/santoni/Dropbox//WW_other_projs/WB_2024/WB_GE/WB_DTA_Toolkit/2.res/toolkit//CYP//temp/est_sample_imrt_int_k.dta not found)
file d:/santoni/Dropbox//WW_other_projs/WB_2024/WB_GE/WB_DTA_Toolkit/2.res/toolkit//CYP//temp/est_sample_imrt_int_k.dta saved

. restore

. 
. collapse (sum) v, by(iso_o iso_d year)

. compress
  (0 bytes saved)

. 
. 
. save "$RES//`iso'//temp/est_sample_imrt", replace
(file d:/santoni/Dropbox//WW_other_projs/WB_2024/WB_GE/WB_DTA_Toolkit/2.res/toolkit//CYP//temp/est_sample_imrt.dta not found)
file d:/santoni/Dropbox//WW_other_projs/WB_2024/WB_GE/WB_DTA_Toolkit/2.res/toolkit//CYP//temp/est_sample_imrt.dta saved

.         
. ********************************************************************************
. ********************************************************************************
. * 1a) Inward MRT - all products
. 
. use "$RES//`iso'//temp/est_sample_imrt", replace

. 
. 
. ********************************************************************************
. do      "$PROG_rta_stat/p1b_square"

. 
. ********************************************************************************
. 
. preserve

.         bys year: keep if _n==1
(433,445 observations deleted)

.         keep year

.         save "$TEMP\square", replace
(file d:/santoni/Dropbox//WW_other_projs/WB_2024/WB_GE/WB_DTA_Toolkit/1.data/temp\square.dta not found)
file d:/santoni/Dropbox//WW_other_projs/WB_2024/WB_GE/WB_DTA_Toolkit/1.data/temp\square.dta saved

. restore

. 
. 
. preserve

.         bys     iso_o: keep if _n==1
(433,303 observations deleted)

.         keep    iso_o

.         cross using "$TEMP\square.dta"

.         save "$TEMP\square.dta", replace
file d:/santoni/Dropbox//WW_other_projs/WB_2024/WB_GE/WB_DTA_Toolkit/1.data/temp\square.dta saved

. restore

. 
. 
. preserve

.         bys     iso_d: keep if _n==1
(433,303 observations deleted)

.         keep    iso_d

.         cross   using "$TEMP\square.dta"

.         save    "$TEMP\square.dta", replace
file d:/santoni/Dropbox//WW_other_projs/WB_2024/WB_GE/WB_DTA_Toolkit/1.data/temp\square.dta saved

. restore

. 
. merge 1:1 year iso_o iso_d using "$TEMP\square.dta", nogenerate

    Result                      Number of obs
    -----------------------------------------
    Not matched                       124,483
        from master                         0  
        from using                    124,483  

    Matched                           433,466  
    -----------------------------------------

. cap erase        "$TEMP\square.dta"

. 
. drop if iso_o == iso_d
(3,423 observations deleted)

. replace v = 0 if v==.
(121,060 real changes made)

. 
. ********************************************************************************
. 
end of do-file

. ********************************************************************************
. 
. merge m:1 iso_o iso_d year using "$RES//`iso'//temp/gravity_temp"

    Result                      Number of obs
    -----------------------------------------
    Not matched                       366,053
        from master                     8,736  (_merge==1)
        from using                    357,317  (_merge==2)

    Matched                           545,790  (_merge==3)
    -----------------------------------------

. drop if _m == 2
(357,317 observations deleted)

. drop _m

. 
. 
. 
. cap drop i

. cap drop j

. 
. egen i  = group(iso_o)

. egen j  = group(iso_d)

. 
. egen it = group(iso_o year)

. egen jt = group(iso_d year)

. 
. 
. bys jt: egen tx = total(v)

. 
. gen v_sh            =    v / tx
(4,374 missing values generated)

. gen ldist                       = ln( $dist )
(8,736 missing values generated)

. gen lv              = ln(v)
(121,060 missing values generated)

. 
. ********************************************************************************
. ********************************************************************************
. * PPML value
. 
. preserve

.         ppmlhdfe v   $covar  ,  absorb(   ppml_d_jt = jt ppml_d_it = it)  d maxiter(1000) acceleration(steep)
warning: dependent variable takes very low values after standardizing (2.0335e-10)
Iteration 1:   deviance = 2.8928e+11  eps = .         iters = 6    tol = 1.0e-04  min(eta) =  -5.36  P   
Iteration 2:   deviance = 1.6380e+11  eps = 7.66e-01  iters = 4    tol = 1.0e-04  min(eta) =  -7.01      
Iteration 3:   deviance = 1.3217e+11  eps = 2.39e-01  iters = 4    tol = 1.0e-04  min(eta) =  -8.75      
Iteration 4:   deviance = 1.2467e+11  eps = 6.01e-02  iters = 4    tol = 1.0e-04  min(eta) = -10.54      
Iteration 5:   deviance = 1.2315e+11  eps = 1.23e-02  iters = 3    tol = 1.0e-04  min(eta) = -12.27      
Iteration 6:   deviance = 1.2289e+11  eps = 2.18e-03  iters = 3    tol = 1.0e-04  min(eta) = -13.92      
Iteration 7:   deviance = 1.2284e+11  eps = 3.42e-04  iters = 2    tol = 1.0e-04  min(eta) = -15.51      
Iteration 8:   deviance = 1.2284e+11  eps = 5.16e-05  iters = 2    tol = 1.0e-04  min(eta) = -17.08      
Iteration 9:   deviance = 1.2284e+11  eps = 7.59e-06  iters = 2    tol = 1.0e-05  min(eta) = -18.15      
Iteration 10:  deviance = 1.2284e+11  eps = 8.51e-07  iters = 2    tol = 1.0e-06  min(eta) = -18.58   S  
Iteration 11:  deviance = 1.2284e+11  eps = 4.28e-08  iters = 2    tol = 1.0e-07  min(eta) = -18.64   S  
Iteration 12:  deviance = 1.2284e+11  eps = 7.45e-10  iters = 2    tol = 1.0e-08  min(eta) = -18.76   S  
Iteration 13:  deviance = 1.2284e+11  eps = 2.99e-12  iters = 3    tol = 1.0e-09  min(eta) = -18.77   S O
------------------------------------------------------------------------------------------------------------
(legend: p: exact partial-out   s: exact solver   h: step-halving   o: epsilon below tolerance)
Converged in 13 iterations and 39 HDFE sub-iterations (tol = 1.0e-08)

HDFE PPML regression                              No. of obs      =    545,790
Absorbing 2 HDFE groups                           Residual df     =    539,014
                                                  Wald chi2(5)    =   34961.45
Deviance             =  1.22836e+11               Prob > chi2     =     0.0000
Log pseudolikelihood = -6.14199e+10               Pseudo R2       =     0.9291
------------------------------------------------------------------------------
             |               Robust
           v | Coefficient  std. err.      z    P>|z|     [95% conf. interval]
-------------+----------------------------------------------------------------
       ldist |   -.680043   .0071788   -94.73   0.000    -.6941133   -.6659728
     fta_wto |   .3157319   .0145028    21.77   0.000      .287307    .3441568
      contig |   .4142745    .015888    26.07   0.000     .3831346    .4454144
      comcol |   .5845774   .0342992    17.04   0.000     .5173521    .6518027
         lpn |   .0734449   .0313139     2.35   0.019     .0120708    .1348189
       _cons |   21.24366   .0643385   330.19   0.000     21.11756    21.36976
------------------------------------------------------------------------------

Absorbed degrees of freedom:
-----------------------------------------------------+
 Absorbed FE | Categories  - Redundant  = Num. Coefs |
-------------+---------------------------------------|
          jt |      3396           0        3396     |
          it |      3396          21        3375     |
-----------------------------------------------------+

. 
.         replace   ppml_d_jt         =  exp(ppml_d_jt)
(545,790 real changes made)

.     drop if   ppml_d_jt         == .
(8,736 observations deleted)

. 
.         bys year: egen max_rca          =  max(ppml_d_jt)

.         gen             norm_IMRT           =  ppml_d_jt/max_rca

.         
.         
.      replace norm_IMRT          =  .   if norm_IMRT <= 0.000001
(0 real changes made)

.      drop if norm_IMRT          == .
(0 observations deleted)

.     
.         keep if year >= $ldate_bg1
(337,778 observations deleted)

.         
.         collapse (mean)    norm_IMRT  , by(iso_d)

.         rename iso_d iso3

.         merge m:1 iso3 using "$DATA/cty/TP_FAO_cty_year", keepusing(iso3)

    Result                      Number of obs
    -----------------------------------------
    Not matched                             4
        from master                         0  (_merge==1)
        from using                          4  (_merge==2)

    Matched                               162  (_merge==3)
    -----------------------------------------

.         keep    if _m == 3
(4 observations deleted)

.         drop    _m 

. 
.         gsort   -norm

.         gen             rank = _n

.         drop    norm

.         keep    if rank <= 30
(132 observations deleted)

.         
.         gen             estimation      = "PPML value"

.         gen             item            = "demand"

.         save "$RES//`iso'//temp/norm_IMRT_ppml", replace
(file d:/santoni/Dropbox//WW_other_projs/WB_2024/WB_GE/WB_DTA_Toolkit/2.res/toolkit//CYP//temp/norm_IMRT_ppml.dta not found)
file d:/santoni/Dropbox//WW_other_projs/WB_2024/WB_GE/WB_DTA_Toolkit/2.res/toolkit//CYP//temp/norm_IMRT_ppml.dta saved

. restore

. 
. 
. ********************************************************************************
. ********************************************************************************
. * 1b) Inward MRT - intermediate products
. 
. 
. use "$RES//`iso'//temp/est_sample_imrt_int_k", replace

. 
. 
. ********************************************************************************
. do      "$PROG_rta_stat/p1b_square"

. 
. ********************************************************************************
. 
. preserve

.         bys year: keep if _n==1
(404,859 observations deleted)

.         keep year

.         save "$TEMP\square", replace
(file d:/santoni/Dropbox//WW_other_projs/WB_2024/WB_GE/WB_DTA_Toolkit/1.data/temp\square.dta not found)
file d:/santoni/Dropbox//WW_other_projs/WB_2024/WB_GE/WB_DTA_Toolkit/1.data/temp\square.dta saved

. restore

. 
. 
. preserve

.         bys     iso_o: keep if _n==1
(404,717 observations deleted)

.         keep    iso_o

.         cross using "$TEMP\square.dta"

.         save "$TEMP\square.dta", replace
file d:/santoni/Dropbox//WW_other_projs/WB_2024/WB_GE/WB_DTA_Toolkit/1.data/temp\square.dta saved

. restore

. 
. 
. preserve

.         bys     iso_d: keep if _n==1
(404,717 observations deleted)

.         keep    iso_d

.         cross   using "$TEMP\square.dta"

.         save    "$TEMP\square.dta", replace
file d:/santoni/Dropbox//WW_other_projs/WB_2024/WB_GE/WB_DTA_Toolkit/1.data/temp\square.dta saved

. restore

. 
. merge 1:1 year iso_o iso_d using "$TEMP\square.dta", nogenerate

    Result                      Number of obs
    -----------------------------------------
    Not matched                       153,069
        from master                         0  
        from using                    153,069  

    Matched                           404,880  
    -----------------------------------------

. cap erase        "$TEMP\square.dta"

. 
. drop if iso_o == iso_d
(3,423 observations deleted)

. replace v = 0 if v==.
(149,646 real changes made)

. 
. ********************************************************************************
. 
end of do-file

. ********************************************************************************
. 
. merge m:1 iso_o iso_d year using "$RES//`iso'//temp/gravity_temp"

    Result                      Number of obs
    -----------------------------------------
    Not matched                       366,053
        from master                     8,736  (_merge==1)
        from using                    357,317  (_merge==2)

    Matched                           545,790  (_merge==3)
    -----------------------------------------

. drop if _m == 2
(357,317 observations deleted)

. drop _m

. 
. 
. 
. cap drop i

. cap drop j

. 
. egen i  = group(iso_o)

. egen j  = group(iso_d)

. 
. egen it = group(iso_o year)

. egen jt = group(iso_d year)

. 
. 
. bys jt: egen tx = total(v)

. 
. gen v_sh            =    v / tx
(4,374 missing values generated)

. gen ldist                       = ln( $dist )
(8,736 missing values generated)

. gen lv              = ln(v)
(149,646 missing values generated)

. 
. ********************************************************************************
. ********************************************************************************
. * PPML value
. 
. preserve

.         ppmlhdfe v   $covar  ,  absorb(   ppml_d_jt = jt ppml_d_it = it)  d maxiter(1000) acceleration(steep)
warning: dependent variable takes very low values after standardizing (3.0948e-10)
Iteration 1:   deviance = 2.1470e+11  eps = .         iters = 6    tol = 1.0e-04  min(eta) =  -5.35  P   
Iteration 2:   deviance = 1.2536e+11  eps = 7.13e-01  iters = 4    tol = 1.0e-04  min(eta) =  -7.00      
Iteration 3:   deviance = 1.0255e+11  eps = 2.22e-01  iters = 4    tol = 1.0e-04  min(eta) =  -8.81      
Iteration 4:   deviance = 9.6933e+10  eps = 5.80e-02  iters = 4    tol = 1.0e-04  min(eta) = -10.63      
Iteration 5:   deviance = 9.5728e+10  eps = 1.26e-02  iters = 3    tol = 1.0e-04  min(eta) = -12.41      
Iteration 6:   deviance = 9.5500e+10  eps = 2.39e-03  iters = 3    tol = 1.0e-04  min(eta) = -14.10      
Iteration 7:   deviance = 9.5461e+10  eps = 4.10e-04  iters = 2    tol = 1.0e-04  min(eta) = -15.55      
Iteration 8:   deviance = 9.5455e+10  eps = 6.69e-05  iters = 2    tol = 1.0e-04  min(eta) = -17.15      
Iteration 9:   deviance = 9.5454e+10  eps = 1.12e-05  iters = 2    tol = 1.0e-05  min(eta) = -18.46      
Iteration 10:  deviance = 9.5454e+10  eps = 1.62e-06  iters = 1    tol = 1.0e-05  min(eta) = -19.33   S  
Iteration 11:  deviance = 9.5454e+10  eps = 1.55e-07  iters = 1    tol = 1.0e-06  min(eta) = -19.84   S  
Iteration 12:  deviance = 9.5454e+10  eps = 6.05e-09  iters = 2    tol = 1.0e-07  min(eta) = -20.02   S  
Iteration 13:  deviance = 9.5454e+10  eps = 2.99e-11  iters = 3    tol = 1.0e-08  min(eta) = -20.04   S  
Iteration 14:  deviance = 9.5454e+10  eps = 1.60e-15  iters = 2    tol = 1.0e-09  min(eta) = -20.04   S O
------------------------------------------------------------------------------------------------------------
(legend: p: exact partial-out   s: exact solver   h: step-halving   o: epsilon below tolerance)
Converged in 14 iterations and 39 HDFE sub-iterations (tol = 1.0e-08)

HDFE PPML regression                              No. of obs      =    545,790
Absorbing 2 HDFE groups                           Residual df     =    539,014
                                                  Wald chi2(5)    =   30554.58
Deviance             =  9.54535e+10               Prob > chi2     =     0.0000
Log pseudolikelihood = -4.77287e+10               Pseudo R2       =     0.9179
------------------------------------------------------------------------------
             |               Robust
           v | Coefficient  std. err.      z    P>|z|     [95% conf. interval]
-------------+----------------------------------------------------------------
       ldist |  -.6660056    .007828   -85.08   0.000    -.6813481    -.650663
     fta_wto |   .3439582    .016048    21.43   0.000     .3125046    .3754118
      contig |   .4382091   .0173162    25.31   0.000       .40427    .4721483
      comcol |   .5323738   .0389569    13.67   0.000     .4560197    .6087278
         lpn |   .1000155   .0328058     3.05   0.002     .0357174    .1643136
       _cons |   20.73145   .0702351   295.17   0.000     20.59379    20.86911
------------------------------------------------------------------------------

Absorbed degrees of freedom:
-----------------------------------------------------+
 Absorbed FE | Categories  - Redundant  = Num. Coefs |
-------------+---------------------------------------|
          jt |      3396           0        3396     |
          it |      3396          21        3375     |
-----------------------------------------------------+

. 
.         replace   ppml_d_jt           = exp(ppml_d_jt)
(545,790 real changes made)

.     drop if   ppml_d_jt           == .
(8,736 observations deleted)

.         bys year: egen max_rca            = max(ppml_d_jt)

.                   gen           norm_IMRT = ppml_d_jt/max_rca

.         
.             replace norm_IMRT          =  .   if norm_IMRT <= 0.000001
(0 real changes made)

.        drop if norm_IMRT          == .
(0 observations deleted)

. 
.         keep if year >= $ldate_bg1
(337,778 observations deleted)

.         
.         collapse (mean)    norm_IMRT  , by(iso_d)

.         rename iso_d iso3

. 
.         merge m:1 iso3 using "$DATA/cty/TP_FAO_cty_year", keepusing(iso3)

    Result                      Number of obs
    -----------------------------------------
    Not matched                             4
        from master                         0  (_merge==1)
        from using                          4  (_merge==2)

    Matched                               162  (_merge==3)
    -----------------------------------------

.         keep    if _m == 3
(4 observations deleted)

.         drop    _m 

. 
.         gsort   -norm

.         gen             rank = _n

.         drop    norm

.         keep    if rank <= 30
(132 observations deleted)

.         
.         gen             estimation      = "PPML value"

.         gen             item            = "demand int good"

.         save "$RES//`iso'//temp/norm_IMRT_int_ppml", replace
(file d:/santoni/Dropbox//WW_other_projs/WB_2024/WB_GE/WB_DTA_Toolkit/2.res/toolkit//CYP//temp/norm_IMRT_int_ppml.dta not found)
file d:/santoni/Dropbox//WW_other_projs/WB_2024/WB_GE/WB_DTA_Toolkit/2.res/toolkit//CYP//temp/norm_IMRT_int_ppml.dta saved

. restore

. 
. 
. ********************************************************************************
. ********************************************************************************
. * 2) CTY IMPORT SIDE:
. 
. use "$RES//`iso'//temp/trade_baci_cty", clear

. 
. rename t year

. 
. 
. preserve

. 
.         keep if year >= $ldate_bg1
(107,594,443 observations deleted)

. 
. 
.         keep if iso_d == "`iso'"
(80,040,258 observations deleted)

.         
.         collapse (sum) v , by(iso_d k  year)

.         keep if v >= 100
(14,912 observations deleted)

.         
.         bys     k: keep if _n ==1
(18,288 observations deleted)

.         keep    k

.         save    "$RES//`iso'//temp/k_list_M", replace
(file d:/santoni/Dropbox//WW_other_projs/WB_2024/WB_GE/WB_DTA_Toolkit/2.res/toolkit//CYP//temp/k_list_M.dta not found)
file d:/santoni/Dropbox//WW_other_projs/WB_2024/WB_GE/WB_DTA_Toolkit/2.res/toolkit//CYP//temp/k_list_M.dta saved

. restore

. 
. 
. merge   m:1             k       using   "$RES//`iso'//temp/k_list_M"

    Result                      Number of obs
    -----------------------------------------
    Not matched                    23,803,695
        from master                23,803,695  (_merge==1)
        from using                          0  (_merge==2)

    Matched                       164,323,736  (_merge==3)
    -----------------------------------------

. 
. keep    if _m == 3
(23,803,695 observations deleted)

. drop    _m

. 
. ********************************************************************************
. ********************************************************************************
. * Select sample for gravity estimation: using appropriate UN correspondance 
. if "$baci_version"        == "BACI_HS02_V202401b" {
. preserve
. import excel "$DATA/class/HS2012-17-BEC5_08_Nov_2018.xlsx", sheet("HS12BEC5") firstrow clear
(30 vars, 5,205 obs)
.  keep HS6 BEC5EndUse BEC4ENDUSE BEC4INT BEC4CONS BEC4CAP
.  destring BEC4INT , replace force
BEC4INT: all characters numeric; replaced as double
(14 missing values generated)
.  destring BEC4CONS, replace force
BEC4CONS: all characters numeric; replaced as double
(14 missing values generated)
.  destring BEC4CAP , replace force 
BEC4CAP: all characters numeric; replaced as double
(14 missing values generated)
.  duplicates drop 

Duplicates in terms of all variables

(0 observations are duplicates)
.  save   "$TEMP/k_BEC4", replace
file d:/santoni/Dropbox//WW_other_projs/WB_2024/WB_GE/WB_DTA_Toolkit/1.data/temp/k_BEC4.dta saved
. 
. ********************************************************************************
. ******************************************************************************** 
. 
. import excel "$DATA/class/HS 2012 to HS 2002 Correlation and conversion tables.xls", sheet("Conversion HS 2012-HS 2002") cellrange(C7:D5213) firstrow clear
(2 vars, 5,206 obs)
. rename HS2012 HS6
. merge 1:1 HS6 using "$TEMP/k_BEC4"

    Result                      Number of obs
    -----------------------------------------
    Not matched                             1
        from master                         1  (_merge==1)
        from using                          0  (_merge==2)

    Matched                             5,205  (_merge==3)
    -----------------------------------------
. keep if _m == 3
(1 observation deleted)
. drop _m
. 
. rename HS2002 k
. destring k, replace force
k: all characters numeric; replaced as long
. cap drop if k == .
. 
. collapse (mean) BEC4INT BEC4CONS BEC4CAP, by(k)
. 
. gen stade3 = "I" if ((BEC4INT + BEC4CAP) >  BEC4CONS )
(1,256 missing values generated)
. 
. keep stade3 k
. save    "$TEMP/k_BEC", replace
file d:/santoni/Dropbox//WW_other_projs/WB_2024/WB_GE/WB_DTA_Toolkit/1.data/temp/k_BEC.dta saved
. restore
. }

. 
. ********************************************************************************
. ******************************************************************************** 
. 
. merge   m:1     k                       using   "$TEMP/k_BEC"

    Result                      Number of obs
    -----------------------------------------
    Not matched                       672,351
        from master                   670,919  (_merge==1)
        from using                      1,432  (_merge==2)

    Matched                       163,652,817  (_merge==3)
    -----------------------------------------

. drop if _m == 2
(1,432 observations deleted)

. drop _m 

. 
. 
. preserve        

.         keep if stade3 == "I"
(59,362,290 observations deleted)

.         collapse (sum) v, by(iso_o iso_d year)

.         compress
  (0 bytes saved)

.         save "$RES//`iso'//temp/est_sample_omrt_int_k", replace
(file d:/santoni/Dropbox//WW_other_projs/WB_2024/WB_GE/WB_DTA_Toolkit/2.res/toolkit//CYP//temp/est_sample_omrt_int_k.dta not found)
file d:/santoni/Dropbox//WW_other_projs/WB_2024/WB_GE/WB_DTA_Toolkit/2.res/toolkit//CYP//temp/est_sample_omrt_int_k.dta saved

. restore

. 
. collapse (sum) v, by(iso_o iso_d year)

. compress
  (0 bytes saved)

. 
.         save "$RES//`iso'//temp/est_sample_omrt", replace
(file d:/santoni/Dropbox//WW_other_projs/WB_2024/WB_GE/WB_DTA_Toolkit/2.res/toolkit//CYP//temp/est_sample_omrt.dta not found)
file d:/santoni/Dropbox//WW_other_projs/WB_2024/WB_GE/WB_DTA_Toolkit/2.res/toolkit//CYP//temp/est_sample_omrt.dta saved

.         
. ********************************************************************************
. ********************************************************************************
. * 1a) Inward MRT - all products
. 
. use "$RES//`iso'//temp/est_sample_omrt", replace

. 
. 
. ********************************************************************************
. do      "$PROG_rta_stat/p1b_square"

. 
. ********************************************************************************
. 
. preserve

.         bys year: keep if _n==1
(438,260 observations deleted)

.         keep year

.         save "$TEMP\square", replace
(file d:/santoni/Dropbox//WW_other_projs/WB_2024/WB_GE/WB_DTA_Toolkit/1.data/temp\square.dta not found)
file d:/santoni/Dropbox//WW_other_projs/WB_2024/WB_GE/WB_DTA_Toolkit/1.data/temp\square.dta saved

. restore

. 
. 
. preserve

.         bys     iso_o: keep if _n==1
(438,118 observations deleted)

.         keep    iso_o

.         cross using "$TEMP\square.dta"

.         save "$TEMP\square.dta", replace
file d:/santoni/Dropbox//WW_other_projs/WB_2024/WB_GE/WB_DTA_Toolkit/1.data/temp\square.dta saved

. restore

. 
. 
. preserve

.         bys     iso_d: keep if _n==1
(438,118 observations deleted)

.         keep    iso_d

.         cross   using "$TEMP\square.dta"

.         save    "$TEMP\square.dta", replace
file d:/santoni/Dropbox//WW_other_projs/WB_2024/WB_GE/WB_DTA_Toolkit/1.data/temp\square.dta saved

. restore

. 
. merge 1:1 year iso_o iso_d using "$TEMP\square.dta", nogenerate

    Result                      Number of obs
    -----------------------------------------
    Not matched                       119,668
        from master                         0  
        from using                    119,668  

    Matched                           438,281  
    -----------------------------------------

. cap erase        "$TEMP\square.dta"

. 
. drop if iso_o == iso_d
(3,423 observations deleted)

. replace v = 0 if v==.
(116,245 real changes made)

. 
. ********************************************************************************
. 
end of do-file

. ********************************************************************************
. 
. 
. merge m:1 iso_o iso_d year using "$RES//`iso'//temp/gravity_temp" 

    Result                      Number of obs
    -----------------------------------------
    Not matched                       366,053
        from master                     8,736  (_merge==1)
        from using                    357,317  (_merge==2)

    Matched                           545,790  (_merge==3)
    -----------------------------------------

. drop if _m == 2
(357,317 observations deleted)

. drop _m

. 
. 
. 
. cap drop i

. cap drop j

. 
. egen i  = group(iso_o)

. egen j  = group(iso_d)

. 
. egen it = group(iso_o year)

. egen jt = group(iso_d year)

. 
. 
. bys jt: egen tx = total(v)

. 
. gen v_sh            =    v / tx
(4,374 missing values generated)

. gen ldist                       = ln( $dist )
(8,736 missing values generated)

. gen lv              = ln(v)
(116,245 missing values generated)

. 
. ********************************************************************************
. ********************************************************************************
. * PPML value
. 
. preserve

.         ppmlhdfe v   $covar  ,  absorb(   ppml_d_jt = jt ppml_d_it = it)  d maxiter(1000) acceleration(steep)
warning: dependent variable takes very low values after standardizing (1.8631e-10)
Iteration 1:   deviance = 3.0665e+11  eps = .         iters = 5    tol = 1.0e-04  min(eta) =  -5.35  P   
Iteration 2:   deviance = 1.7128e+11  eps = 7.90e-01  iters = 4    tol = 1.0e-04  min(eta) =  -7.00      
Iteration 3:   deviance = 1.3695e+11  eps = 2.51e-01  iters = 4    tol = 1.0e-04  min(eta) =  -8.75      
Iteration 4:   deviance = 1.2880e+11  eps = 6.33e-02  iters = 4    tol = 1.0e-04  min(eta) = -10.53      
Iteration 5:   deviance = 1.2715e+11  eps = 1.30e-02  iters = 3    tol = 1.0e-04  min(eta) = -12.27      
Iteration 6:   deviance = 1.2686e+11  eps = 2.26e-03  iters = 3    tol = 1.0e-04  min(eta) = -13.87      
Iteration 7:   deviance = 1.2682e+11  eps = 3.49e-04  iters = 2    tol = 1.0e-04  min(eta) = -15.51      
Iteration 8:   deviance = 1.2681e+11  eps = 5.00e-05  iters = 2    tol = 1.0e-04  min(eta) = -17.07      
Iteration 9:   deviance = 1.2681e+11  eps = 6.80e-06  iters = 2    tol = 1.0e-05  min(eta) = -18.11      
Iteration 10:  deviance = 1.2681e+11  eps = 6.68e-07  iters = 2    tol = 1.0e-06  min(eta) = -18.51   S  
Iteration 11:  deviance = 1.2681e+11  eps = 2.72e-08  iters = 2    tol = 1.0e-07  min(eta) = -18.55   S  
Iteration 12:  deviance = 1.2681e+11  eps = 3.81e-10  iters = 2    tol = 1.0e-08  min(eta) = -18.58   S  
Iteration 13:  deviance = 1.2681e+11  eps = 7.82e-13  iters = 3    tol = 1.0e-09  min(eta) = -18.58   S O
------------------------------------------------------------------------------------------------------------
(legend: p: exact partial-out   s: exact solver   h: step-halving   o: epsilon below tolerance)
Converged in 13 iterations and 38 HDFE sub-iterations (tol = 1.0e-08)

HDFE PPML regression                              No. of obs      =    545,790
Absorbing 2 HDFE groups                           Residual df     =    539,014
                                                  Wald chi2(5)    =   37472.39
Deviance             =  1.26809e+11               Prob > chi2     =     0.0000
Log pseudolikelihood = -6.34066e+10               Pseudo R2       =     0.9331
------------------------------------------------------------------------------
             |               Robust
           v | Coefficient  std. err.      z    P>|z|     [95% conf. interval]
-------------+----------------------------------------------------------------
       ldist |  -.6920102   .0069643   -99.37   0.000    -.7056599   -.6783604
     fta_wto |   .3148917   .0140603    22.40   0.000      .287334    .3424494
      contig |    .412425   .0153449    26.88   0.000     .3823495    .4425005
      comcol |    .570501    .033388    17.09   0.000     .5050617    .6359404
         lpn |   .0785983   .0304907     2.58   0.010     .0188377    .1383589
       _cons |   21.42606   .0623609   343.58   0.000     21.30384    21.54829
------------------------------------------------------------------------------

Absorbed degrees of freedom:
-----------------------------------------------------+
 Absorbed FE | Categories  - Redundant  = Num. Coefs |
-------------+---------------------------------------|
          jt |      3396           0        3396     |
          it |      3396          21        3375     |
-----------------------------------------------------+

. 
.         replace   ppml_d_it         = exp(ppml_d_it)
(545,790 real changes made)

.     drop if   ppml_d_it         == .
(8,736 observations deleted)

. 
.         bys year: egen max_rca          = max(ppml_d_it)

.                  gen  norm_IMRT     = ppml_d_it/max_rca

.         
.        replace norm_IMRT        =  .   if norm_IMRT <= 0.000001
(0 real changes made)

.        drop if norm_IMRT        == .
(0 observations deleted)

. 
.         keep if year >= $ldate_bg1
(337,778 observations deleted)

.         
.         collapse (mean)    norm_IMRT  , by(iso_o)

.         rename iso_o iso3

. 
.         merge m:1 iso3 using "$DATA/cty/TP_FAO_cty_year", keepusing(iso3)

    Result                      Number of obs
    -----------------------------------------
    Not matched                             4
        from master                         0  (_merge==1)
        from using                          4  (_merge==2)

    Matched                               162  (_merge==3)
    -----------------------------------------

.         keep    if _m == 3
(4 observations deleted)

.         drop    _m 

. 
.         gsort   -norm

.         gen             rank = _n

.         drop    norm

.         keep    if rank <= 30
(132 observations deleted)

.         
.         gen             estimation      = "PPML value"

.         gen             item            = "supply"

.         save "$RES//`iso'//temp/norm_OMRT_ppml", replace
(file d:/santoni/Dropbox//WW_other_projs/WB_2024/WB_GE/WB_DTA_Toolkit/2.res/toolkit//CYP//temp/norm_OMRT_ppml.dta not found)
file d:/santoni/Dropbox//WW_other_projs/WB_2024/WB_GE/WB_DTA_Toolkit/2.res/toolkit//CYP//temp/norm_OMRT_ppml.dta saved

. restore

. 
. ********************************************************************************
. ********************************************************************************
. * 1b) Inward MRT - intermediate products
. 
. use "$RES//`iso'//temp/est_sample_omrt_int_k", replace

. 
. 
. ********************************************************************************
. do      "$PROG_rta_stat/p1b_square"

. 
. ********************************************************************************
. 
. preserve

.         bys year: keep if _n==1
(410,847 observations deleted)

.         keep year

.         save "$TEMP\square", replace
(file d:/santoni/Dropbox//WW_other_projs/WB_2024/WB_GE/WB_DTA_Toolkit/1.data/temp\square.dta not found)
file d:/santoni/Dropbox//WW_other_projs/WB_2024/WB_GE/WB_DTA_Toolkit/1.data/temp\square.dta saved

. restore

. 
. 
. preserve

.         bys     iso_o: keep if _n==1
(410,705 observations deleted)

.         keep    iso_o

.         cross using "$TEMP\square.dta"

.         save "$TEMP\square.dta", replace
file d:/santoni/Dropbox//WW_other_projs/WB_2024/WB_GE/WB_DTA_Toolkit/1.data/temp\square.dta saved

. restore

. 
. 
. preserve

.         bys     iso_d: keep if _n==1
(410,705 observations deleted)

.         keep    iso_d

.         cross   using "$TEMP\square.dta"

.         save    "$TEMP\square.dta", replace
file d:/santoni/Dropbox//WW_other_projs/WB_2024/WB_GE/WB_DTA_Toolkit/1.data/temp\square.dta saved

. restore

. 
. merge 1:1 year iso_o iso_d using "$TEMP\square.dta", nogenerate

    Result                      Number of obs
    -----------------------------------------
    Not matched                       147,081
        from master                         0  
        from using                    147,081  

    Matched                           410,868  
    -----------------------------------------

. cap erase        "$TEMP\square.dta"

. 
. drop if iso_o == iso_d
(3,423 observations deleted)

. replace v = 0 if v==.
(143,658 real changes made)

. 
. ********************************************************************************
. 
end of do-file

. ********************************************************************************
. 
. merge m:1 iso_o iso_d year using "$RES//`iso'//temp/gravity_temp"

    Result                      Number of obs
    -----------------------------------------
    Not matched                       366,053
        from master                     8,736  (_merge==1)
        from using                    357,317  (_merge==2)

    Matched                           545,790  (_merge==3)
    -----------------------------------------

. drop if _m == 2
(357,317 observations deleted)

. drop _m

. 
. 
. 
. cap drop i

. cap drop j

. 
. egen i  = group(iso_o)

. egen j  = group(iso_d)

. 
. egen it = group(iso_o year)

. egen jt = group(iso_d year)

. 
. 
. bys jt: egen tx = total(v)

. 
. gen v_sh            =    v / tx
(4,374 missing values generated)

. gen ldist                       = ln( $dist )
(8,736 missing values generated)

. gen lv              = ln(v)
(143,658 missing values generated)

. 
. ********************************************************************************
. ********************************************************************************
. * PPML value
. 
. preserve

.         ppmlhdfe v   $covar  ,  absorb(   ppml_d_jt = jt ppml_d_it = it)  d maxiter(1000) acceleration(steep)
warning: dependent variable takes very low values after standardizing (2.7862e-10)
Iteration 1:   deviance = 2.2888e+11  eps = .         iters = 6    tol = 1.0e-04  min(eta) =  -5.34  P   
Iteration 2:   deviance = 1.3159e+11  eps = 7.39e-01  iters = 4    tol = 1.0e-04  min(eta) =  -7.00      
Iteration 3:   deviance = 1.0654e+11  eps = 2.35e-01  iters = 4    tol = 1.0e-04  min(eta) =  -8.80      
Iteration 4:   deviance = 1.0036e+11  eps = 6.16e-02  iters = 4    tol = 1.0e-04  min(eta) = -10.63      
Iteration 5:   deviance = 9.9038e+10  eps = 1.33e-02  iters = 3    tol = 1.0e-04  min(eta) = -12.40      
Iteration 6:   deviance = 9.8789e+10  eps = 2.52e-03  iters = 3    tol = 1.0e-04  min(eta) = -14.11      
Iteration 7:   deviance = 9.8746e+10  eps = 4.32e-04  iters = 2    tol = 1.0e-04  min(eta) = -15.54      
Iteration 8:   deviance = 9.8739e+10  eps = 7.25e-05  iters = 2    tol = 1.0e-04  min(eta) = -17.18      
Iteration 9:   deviance = 9.8738e+10  eps = 1.23e-05  iters = 2    tol = 1.0e-05  min(eta) = -18.50      
Iteration 10:  deviance = 9.8738e+10  eps = 1.77e-06  iters = 1    tol = 1.0e-05  min(eta) = -19.39   S  
Iteration 11:  deviance = 9.8738e+10  eps = 1.68e-07  iters = 1    tol = 1.0e-06  min(eta) = -19.90   S  
Iteration 12:  deviance = 9.8738e+10  eps = 6.61e-09  iters = 2    tol = 1.0e-07  min(eta) = -20.09   S  
Iteration 13:  deviance = 9.8738e+10  eps = 3.78e-11  iters = 3    tol = 1.0e-08  min(eta) = -20.11   S  
Iteration 14:  deviance = 9.8738e+10  eps = 3.31e-15  iters = 2    tol = 1.0e-09  min(eta) = -20.11   S O
------------------------------------------------------------------------------------------------------------
(legend: p: exact partial-out   s: exact solver   h: step-halving   o: epsilon below tolerance)
Converged in 14 iterations and 39 HDFE sub-iterations (tol = 1.0e-08)

HDFE PPML regression                              No. of obs      =    545,790
Absorbing 2 HDFE groups                           Residual df     =    539,014
                                                  Wald chi2(5)    =   33867.35
Deviance             =  9.87378e+10               Prob > chi2     =     0.0000
Log pseudolikelihood = -4.93709e+10               Pseudo R2       =     0.9238
------------------------------------------------------------------------------
             |               Robust
           v | Coefficient  std. err.      z    P>|z|     [95% conf. interval]
-------------+----------------------------------------------------------------
       ldist |  -.6815683   .0075038   -90.83   0.000    -.6962754   -.6668611
     fta_wto |   .3420622   .0153256    22.32   0.000     .3120246    .3720999
      contig |   .4334118   .0164186    26.40   0.000      .401232    .4655916
      comcol |   .5216398   .0376553    13.85   0.000     .4478367    .5954429
         lpn |   .1106984   .0314146     3.52   0.000      .049127    .1722699
       _cons |   20.95433   .0672515   311.58   0.000     20.82252    21.08614
------------------------------------------------------------------------------

Absorbed degrees of freedom:
-----------------------------------------------------+
 Absorbed FE | Categories  - Redundant  = Num. Coefs |
-------------+---------------------------------------|
          jt |      3396           0        3396     |
          it |      3396          21        3375     |
-----------------------------------------------------+

. 
.         
.         replace   ppml_d_it         = exp(ppml_d_it)
(545,790 real changes made)

.     drop if   ppml_d_it         == .
(8,736 observations deleted)

. 
.         bys year: egen max_rca          = max(ppml_d_it)

.                  gen  norm_IMRT     = ppml_d_it/max_rca

.         
.        replace norm_IMRT        =  .   if norm_IMRT <= 0.000001
(0 real changes made)

.        drop if norm_IMRT        == .
(0 observations deleted)

.         
.         keep if year                            >= $ldate_bg1
(337,778 observations deleted)

.         
.         collapse (mean)    norm_IMRT  , by(iso_o)

.         rename iso_o iso3

. 
.         merge m:1 iso3 using "$DATA/cty/TP_FAO_cty_year", keepusing(iso3)

    Result                      Number of obs
    -----------------------------------------
    Not matched                             4
        from master                         0  (_merge==1)
        from using                          4  (_merge==2)

    Matched                               162  (_merge==3)
    -----------------------------------------

.         keep    if _m == 3
(4 observations deleted)

.         drop    _m 

. 
.         gsort   -norm

.         
.         gen             rank = _n

.         drop    norm

.         keep    if rank <= 30
(132 observations deleted)

.         
.         gen             estimation      = "PPML value"

.         gen             item            = "supply int good"

.         save "$RES//`iso'//temp/norm_OMRT_int_ppml", replace
(file d:/santoni/Dropbox//WW_other_projs/WB_2024/WB_GE/WB_DTA_Toolkit/2.res/toolkit//CYP//temp/norm_OMRT_int_ppml.dta not found)
file d:/santoni/Dropbox//WW_other_projs/WB_2024/WB_GE/WB_DTA_Toolkit/2.res/toolkit//CYP//temp/norm_OMRT_int_ppml.dta saved

. restore

. 
. 
. ********************************************************************************
. ********************************************************************************
. ********************************************************************************
. 
. * 3) Export a table of results
. 
. use                                     "$RES//`iso'//temp/norm_IMRT_ppml", clear

. 
. append  using                   "$RES//`iso'//temp/norm_IMRT_int_ppml"
(variable item was str6, now str15 to accommodate using data's values)

. 
. append  using                   "$RES//`iso'//temp/norm_OMRT_ppml"

. 
. append  using                   "$RES//`iso'//temp/norm_OMRT_int_ppml"

. 
. merge   m:1 iso3        using   "$RES//`iso'//temp/temp_regio"

    Result                      Number of obs
    -----------------------------------------
    Not matched                           132
        from master                         0  (_merge==1)
        from using                        132  (_merge==2)

    Matched                               120  (_merge==3)
    -----------------------------------------

. keep if _m == 3
(132 observations deleted)

. drop    _m

. 
. 
. rename iso3 iso_d

. 
. merge   m:1 iso_d        using "$RES//`iso'//temp/RTA_cty", keepus(agreem $kmean_alg )

    Result                      Number of obs
    -----------------------------------------
    Not matched                           116
        from master                        49  (_merge==1)
        from using                         67  (_merge==2)

    Matched                                71  (_merge==3)
    -----------------------------------------

. drop    if _m == 2
(67 observations deleted)

. drop      _m

. 
. sort item estimation rank

. 
. rename iso_d iso

. 
. save                            "$RES//`iso'//RTA_to_sign.dta", replace
(file d:/santoni/Dropbox//WW_other_projs/WB_2024/WB_GE/WB_DTA_Toolkit/2.res/toolkit//CYP//RTA_to_sign.dta not found)
file d:/santoni/Dropbox//WW_other_projs/WB_2024/WB_GE/WB_DTA_Toolkit/2.res/toolkit//CYP//RTA_to_sign.dta saved

. 
. ********************************************************************************
. * Add market shares: 
. 
. use                     "$RES//`iso'//RTA_to_sign.dta", clear

. keep            iso

. drop    if      iso == "`iso'"
(0 observations deleted)

. bys iso:        keep if _n == 1
(86 observations deleted)

. save            "$RES//`iso'//temp/cty_in_RTA_to_sign.dta", replace
(file d:/santoni/Dropbox//WW_other_projs/WB_2024/WB_GE/WB_DTA_Toolkit/2.res/toolkit//CYP//temp/cty_in_RTA_to_sign.dta not found)
file d:/santoni/Dropbox//WW_other_projs/WB_2024/WB_GE/WB_DTA_Toolkit/2.res/toolkit//CYP//temp/cty_in_RTA_to_sign.dta saved

. 
. ********************************************************************************
. ********************************************************************************
. 
. use "$RES//`iso'//temp/trade_baci_cty", clear

. 
. rename t year

. keep if year >= $ldate_bg1
(107,594,443 observations deleted)

. 
. keep if iso_d == "`iso'"
(80,040,258 observations deleted)

. 
. collapse (sum) v, by(  iso_o iso_d year)

.          
. bys year iso_d: egen                    M = total(v)

. gen     m_mkts_sh   =   v/M

.         
. collapse (mean) m_mkts_sh, by(iso_o)

. 
. rename  iso_o iso

. save    "$RES//`iso'//temp/mkt_sh_M.dta", replace
(file d:/santoni/Dropbox//WW_other_projs/WB_2024/WB_GE/WB_DTA_Toolkit/2.res/toolkit//CYP//temp/mkt_sh_M.dta not found)
file d:/santoni/Dropbox//WW_other_projs/WB_2024/WB_GE/WB_DTA_Toolkit/2.res/toolkit//CYP//temp/mkt_sh_M.dta saved

. 
. 
. ********************************************************************************
. ********************************************************************************
. 
. use "$RES//`iso'//temp/trade_baci_cty", clear

. 
. rename t year

. keep if year >= $ldate_bg1
(107,594,443 observations deleted)

. 
. keep if iso_o == "`iso'"
(80,343,352 observations deleted)

. 
. collapse (sum) v, by(iso_o iso_d year)

.          
. bys year iso_o: egen                    X = total(v)

. gen     x_mkts_sh   =   v/X

.         
. collapse (mean) x_mkts_sh, by(iso_d)

.                                         
. rename  iso_d iso

. 
. merge   1:1             iso     using           "$RES//`iso'//temp/mkt_sh_M.dta"

    Result                      Number of obs
    -----------------------------------------
    Not matched                             2
        from master                         2  (_merge==1)
        from using                          0  (_merge==2)

    Matched                               159  (_merge==3)
    -----------------------------------------

. 
. replace         x_mkts_sh = 0 if _m == 2                                        
(0 real changes made)

. replace         m_mkts_sh = 0 if _m == 1                        
(2 real changes made)

.                                         
. drop            _m

. 
. merge   1:1             iso     using           "$RES//`iso'//temp/cty_in_RTA_to_sign.dta"

    Result                      Number of obs
    -----------------------------------------
    Not matched                           127
        from master                       127  (_merge==1)
        from using                          0  (_merge==2)

    Matched                                34  (_merge==3)
    -----------------------------------------

. keep    if      _m == 3                                 
(127 observations deleted)

. drop            _m

. 
. save    "$RES//`iso'//temp/mkt_sh.dta", replace
(file d:/santoni/Dropbox//WW_other_projs/WB_2024/WB_GE/WB_DTA_Toolkit/2.res/toolkit//CYP//temp/mkt_sh.dta not found)
file d:/santoni/Dropbox//WW_other_projs/WB_2024/WB_GE/WB_DTA_Toolkit/2.res/toolkit//CYP//temp/mkt_sh.dta saved

.                                         
. ********************************************************************************
. 
. use                     "$RES//`iso'//RTA_to_sign.dta", clear

.                                 
. merge           m:1             iso     using           "$RES//`iso'//temp/mkt_sh.dta"          

    Result                      Number of obs
    -----------------------------------------
    Not matched                             0
    Matched                               120  (_merge==3)
    -----------------------------------------

. drop            _m

.                                         
. sort item estimation rank

. save                            "$RES//`iso'//RTA_to_sign.dta", replace
file d:/santoni/Dropbox//WW_other_projs/WB_2024/WB_GE/WB_DTA_Toolkit/2.res/toolkit//CYP//RTA_to_sign.dta saved

. export excel using      "$RES//`iso'//RTA_to_sign.xlsx", sheet("RTA to sign")  sheetreplace firstrow(variables) nolabel 
file d:/santoni/Dropbox//WW_other_projs/WB_2024/WB_GE/WB_DTA_Toolkit/2.res/toolkit//CYP//RTA_to_sign.xlsx saved

.                                         
. cap     log close
