
. 
. 
. ********************************************************************************
. ********************************************************************************
. ********************************************************************************
. 
. use "$RES//`iso'//temp/trade_baci_cty", clear

. 
. rename t year

. 
. ********************************************************************************
. * Select exported products 
. 
. preserve

.     
.         keep if year >= $ldate_bg1
(107,594,443 observations deleted)

.         
.         keep if iso_o == "`iso'"
(80,472,866 observations deleted)

.         
.         collapse (sum) v , by(iso_o k year)

.         keep if v >= 100
(11,835 observations deleted)

. 
.         bys     k: keep if _n ==1
(2,387 observations deleted)

.         keep    k

.         save    "$RES//`iso'//temp/k_list_X", replace
(file d:/santoni/Dropbox//WW_other_projs/WB_2024/WB_GE/WB_DTA_Toolkit/2.res/toolkit//BOL//temp/k_list_X.dta not found)
file d:/santoni/Dropbox//WW_other_projs/WB_2024/WB_GE/WB_DTA_Toolkit/2.res/toolkit//BOL//temp/k_list_X.dta saved

. restore

. 
. 
. merge   m:1             k       using   "$RES//`iso'//temp/k_list_X"

    Result                      Number of obs
    -----------------------------------------
    Not matched                   139,025,604
        from master               139,025,604  (_merge==1)
        from using                          0  (_merge==2)

    Matched                        49,101,827  (_merge==3)
    -----------------------------------------

. 
. keep    if _m == 3
(139,025,604 observations deleted)

. drop    _m

. 
. 
. ********************************************************************************
. ********************************************************************************
. * Select sample for gravity estimation: using appropriate UN correspondance 
. if "$baci_version"        == "BACI_HS02_V202401b" {
. preserve
. import excel "$DATA/class/HS2012-17-BEC5_08_Nov_2018.xlsx", sheet("HS12BEC5") firstrow clear
(30 vars, 5,205 obs)
.  keep HS6 BEC5EndUse BEC4ENDUSE BEC4INT BEC4CONS BEC4CAP
.  destring BEC4INT , replace force
BEC4INT: all characters numeric; replaced as double
(14 missing values generated)
.  destring BEC4CONS, replace force
BEC4CONS: all characters numeric; replaced as double
(14 missing values generated)
.  destring BEC4CAP , replace force 
BEC4CAP: all characters numeric; replaced as double
(14 missing values generated)
.  duplicates drop 

Duplicates in terms of all variables

(0 observations are duplicates)
.  save   "$TEMP/k_BEC4", replace
file d:/santoni/Dropbox//WW_other_projs/WB_2024/WB_GE/WB_DTA_Toolkit/1.data/temp/k_BEC4.dta saved
. 
. ********************************************************************************
. ******************************************************************************** 
. 
. import excel "$DATA/class/HS 2012 to HS 2002 Correlation and conversion tables.xls", sheet("Conversion HS 2012-HS 2002") cellrange(C7:D5213) firstrow clear
(2 vars, 5,206 obs)
. rename HS2012 HS6
. merge 1:1 HS6 using "$TEMP/k_BEC4"

    Result                      Number of obs
    -----------------------------------------
    Not matched                             1
        from master                         1  (_merge==1)
        from using                          0  (_merge==2)

    Matched                             5,205  (_merge==3)
    -----------------------------------------
. keep if _m == 3
(1 observation deleted)
. drop _m
. 
. rename HS2002 k
. destring k, replace force
k: all characters numeric; replaced as long
. cap drop if k == .
. 
. collapse (mean) BEC4INT BEC4CONS BEC4CAP, by(k)
. 
. gen stade3 = "I" if ((BEC4INT + BEC4CAP) >  BEC4CONS )
(1,256 missing values generated)
. 
. keep stade3 k
. save    "$TEMP/k_BEC", replace
file d:/santoni/Dropbox//WW_other_projs/WB_2024/WB_GE/WB_DTA_Toolkit/1.data/temp/k_BEC.dta saved
. restore
. }

. 
. ********************************************************************************
. ********************************************************************************
. 
. 
. merge   m:1     k                       using   "$TEMP/k_BEC"

    Result                      Number of obs
    -----------------------------------------
    Not matched                       302,354
        from master                   298,319  (_merge==1)
        from using                      4,035  (_merge==2)

    Matched                        48,803,508  (_merge==3)
    -----------------------------------------

. drop if _m == 2
(4,035 observations deleted)

. drop _m

. 
. preserve        

.         keep if stade3 == "I"
(17,381,038 observations deleted)

.         collapse (sum) v, by(iso_o iso_d year)

.         compress
  (0 bytes saved)

.         save "$RES//`iso'//temp/est_sample_imrt_int_k", replace
(file d:/santoni/Dropbox//WW_other_projs/WB_2024/WB_GE/WB_DTA_Toolkit/2.res/toolkit//BOL//temp/est_sample_imrt_int_k.dta not found)
file d:/santoni/Dropbox//WW_other_projs/WB_2024/WB_GE/WB_DTA_Toolkit/2.res/toolkit//BOL//temp/est_sample_imrt_int_k.dta saved

. restore

. 
. collapse (sum) v, by(iso_o iso_d year)

. compress
  (0 bytes saved)

. 
. 
. save "$RES//`iso'//temp/est_sample_imrt", replace
(file d:/santoni/Dropbox//WW_other_projs/WB_2024/WB_GE/WB_DTA_Toolkit/2.res/toolkit//BOL//temp/est_sample_imrt.dta not found)
file d:/santoni/Dropbox//WW_other_projs/WB_2024/WB_GE/WB_DTA_Toolkit/2.res/toolkit//BOL//temp/est_sample_imrt.dta saved

.         
. ********************************************************************************
. ********************************************************************************
. * 1a) Inward MRT - all products
. 
. use "$RES//`iso'//temp/est_sample_imrt", replace

. 
. 
. ********************************************************************************
. do      "$PROG_rta_stat/p1b_square"

. 
. ********************************************************************************
. 
. preserve

.         bys year: keep if _n==1
(415,788 observations deleted)

.         keep year

.         save "$TEMP\square", replace
(file d:/santoni/Dropbox//WW_other_projs/WB_2024/WB_GE/WB_DTA_Toolkit/1.data/temp\square.dta not found)
file d:/santoni/Dropbox//WW_other_projs/WB_2024/WB_GE/WB_DTA_Toolkit/1.data/temp\square.dta saved

. restore

. 
. 
. preserve

.         bys     iso_o: keep if _n==1
(415,646 observations deleted)

.         keep    iso_o

.         cross using "$TEMP\square.dta"

.         save "$TEMP\square.dta", replace
file d:/santoni/Dropbox//WW_other_projs/WB_2024/WB_GE/WB_DTA_Toolkit/1.data/temp\square.dta saved

. restore

. 
. 
. preserve

.         bys     iso_d: keep if _n==1
(415,646 observations deleted)

.         keep    iso_d

.         cross   using "$TEMP\square.dta"

.         save    "$TEMP\square.dta", replace
file d:/santoni/Dropbox//WW_other_projs/WB_2024/WB_GE/WB_DTA_Toolkit/1.data/temp\square.dta saved

. restore

. 
. merge 1:1 year iso_o iso_d using "$TEMP\square.dta", nogenerate

    Result                      Number of obs
    -----------------------------------------
    Not matched                       142,140
        from master                         0  
        from using                    142,140  

    Matched                           415,809  
    -----------------------------------------

. cap erase        "$TEMP\square.dta"

. 
. drop if iso_o == iso_d
(3,423 observations deleted)

. replace v = 0 if v==.
(138,717 real changes made)

. 
. ********************************************************************************
. 
end of do-file

. ********************************************************************************
. 
. merge m:1 iso_o iso_d year using "$RES//`iso'//temp/gravity_temp"

    Result                      Number of obs
    -----------------------------------------
    Not matched                       366,053
        from master                     8,736  (_merge==1)
        from using                    357,317  (_merge==2)

    Matched                           545,790  (_merge==3)
    -----------------------------------------

. drop if _m == 2
(357,317 observations deleted)

. drop _m

. 
. 
. 
. cap drop i

. cap drop j

. 
. egen i  = group(iso_o)

. egen j  = group(iso_d)

. 
. egen it = group(iso_o year)

. egen jt = group(iso_d year)

. 
. 
. bys jt: egen tx = total(v)

. 
. gen v_sh            =    v / tx
(4,374 missing values generated)

. gen ldist                       = ln( $dist )
(8,736 missing values generated)

. gen lv              = ln(v)
(138,717 missing values generated)

. 
. ********************************************************************************
. ********************************************************************************
. * PPML value
. 
. preserve

.         ppmlhdfe v   $covar  ,  absorb(   ppml_d_jt = jt ppml_d_it = it)  d maxiter(1000) acceleration(steep)
warning: dependent variable takes very low values after standardizing (2.9989e-10)
Iteration 1:   deviance = 2.1896e+11  eps = .         iters = 6    tol = 1.0e-04  min(eta) =  -5.39  P   
Iteration 2:   deviance = 1.2912e+11  eps = 6.96e-01  iters = 4    tol = 1.0e-04  min(eta) =  -7.03      
Iteration 3:   deviance = 1.0726e+11  eps = 2.04e-01  iters = 4    tol = 1.0e-04  min(eta) =  -8.81      
Iteration 4:   deviance = 1.0217e+11  eps = 4.98e-02  iters = 4    tol = 1.0e-04  min(eta) = -10.68      
Iteration 5:   deviance = 1.0112e+11  eps = 1.03e-02  iters = 3    tol = 1.0e-04  min(eta) = -12.41      
Iteration 6:   deviance = 1.0093e+11  eps = 1.90e-03  iters = 3    tol = 1.0e-04  min(eta) = -13.90      
Iteration 7:   deviance = 1.0090e+11  eps = 3.18e-04  iters = 2    tol = 1.0e-04  min(eta) = -15.61      
Iteration 8:   deviance = 1.0090e+11  eps = 5.42e-05  iters = 2    tol = 1.0e-04  min(eta) = -17.27      
Iteration 9:   deviance = 1.0089e+11  eps = 9.48e-06  iters = 2    tol = 1.0e-05  min(eta) = -18.49      
Iteration 10:  deviance = 1.0089e+11  eps = 1.33e-06  iters = 2    tol = 1.0e-06  min(eta) = -19.14   S  
Iteration 11:  deviance = 1.0089e+11  eps = 1.08e-07  iters = 1    tol = 1.0e-06  min(eta) = -19.41   S  
Iteration 12:  deviance = 1.0089e+11  eps = 2.88e-09  iters = 2    tol = 1.0e-07  min(eta) = -19.44   S  
Iteration 13:  deviance = 1.0089e+11  eps = 8.33e-12  iters = 2    tol = 1.0e-08  min(eta) = -19.44   S  
Iteration 14:  deviance = 1.0089e+11  eps = 2.40e-16  iters = 2    tol = 1.0e-09  min(eta) = -19.44   S O
------------------------------------------------------------------------------------------------------------
(legend: p: exact partial-out   s: exact solver   h: step-halving   o: epsilon below tolerance)
Converged in 14 iterations and 39 HDFE sub-iterations (tol = 1.0e-08)

HDFE PPML regression                              No. of obs      =    545,790
Absorbing 2 HDFE groups                           Residual df     =    539,014
                                                  Wald chi2(5)    =   29209.63
Deviance             =  1.00895e+11               Prob > chi2     =     0.0000
Log pseudolikelihood = -5.04493e+10               Pseudo R2       =     0.9135
------------------------------------------------------------------------------
             |               Robust
           v | Coefficient  std. err.      z    P>|z|     [95% conf. interval]
-------------+----------------------------------------------------------------
       ldist |   -.685032   .0078375   -87.40   0.000    -.7003932   -.6696709
     fta_wto |   .2642951   .0162369    16.28   0.000     .2324713    .2961189
      contig |   .3886641    .018262    21.28   0.000     .3528711     .424457
      comcol |   .6611779   .0366194    18.06   0.000     .5894051    .7329507
         lpn |  -.0506307   .0352093    -1.44   0.150    -.1196398    .0183783
       _cons |   20.94695    .070356   297.73   0.000     20.80905    21.08484
------------------------------------------------------------------------------

Absorbed degrees of freedom:
-----------------------------------------------------+
 Absorbed FE | Categories  - Redundant  = Num. Coefs |
-------------+---------------------------------------|
          jt |      3396           0        3396     |
          it |      3396          21        3375     |
-----------------------------------------------------+

. 
.         replace   ppml_d_jt         =  exp(ppml_d_jt)
(545,790 real changes made)

.     drop if   ppml_d_jt         == .
(8,736 observations deleted)

. 
.         bys year: egen max_rca          =  max(ppml_d_jt)

.         gen             norm_IMRT           =  ppml_d_jt/max_rca

.         
.         
.      replace norm_IMRT          =  .   if norm_IMRT <= 0.000001
(0 real changes made)

.      drop if norm_IMRT          == .
(0 observations deleted)

.     
.         keep if year >= $ldate_bg1
(337,778 observations deleted)

.         
.         collapse (mean)    norm_IMRT  , by(iso_d)

.         rename iso_d iso3

.         merge m:1 iso3 using "$DATA/cty/TP_FAO_cty_year", keepusing(iso3)

    Result                      Number of obs
    -----------------------------------------
    Not matched                             4
        from master                         0  (_merge==1)
        from using                          4  (_merge==2)

    Matched                               162  (_merge==3)
    -----------------------------------------

.         keep    if _m == 3
(4 observations deleted)

.         drop    _m 

. 
.         gsort   -norm

.         gen             rank = _n

.         drop    norm

.         keep    if rank <= 30
(132 observations deleted)

.         
.         gen             estimation      = "PPML value"

.         gen             item            = "demand"

.         save "$RES//`iso'//temp/norm_IMRT_ppml", replace
(file d:/santoni/Dropbox//WW_other_projs/WB_2024/WB_GE/WB_DTA_Toolkit/2.res/toolkit//BOL//temp/norm_IMRT_ppml.dta not found)
file d:/santoni/Dropbox//WW_other_projs/WB_2024/WB_GE/WB_DTA_Toolkit/2.res/toolkit//BOL//temp/norm_IMRT_ppml.dta saved

. restore

. 
. 
. ********************************************************************************
. ********************************************************************************
. * 1b) Inward MRT - intermediate products
. 
. 
. use "$RES//`iso'//temp/est_sample_imrt_int_k", replace

. 
. 
. ********************************************************************************
. do      "$PROG_rta_stat/p1b_square"

. 
. ********************************************************************************
. 
. preserve

.         bys year: keep if _n==1
(383,824 observations deleted)

.         keep year

.         save "$TEMP\square", replace
(file d:/santoni/Dropbox//WW_other_projs/WB_2024/WB_GE/WB_DTA_Toolkit/1.data/temp\square.dta not found)
file d:/santoni/Dropbox//WW_other_projs/WB_2024/WB_GE/WB_DTA_Toolkit/1.data/temp\square.dta saved

. restore

. 
. 
. preserve

.         bys     iso_o: keep if _n==1
(383,682 observations deleted)

.         keep    iso_o

.         cross using "$TEMP\square.dta"

.         save "$TEMP\square.dta", replace
file d:/santoni/Dropbox//WW_other_projs/WB_2024/WB_GE/WB_DTA_Toolkit/1.data/temp\square.dta saved

. restore

. 
. 
. preserve

.         bys     iso_d: keep if _n==1
(383,682 observations deleted)

.         keep    iso_d

.         cross   using "$TEMP\square.dta"

.         save    "$TEMP\square.dta", replace
file d:/santoni/Dropbox//WW_other_projs/WB_2024/WB_GE/WB_DTA_Toolkit/1.data/temp\square.dta saved

. restore

. 
. merge 1:1 year iso_o iso_d using "$TEMP\square.dta", nogenerate

    Result                      Number of obs
    -----------------------------------------
    Not matched                       174,104
        from master                         0  
        from using                    174,104  

    Matched                           383,845  
    -----------------------------------------

. cap erase        "$TEMP\square.dta"

. 
. drop if iso_o == iso_d
(3,423 observations deleted)

. replace v = 0 if v==.
(170,681 real changes made)

. 
. ********************************************************************************
. 
end of do-file

. ********************************************************************************
. 
. merge m:1 iso_o iso_d year using "$RES//`iso'//temp/gravity_temp"

    Result                      Number of obs
    -----------------------------------------
    Not matched                       366,053
        from master                     8,736  (_merge==1)
        from using                    357,317  (_merge==2)

    Matched                           545,790  (_merge==3)
    -----------------------------------------

. drop if _m == 2
(357,317 observations deleted)

. drop _m

. 
. 
. 
. cap drop i

. cap drop j

. 
. egen i  = group(iso_o)

. egen j  = group(iso_d)

. 
. egen it = group(iso_o year)

. egen jt = group(iso_d year)

. 
. 
. bys jt: egen tx = total(v)

. 
. gen v_sh            =    v / tx
(4,374 missing values generated)

. gen ldist                       = ln( $dist )
(8,736 missing values generated)

. gen lv              = ln(v)
(170,681 missing values generated)

. 
. ********************************************************************************
. ********************************************************************************
. * PPML value
. 
. preserve

.         ppmlhdfe v   $covar  ,  absorb(   ppml_d_jt = jt ppml_d_it = it)  d maxiter(1000) acceleration(steep)
warning: dependent variable takes very low values after standardizing (4.4730e-10)
Iteration 1:   deviance = 1.6888e+11  eps = .         iters = 6    tol = 1.0e-04  min(eta) =  -5.37  P   
Iteration 2:   deviance = 1.0184e+11  eps = 6.58e-01  iters = 4    tol = 1.0e-04  min(eta) =  -7.01      
Iteration 3:   deviance = 8.5410e+10  eps = 1.92e-01  iters = 4    tol = 1.0e-04  min(eta) =  -8.83      
Iteration 4:   deviance = 8.1457e+10  eps = 4.85e-02  iters = 4    tol = 1.0e-04  min(eta) = -10.68      
Iteration 5:   deviance = 8.0606e+10  eps = 1.06e-02  iters = 3    tol = 1.0e-04  min(eta) = -12.51      
Iteration 6:   deviance = 8.0442e+10  eps = 2.04e-03  iters = 3    tol = 1.0e-04  min(eta) = -14.17      
Iteration 7:   deviance = 8.0413e+10  eps = 3.62e-04  iters = 2    tol = 1.0e-04  min(eta) = -15.74      
Iteration 8:   deviance = 8.0408e+10  eps = 6.26e-05  iters = 2    tol = 1.0e-04  min(eta) = -17.27      
Iteration 9:   deviance = 8.0407e+10  eps = 1.09e-05  iters = 2    tol = 1.0e-05  min(eta) = -18.63      
Iteration 10:  deviance = 8.0407e+10  eps = 1.68e-06  iters = 1    tol = 1.0e-05  min(eta) = -19.53   S  
Iteration 11:  deviance = 8.0407e+10  eps = 1.95e-07  iters = 1    tol = 1.0e-06  min(eta) = -19.99   S  
Iteration 12:  deviance = 8.0407e+10  eps = 1.19e-08  iters = 2    tol = 1.0e-07  min(eta) = -20.13   S  
Iteration 13:  deviance = 8.0407e+10  eps = 1.92e-10  iters = 3    tol = 1.0e-08  min(eta) = -20.14   S  
Iteration 14:  deviance = 8.0407e+10  eps = 2.01e-13  iters = 2    tol = 1.0e-09  min(eta) = -20.14   S O
------------------------------------------------------------------------------------------------------------
(legend: p: exact partial-out   s: exact solver   h: step-halving   o: epsilon below tolerance)
Converged in 14 iterations and 39 HDFE sub-iterations (tol = 1.0e-08)

HDFE PPML regression                              No. of obs      =    545,790
Absorbing 2 HDFE groups                           Residual df     =    539,014
                                                  Wald chi2(5)    =   22014.64
Deviance             =  8.04071e+10               Prob > chi2     =     0.0000
Log pseudolikelihood = -4.02053e+10               Pseudo R2       =     0.8988
------------------------------------------------------------------------------
             |               Robust
           v | Coefficient  std. err.      z    P>|z|     [95% conf. interval]
-------------+----------------------------------------------------------------
       ldist |  -.6596596   .0088857   -74.24   0.000    -.6770753   -.6422439
     fta_wto |   .3194127   .0188766    16.92   0.000     .2824153    .3564102
      contig |   .3982336   .0209366    19.02   0.000     .3571986    .4392686
      comcol |   .6453956   .0427435    15.10   0.000       .56162    .7291713
         lpn |  -.0708406   .0400516    -1.77   0.077    -.1493404    .0076591
       _cons |   20.37329   .0797833   255.36   0.000     20.21692    20.52966
------------------------------------------------------------------------------

Absorbed degrees of freedom:
-----------------------------------------------------+
 Absorbed FE | Categories  - Redundant  = Num. Coefs |
-------------+---------------------------------------|
          jt |      3396           0        3396     |
          it |      3396          21        3375     |
-----------------------------------------------------+

. 
.         replace   ppml_d_jt           = exp(ppml_d_jt)
(545,790 real changes made)

.     drop if   ppml_d_jt           == .
(8,736 observations deleted)

.         bys year: egen max_rca            = max(ppml_d_jt)

.                   gen           norm_IMRT = ppml_d_jt/max_rca

.         
.             replace norm_IMRT          =  .   if norm_IMRT <= 0.000001
(0 real changes made)

.        drop if norm_IMRT          == .
(0 observations deleted)

. 
.         keep if year >= $ldate_bg1
(337,778 observations deleted)

.         
.         collapse (mean)    norm_IMRT  , by(iso_d)

.         rename iso_d iso3

. 
.         merge m:1 iso3 using "$DATA/cty/TP_FAO_cty_year", keepusing(iso3)

    Result                      Number of obs
    -----------------------------------------
    Not matched                             4
        from master                         0  (_merge==1)
        from using                          4  (_merge==2)

    Matched                               162  (_merge==3)
    -----------------------------------------

.         keep    if _m == 3
(4 observations deleted)

.         drop    _m 

. 
.         gsort   -norm

.         gen             rank = _n

.         drop    norm

.         keep    if rank <= 30
(132 observations deleted)

.         
.         gen             estimation      = "PPML value"

.         gen             item            = "demand int good"

.         save "$RES//`iso'//temp/norm_IMRT_int_ppml", replace
(file d:/santoni/Dropbox//WW_other_projs/WB_2024/WB_GE/WB_DTA_Toolkit/2.res/toolkit//BOL//temp/norm_IMRT_int_ppml.dta not found)
file d:/santoni/Dropbox//WW_other_projs/WB_2024/WB_GE/WB_DTA_Toolkit/2.res/toolkit//BOL//temp/norm_IMRT_int_ppml.dta saved

. restore

. 
. 
. ********************************************************************************
. ********************************************************************************
. * 2) CTY IMPORT SIDE:
. 
. use "$RES//`iso'//temp/trade_baci_cty", clear

. 
. rename t year

. 
. 
. preserve

. 
.         keep if year >= $ldate_bg1
(107,594,443 observations deleted)

. 
. 
.         keep if iso_d == "`iso'"
(80,151,135 observations deleted)

.         
.         collapse (sum) v , by(iso_d k  year)

.         keep if v >= 100
(13,802 observations deleted)

.         
.         bys     k: keep if _n ==1
(16,456 observations deleted)

.         keep    k

.         save    "$RES//`iso'//temp/k_list_M", replace
(file d:/santoni/Dropbox//WW_other_projs/WB_2024/WB_GE/WB_DTA_Toolkit/2.res/toolkit//BOL//temp/k_list_M.dta not found)
file d:/santoni/Dropbox//WW_other_projs/WB_2024/WB_GE/WB_DTA_Toolkit/2.res/toolkit//BOL//temp/k_list_M.dta saved

. restore

. 
. 
. merge   m:1             k       using   "$RES//`iso'//temp/k_list_M"

    Result                      Number of obs
    -----------------------------------------
    Not matched                    33,073,173
        from master                33,073,173  (_merge==1)
        from using                          0  (_merge==2)

    Matched                       155,054,258  (_merge==3)
    -----------------------------------------

. 
. keep    if _m == 3
(33,073,173 observations deleted)

. drop    _m

. 
. ********************************************************************************
. ********************************************************************************
. * Select sample for gravity estimation: using appropriate UN correspondance 
. if "$baci_version"        == "BACI_HS02_V202401b" {
. preserve
. import excel "$DATA/class/HS2012-17-BEC5_08_Nov_2018.xlsx", sheet("HS12BEC5") firstrow clear
(30 vars, 5,205 obs)
.  keep HS6 BEC5EndUse BEC4ENDUSE BEC4INT BEC4CONS BEC4CAP
.  destring BEC4INT , replace force
BEC4INT: all characters numeric; replaced as double
(14 missing values generated)
.  destring BEC4CONS, replace force
BEC4CONS: all characters numeric; replaced as double
(14 missing values generated)
.  destring BEC4CAP , replace force 
BEC4CAP: all characters numeric; replaced as double
(14 missing values generated)
.  duplicates drop 

Duplicates in terms of all variables

(0 observations are duplicates)
.  save   "$TEMP/k_BEC4", replace
file d:/santoni/Dropbox//WW_other_projs/WB_2024/WB_GE/WB_DTA_Toolkit/1.data/temp/k_BEC4.dta saved
. 
. ********************************************************************************
. ******************************************************************************** 
. 
. import excel "$DATA/class/HS 2012 to HS 2002 Correlation and conversion tables.xls", sheet("Conversion HS 2012-HS 2002") cellrange(C7:D5213) firstrow clear
(2 vars, 5,206 obs)
. rename HS2012 HS6
. merge 1:1 HS6 using "$TEMP/k_BEC4"

    Result                      Number of obs
    -----------------------------------------
    Not matched                             1
        from master                         1  (_merge==1)
        from using                          0  (_merge==2)

    Matched                             5,205  (_merge==3)
    -----------------------------------------
. keep if _m == 3
(1 observation deleted)
. drop _m
. 
. rename HS2002 k
. destring k, replace force
k: all characters numeric; replaced as long
. cap drop if k == .
. 
. collapse (mean) BEC4INT BEC4CONS BEC4CAP, by(k)
. 
. gen stade3 = "I" if ((BEC4INT + BEC4CAP) >  BEC4CONS )
(1,256 missing values generated)
. 
. keep stade3 k
. save    "$TEMP/k_BEC", replace
file d:/santoni/Dropbox//WW_other_projs/WB_2024/WB_GE/WB_DTA_Toolkit/1.data/temp/k_BEC.dta saved
. restore
. }

. 
. ********************************************************************************
. ******************************************************************************** 
. 
. merge   m:1     k                       using   "$TEMP/k_BEC"

    Result                      Number of obs
    -----------------------------------------
    Not matched                       555,321
        from master                   553,577  (_merge==1)
        from using                      1,744  (_merge==2)

    Matched                       154,500,681  (_merge==3)
    -----------------------------------------

. drop if _m == 2
(1,744 observations deleted)

. drop _m 

. 
. 
. preserve        

.         keep if stade3 == "I"
(49,713,711 observations deleted)

.         collapse (sum) v, by(iso_o iso_d year)

.         compress
  (0 bytes saved)

.         save "$RES//`iso'//temp/est_sample_omrt_int_k", replace
(file d:/santoni/Dropbox//WW_other_projs/WB_2024/WB_GE/WB_DTA_Toolkit/2.res/toolkit//BOL//temp/est_sample_omrt_int_k.dta not found)
file d:/santoni/Dropbox//WW_other_projs/WB_2024/WB_GE/WB_DTA_Toolkit/2.res/toolkit//BOL//temp/est_sample_omrt_int_k.dta saved

. restore

. 
. collapse (sum) v, by(iso_o iso_d year)

. compress
  (0 bytes saved)

. 
.         save "$RES//`iso'//temp/est_sample_omrt", replace
(file d:/santoni/Dropbox//WW_other_projs/WB_2024/WB_GE/WB_DTA_Toolkit/2.res/toolkit//BOL//temp/est_sample_omrt.dta not found)
file d:/santoni/Dropbox//WW_other_projs/WB_2024/WB_GE/WB_DTA_Toolkit/2.res/toolkit//BOL//temp/est_sample_omrt.dta saved

.         
. ********************************************************************************
. ********************************************************************************
. * 1a) Inward MRT - all products
. 
. use "$RES//`iso'//temp/est_sample_omrt", replace

. 
. 
. ********************************************************************************
. do      "$PROG_rta_stat/p1b_square"

. 
. ********************************************************************************
. 
. preserve

.         bys year: keep if _n==1
(433,616 observations deleted)

.         keep year

.         save "$TEMP\square", replace
(file d:/santoni/Dropbox//WW_other_projs/WB_2024/WB_GE/WB_DTA_Toolkit/1.data/temp\square.dta not found)
file d:/santoni/Dropbox//WW_other_projs/WB_2024/WB_GE/WB_DTA_Toolkit/1.data/temp\square.dta saved

. restore

. 
. 
. preserve

.         bys     iso_o: keep if _n==1
(433,474 observations deleted)

.         keep    iso_o

.         cross using "$TEMP\square.dta"

.         save "$TEMP\square.dta", replace
file d:/santoni/Dropbox//WW_other_projs/WB_2024/WB_GE/WB_DTA_Toolkit/1.data/temp\square.dta saved

. restore

. 
. 
. preserve

.         bys     iso_d: keep if _n==1
(433,474 observations deleted)

.         keep    iso_d

.         cross   using "$TEMP\square.dta"

.         save    "$TEMP\square.dta", replace
file d:/santoni/Dropbox//WW_other_projs/WB_2024/WB_GE/WB_DTA_Toolkit/1.data/temp\square.dta saved

. restore

. 
. merge 1:1 year iso_o iso_d using "$TEMP\square.dta", nogenerate

    Result                      Number of obs
    -----------------------------------------
    Not matched                       124,312
        from master                         0  
        from using                    124,312  

    Matched                           433,637  
    -----------------------------------------

. cap erase        "$TEMP\square.dta"

. 
. drop if iso_o == iso_d
(3,423 observations deleted)

. replace v = 0 if v==.
(120,889 real changes made)

. 
. ********************************************************************************
. 
end of do-file

. ********************************************************************************
. 
. 
. merge m:1 iso_o iso_d year using "$RES//`iso'//temp/gravity_temp" 

    Result                      Number of obs
    -----------------------------------------
    Not matched                       366,053
        from master                     8,736  (_merge==1)
        from using                    357,317  (_merge==2)

    Matched                           545,790  (_merge==3)
    -----------------------------------------

. drop if _m == 2
(357,317 observations deleted)

. drop _m

. 
. 
. 
. cap drop i

. cap drop j

. 
. egen i  = group(iso_o)

. egen j  = group(iso_d)

. 
. egen it = group(iso_o year)

. egen jt = group(iso_d year)

. 
. 
. bys jt: egen tx = total(v)

. 
. gen v_sh            =    v / tx
(4,374 missing values generated)

. gen ldist                       = ln( $dist )
(8,736 missing values generated)

. gen lv              = ln(v)
(120,889 missing values generated)

. 
. ********************************************************************************
. ********************************************************************************
. * PPML value
. 
. preserve

.         ppmlhdfe v   $covar  ,  absorb(   ppml_d_jt = jt ppml_d_it = it)  d maxiter(1000) acceleration(steep)
warning: dependent variable takes very low values after standardizing (2.0434e-10)
Iteration 1:   deviance = 2.4456e+11  eps = .         iters = 6    tol = 1.0e-04  min(eta) =  -5.38  P   
Iteration 2:   deviance = 1.2689e+11  eps = 9.27e-01  iters = 4    tol = 1.0e-04  min(eta) =  -7.05      
Iteration 3:   deviance = 9.5866e+10  eps = 3.24e-01  iters = 4    tol = 1.0e-04  min(eta) =  -8.80      
Iteration 4:   deviance = 8.8348e+10  eps = 8.51e-02  iters = 4    tol = 1.0e-04  min(eta) = -10.62      
Iteration 5:   deviance = 8.6844e+10  eps = 1.73e-02  iters = 3    tol = 1.0e-04  min(eta) = -12.30      
Iteration 6:   deviance = 8.6587e+10  eps = 2.97e-03  iters = 3    tol = 1.0e-04  min(eta) = -13.97      
Iteration 7:   deviance = 8.6547e+10  eps = 4.67e-04  iters = 2    tol = 1.0e-04  min(eta) = -15.65      
Iteration 8:   deviance = 8.6540e+10  eps = 7.35e-05  iters = 2    tol = 1.0e-04  min(eta) = -17.15      
Iteration 9:   deviance = 8.6539e+10  eps = 1.17e-05  iters = 2    tol = 1.0e-05  min(eta) = -18.21      
Iteration 10:  deviance = 8.6539e+10  eps = 1.49e-06  iters = 1    tol = 1.0e-05  min(eta) = -18.96   S  
Iteration 11:  deviance = 8.6539e+10  eps = 1.06e-07  iters = 1    tol = 1.0e-06  min(eta) = -19.24   S  
Iteration 12:  deviance = 8.6539e+10  eps = 2.36e-09  iters = 2    tol = 1.0e-07  min(eta) = -19.28   S  
Iteration 13:  deviance = 8.6539e+10  eps = 9.35e-12  iters = 3    tol = 1.0e-08  min(eta) = -19.28   S  
Iteration 14:  deviance = 8.6539e+10  eps = 8.23e-16  iters = 2    tol = 1.0e-09  min(eta) = -19.28   S O
------------------------------------------------------------------------------------------------------------
(legend: p: exact partial-out   s: exact solver   h: step-halving   o: epsilon below tolerance)
Converged in 14 iterations and 39 HDFE sub-iterations (tol = 1.0e-08)

HDFE PPML regression                              No. of obs      =    545,790
Absorbing 2 HDFE groups                           Residual df     =    539,014
                                                  Wald chi2(5)    =   36734.55
Deviance             =  8.65393e+10               Prob > chi2     =     0.0000
Log pseudolikelihood = -4.32718e+10               Pseudo R2       =     0.9484
------------------------------------------------------------------------------
             |               Robust
           v | Coefficient  std. err.      z    P>|z|     [95% conf. interval]
-------------+----------------------------------------------------------------
       ldist |  -.7046436   .0065527  -107.54   0.000    -.7174866   -.6918006
     fta_wto |   .3240057   .0134046    24.17   0.000     .2977332    .3502782
      contig |   .3674791   .0141008    26.06   0.000      .339842    .3951161
      comcol |   .6022292   .0346934    17.36   0.000     .5342315    .6702269
         lpn |    .020677   .0317007     0.65   0.514    -.0414553    .0828093
       _cons |    21.5095   .0581293   370.03   0.000     21.39557    21.62343
------------------------------------------------------------------------------

Absorbed degrees of freedom:
-----------------------------------------------------+
 Absorbed FE | Categories  - Redundant  = Num. Coefs |
-------------+---------------------------------------|
          jt |      3396           0        3396     |
          it |      3396          21        3375     |
-----------------------------------------------------+

. 
.         replace   ppml_d_it         = exp(ppml_d_it)
(545,790 real changes made)

.     drop if   ppml_d_it         == .
(8,736 observations deleted)

. 
.         bys year: egen max_rca          = max(ppml_d_it)

.                  gen  norm_IMRT     = ppml_d_it/max_rca

.         
.        replace norm_IMRT        =  .   if norm_IMRT <= 0.000001
(0 real changes made)

.        drop if norm_IMRT        == .
(0 observations deleted)

. 
.         keep if year >= $ldate_bg1
(337,778 observations deleted)

.         
.         collapse (mean)    norm_IMRT  , by(iso_o)

.         rename iso_o iso3

. 
.         merge m:1 iso3 using "$DATA/cty/TP_FAO_cty_year", keepusing(iso3)

    Result                      Number of obs
    -----------------------------------------
    Not matched                             4
        from master                         0  (_merge==1)
        from using                          4  (_merge==2)

    Matched                               162  (_merge==3)
    -----------------------------------------

.         keep    if _m == 3
(4 observations deleted)

.         drop    _m 

. 
.         gsort   -norm

.         gen             rank = _n

.         drop    norm

.         keep    if rank <= 30
(132 observations deleted)

.         
.         gen             estimation      = "PPML value"

.         gen             item            = "supply"

.         save "$RES//`iso'//temp/norm_OMRT_ppml", replace
(file d:/santoni/Dropbox//WW_other_projs/WB_2024/WB_GE/WB_DTA_Toolkit/2.res/toolkit//BOL//temp/norm_OMRT_ppml.dta not found)
file d:/santoni/Dropbox//WW_other_projs/WB_2024/WB_GE/WB_DTA_Toolkit/2.res/toolkit//BOL//temp/norm_OMRT_ppml.dta saved

. restore

. 
. ********************************************************************************
. ********************************************************************************
. * 1b) Inward MRT - intermediate products
. 
. use "$RES//`iso'//temp/est_sample_omrt_int_k", replace

. 
. 
. ********************************************************************************
. do      "$PROG_rta_stat/p1b_square"

. 
. ********************************************************************************
. 
. preserve

.         bys year: keep if _n==1
(405,843 observations deleted)

.         keep year

.         save "$TEMP\square", replace
(file d:/santoni/Dropbox//WW_other_projs/WB_2024/WB_GE/WB_DTA_Toolkit/1.data/temp\square.dta not found)
file d:/santoni/Dropbox//WW_other_projs/WB_2024/WB_GE/WB_DTA_Toolkit/1.data/temp\square.dta saved

. restore

. 
. 
. preserve

.         bys     iso_o: keep if _n==1
(405,701 observations deleted)

.         keep    iso_o

.         cross using "$TEMP\square.dta"

.         save "$TEMP\square.dta", replace
file d:/santoni/Dropbox//WW_other_projs/WB_2024/WB_GE/WB_DTA_Toolkit/1.data/temp\square.dta saved

. restore

. 
. 
. preserve

.         bys     iso_d: keep if _n==1
(405,701 observations deleted)

.         keep    iso_d

.         cross   using "$TEMP\square.dta"

.         save    "$TEMP\square.dta", replace
file d:/santoni/Dropbox//WW_other_projs/WB_2024/WB_GE/WB_DTA_Toolkit/1.data/temp\square.dta saved

. restore

. 
. merge 1:1 year iso_o iso_d using "$TEMP\square.dta", nogenerate

    Result                      Number of obs
    -----------------------------------------
    Not matched                       152,085
        from master                         0  
        from using                    152,085  

    Matched                           405,864  
    -----------------------------------------

. cap erase        "$TEMP\square.dta"

. 
. drop if iso_o == iso_d
(3,423 observations deleted)

. replace v = 0 if v==.
(148,662 real changes made)

. 
. ********************************************************************************
. 
end of do-file

. ********************************************************************************
. 
. merge m:1 iso_o iso_d year using "$RES//`iso'//temp/gravity_temp"

    Result                      Number of obs
    -----------------------------------------
    Not matched                       366,053
        from master                     8,736  (_merge==1)
        from using                    357,317  (_merge==2)

    Matched                           545,790  (_merge==3)
    -----------------------------------------

. drop if _m == 2
(357,317 observations deleted)

. drop _m

. 
. 
. 
. cap drop i

. cap drop j

. 
. egen i  = group(iso_o)

. egen j  = group(iso_d)

. 
. egen it = group(iso_o year)

. egen jt = group(iso_d year)

. 
. 
. bys jt: egen tx = total(v)

. 
. gen v_sh            =    v / tx
(4,374 missing values generated)

. gen ldist                       = ln( $dist )
(8,736 missing values generated)

. gen lv              = ln(v)
(148,662 missing values generated)

. 
. ********************************************************************************
. ********************************************************************************
. * PPML value
. 
. preserve

.         ppmlhdfe v   $covar  ,  absorb(   ppml_d_jt = jt ppml_d_it = it)  d maxiter(1000) acceleration(steep)
warning: dependent variable takes very low values after standardizing (3.1431e-10)
Iteration 1:   deviance = 1.6610e+11  eps = .         iters = 6    tol = 1.0e-04  min(eta) =  -5.37  P   
Iteration 2:   deviance = 8.6696e+10  eps = 9.16e-01  iters = 4    tol = 1.0e-04  min(eta) =  -7.05      
Iteration 3:   deviance = 6.5210e+10  eps = 3.29e-01  iters = 4    tol = 1.0e-04  min(eta) =  -8.85      
Iteration 4:   deviance = 5.9818e+10  eps = 9.01e-02  iters = 4    tol = 1.0e-04  min(eta) = -10.69      
Iteration 5:   deviance = 5.8690e+10  eps = 1.92e-02  iters = 3    tol = 1.0e-04  min(eta) = -12.45      
Iteration 6:   deviance = 5.8485e+10  eps = 3.50e-03  iters = 3    tol = 1.0e-04  min(eta) = -14.14      
Iteration 7:   deviance = 5.8450e+10  eps = 5.90e-04  iters = 2    tol = 1.0e-04  min(eta) = -15.66      
Iteration 8:   deviance = 5.8444e+10  eps = 9.87e-05  iters = 2    tol = 1.0e-04  min(eta) = -17.07      
Iteration 9:   deviance = 5.8443e+10  eps = 1.64e-05  iters = 2    tol = 1.0e-05  min(eta) = -18.18      
Iteration 10:  deviance = 5.8443e+10  eps = 2.37e-06  iters = 1    tol = 1.0e-05  min(eta) = -18.93   S  
Iteration 11:  deviance = 5.8443e+10  eps = 2.70e-07  iters = 1    tol = 1.0e-06  min(eta) = -19.34   S  
Iteration 12:  deviance = 5.8443e+10  eps = 1.74e-08  iters = 2    tol = 1.0e-07  min(eta) = -19.44   S  
Iteration 13:  deviance = 5.8443e+10  eps = 2.30e-10  iters = 3    tol = 1.0e-08  min(eta) = -19.44   S  
Iteration 14:  deviance = 5.8443e+10  eps = 9.78e-14  iters = 2    tol = 1.0e-09  min(eta) = -19.44   S O
------------------------------------------------------------------------------------------------------------
(legend: p: exact partial-out   s: exact solver   h: step-halving   o: epsilon below tolerance)
Converged in 14 iterations and 39 HDFE sub-iterations (tol = 1.0e-08)

HDFE PPML regression                              No. of obs      =    545,790
Absorbing 2 HDFE groups                           Residual df     =    539,014
                                                  Wald chi2(5)    =   32702.31
Deviance             =  5.84433e+10               Prob > chi2     =     0.0000
Log pseudolikelihood = -2.92236e+10               Pseudo R2       =     0.9469
------------------------------------------------------------------------------
             |               Robust
           v | Coefficient  std. err.      z    P>|z|     [95% conf. interval]
-------------+----------------------------------------------------------------
       ldist |  -.6902362   .0068739  -100.41   0.000    -.7037088   -.6767636
     fta_wto |   .3525096    .014489    24.33   0.000     .3241116    .3809075
      contig |   .3771192   .0140804    26.78   0.000     .3495222    .4047161
      comcol |   .6006858   .0416559    14.42   0.000     .5190417    .6823298
         lpn |   .0298011    .031282     0.95   0.341    -.0315105    .0911126
       _cons |   20.99364   .0610468   343.89   0.000       20.874    21.11329
------------------------------------------------------------------------------

Absorbed degrees of freedom:
-----------------------------------------------------+
 Absorbed FE | Categories  - Redundant  = Num. Coefs |
-------------+---------------------------------------|
          jt |      3396           0        3396     |
          it |      3396          21        3375     |
-----------------------------------------------------+

. 
.         
.         replace   ppml_d_it         = exp(ppml_d_it)
(545,790 real changes made)

.     drop if   ppml_d_it         == .
(8,736 observations deleted)

. 
.         bys year: egen max_rca          = max(ppml_d_it)

.                  gen  norm_IMRT     = ppml_d_it/max_rca

.         
.        replace norm_IMRT        =  .   if norm_IMRT <= 0.000001
(0 real changes made)

.        drop if norm_IMRT        == .
(0 observations deleted)

.         
.         keep if year                            >= $ldate_bg1
(337,778 observations deleted)

.         
.         collapse (mean)    norm_IMRT  , by(iso_o)

.         rename iso_o iso3

. 
.         merge m:1 iso3 using "$DATA/cty/TP_FAO_cty_year", keepusing(iso3)

    Result                      Number of obs
    -----------------------------------------
    Not matched                             4
        from master                         0  (_merge==1)
        from using                          4  (_merge==2)

    Matched                               162  (_merge==3)
    -----------------------------------------

.         keep    if _m == 3
(4 observations deleted)

.         drop    _m 

. 
.         gsort   -norm

.         
.         gen             rank = _n

.         drop    norm

.         keep    if rank <= 30
(132 observations deleted)

.         
.         gen             estimation      = "PPML value"

.         gen             item            = "supply int good"

.         save "$RES//`iso'//temp/norm_OMRT_int_ppml", replace
(file d:/santoni/Dropbox//WW_other_projs/WB_2024/WB_GE/WB_DTA_Toolkit/2.res/toolkit//BOL//temp/norm_OMRT_int_ppml.dta not found)
file d:/santoni/Dropbox//WW_other_projs/WB_2024/WB_GE/WB_DTA_Toolkit/2.res/toolkit//BOL//temp/norm_OMRT_int_ppml.dta saved

. restore

. 
. 
. ********************************************************************************
. ********************************************************************************
. ********************************************************************************
. 
. * 3) Export a table of results
. 
. use                                     "$RES//`iso'//temp/norm_IMRT_ppml", clear

. 
. append  using                   "$RES//`iso'//temp/norm_IMRT_int_ppml"
(variable item was str6, now str15 to accommodate using data's values)

. 
. append  using                   "$RES//`iso'//temp/norm_OMRT_ppml"

. 
. append  using                   "$RES//`iso'//temp/norm_OMRT_int_ppml"

. 
. merge   m:1 iso3        using   "$RES//`iso'//temp/temp_regio"

    Result                      Number of obs
    -----------------------------------------
    Not matched                           133
        from master                         0  (_merge==1)
        from using                        133  (_merge==2)

    Matched                               120  (_merge==3)
    -----------------------------------------

. keep if _m == 3
(133 observations deleted)

. drop    _m

. 
. 
. rename iso3 iso_d

. 
. merge   m:1 iso_d        using "$RES//`iso'//temp/RTA_cty", keepus(agreem $kmean_alg )

    Result                      Number of obs
    -----------------------------------------
    Not matched                           112
        from master                        81  (_merge==1)
        from using                         31  (_merge==2)

    Matched                                39  (_merge==3)
    -----------------------------------------

. drop    if _m == 2
(31 observations deleted)

. drop      _m

. 
. sort item estimation rank

. 
. rename iso_d iso

. 
. save                            "$RES//`iso'//RTA_to_sign.dta", replace
(file d:/santoni/Dropbox//WW_other_projs/WB_2024/WB_GE/WB_DTA_Toolkit/2.res/toolkit//BOL//RTA_to_sign.dta not found)
file d:/santoni/Dropbox//WW_other_projs/WB_2024/WB_GE/WB_DTA_Toolkit/2.res/toolkit//BOL//RTA_to_sign.dta saved

. 
. ********************************************************************************
. * Add market shares: 
. 
. use                     "$RES//`iso'//RTA_to_sign.dta", clear

. keep            iso

. drop    if      iso == "`iso'"
(0 observations deleted)

. bys iso:        keep if _n == 1
(87 observations deleted)

. save            "$RES//`iso'//temp/cty_in_RTA_to_sign.dta", replace
(file d:/santoni/Dropbox//WW_other_projs/WB_2024/WB_GE/WB_DTA_Toolkit/2.res/toolkit//BOL//temp/cty_in_RTA_to_sign.dta not found)
file d:/santoni/Dropbox//WW_other_projs/WB_2024/WB_GE/WB_DTA_Toolkit/2.res/toolkit//BOL//temp/cty_in_RTA_to_sign.dta saved

. 
. ********************************************************************************
. ********************************************************************************
. 
. use "$RES//`iso'//temp/trade_baci_cty", clear

. 
. rename t year

. keep if year >= $ldate_bg1
(107,594,443 observations deleted)

. 
. keep if iso_d == "`iso'"
(80,151,135 observations deleted)

. 
. collapse (sum) v, by(  iso_o iso_d year)

.          
. bys year iso_d: egen                    M = total(v)

. gen     m_mkts_sh   =   v/M

.         
. collapse (mean) m_mkts_sh, by(iso_o)

. 
. rename  iso_o iso

. save    "$RES//`iso'//temp/mkt_sh_M.dta", replace
(file d:/santoni/Dropbox//WW_other_projs/WB_2024/WB_GE/WB_DTA_Toolkit/2.res/toolkit//BOL//temp/mkt_sh_M.dta not found)
file d:/santoni/Dropbox//WW_other_projs/WB_2024/WB_GE/WB_DTA_Toolkit/2.res/toolkit//BOL//temp/mkt_sh_M.dta saved

. 
. 
. ********************************************************************************
. ********************************************************************************
. 
. use "$RES//`iso'//temp/trade_baci_cty", clear

. 
. rename t year

. keep if year >= $ldate_bg1
(107,594,443 observations deleted)

. 
. keep if iso_o == "`iso'"
(80,472,866 observations deleted)

. 
. collapse (sum) v, by(iso_o iso_d year)

.          
. bys year iso_o: egen                    X = total(v)

. gen     x_mkts_sh   =   v/X

.         
. collapse (mean) x_mkts_sh, by(iso_d)

.                                         
. rename  iso_d iso

. 
. merge   1:1             iso     using           "$RES//`iso'//temp/mkt_sh_M.dta"

    Result                      Number of obs
    -----------------------------------------
    Not matched                            12
        from master                         0  (_merge==1)
        from using                         12  (_merge==2)

    Matched                               149  (_merge==3)
    -----------------------------------------

. 
. replace         x_mkts_sh = 0 if _m == 2                                        
(12 real changes made)

. replace         m_mkts_sh = 0 if _m == 1                        
(0 real changes made)

.                                         
. drop            _m

. 
. merge   1:1             iso     using           "$RES//`iso'//temp/cty_in_RTA_to_sign.dta"

    Result                      Number of obs
    -----------------------------------------
    Not matched                           128
        from master                       128  (_merge==1)
        from using                          0  (_merge==2)

    Matched                                33  (_merge==3)
    -----------------------------------------

. keep    if      _m == 3                                 
(128 observations deleted)

. drop            _m

. 
. save    "$RES//`iso'//temp/mkt_sh.dta", replace
(file d:/santoni/Dropbox//WW_other_projs/WB_2024/WB_GE/WB_DTA_Toolkit/2.res/toolkit//BOL//temp/mkt_sh.dta not found)
file d:/santoni/Dropbox//WW_other_projs/WB_2024/WB_GE/WB_DTA_Toolkit/2.res/toolkit//BOL//temp/mkt_sh.dta saved

.                                         
. ********************************************************************************
. 
. use                     "$RES//`iso'//RTA_to_sign.dta", clear

.                                 
. merge           m:1             iso     using           "$RES//`iso'//temp/mkt_sh.dta"          

    Result                      Number of obs
    -----------------------------------------
    Not matched                             0
    Matched                               120  (_merge==3)
    -----------------------------------------

. drop            _m

.                                         
. sort item estimation rank

. save                            "$RES//`iso'//RTA_to_sign.dta", replace
file d:/santoni/Dropbox//WW_other_projs/WB_2024/WB_GE/WB_DTA_Toolkit/2.res/toolkit//BOL//RTA_to_sign.dta saved

. export excel using      "$RES//`iso'//RTA_to_sign.xlsx", sheet("RTA to sign")  sheetreplace firstrow(variables) nolabel 
file d:/santoni/Dropbox//WW_other_projs/WB_2024/WB_GE/WB_DTA_Toolkit/2.res/toolkit//BOL//RTA_to_sign.xlsx saved

.                                         
. cap     log close
