
. 
. 
. ********************************************************************************
. ********************************************************************************
. ********************************************************************************
. 
. use "$RES//`iso'//temp/trade_baci_cty", clear

. 
. rename t year

. 
. ********************************************************************************
. * Select exported products 
. 
. preserve

.     
.         keep if year >= $ldate_bg1
(107,594,443 observations deleted)

.         
.         keep if iso_o == "`iso'"
(80,430,464 observations deleted)

.         
.         collapse (sum) v , by(iso_o k year)

.         keep if v >= 100
(16,225 observations deleted)

. 
.         bys     k: keep if _n ==1
(2,061 observations deleted)

.         keep    k

.         save    "$RES//`iso'//temp/k_list_X", replace
(file d:/santoni/Dropbox//WW_other_projs/WB_2024/WB_GE/WB_DTA_Toolkit/2.res/toolkit//AGO//temp/k_list_X.dta not found)
file d:/santoni/Dropbox//WW_other_projs/WB_2024/WB_GE/WB_DTA_Toolkit/2.res/toolkit//AGO//temp/k_list_X.dta saved

. restore

. 
. 
. merge   m:1             k       using   "$RES//`iso'//temp/k_list_X"

    Result                      Number of obs
    -----------------------------------------
    Not matched                   134,572,137
        from master               134,572,137  (_merge==1)
        from using                          0  (_merge==2)

    Matched                        53,555,294  (_merge==3)
    -----------------------------------------

. 
. keep    if _m == 3
(134,572,137 observations deleted)

. drop    _m

. 
. 
. ********************************************************************************
. ********************************************************************************
. * Select sample for gravity estimation: using appropriate UN correspondance 
. if "$baci_version"        == "BACI_HS02_V202401b" {
. preserve
. import excel "$DATA/class/HS2012-17-BEC5_08_Nov_2018.xlsx", sheet("HS12BEC5") firstrow clear
(30 vars, 5,205 obs)
.  keep HS6 BEC5EndUse BEC4ENDUSE BEC4INT BEC4CONS BEC4CAP
.  destring BEC4INT , replace force
BEC4INT: all characters numeric; replaced as double
(14 missing values generated)
.  destring BEC4CONS, replace force
BEC4CONS: all characters numeric; replaced as double
(14 missing values generated)
.  destring BEC4CAP , replace force 
BEC4CAP: all characters numeric; replaced as double
(14 missing values generated)
.  duplicates drop 

Duplicates in terms of all variables

(0 observations are duplicates)
.  save   "$TEMP/k_BEC4", replace
file d:/santoni/Dropbox//WW_other_projs/WB_2024/WB_GE/WB_DTA_Toolkit/1.data/temp/k_BEC4.dta saved
. 
. ********************************************************************************
. ******************************************************************************** 
. 
. import excel "$DATA/class/HS 2012 to HS 2002 Correlation and conversion tables.xls", sheet("Conversion HS 2012-HS 2002") cellrange(C7:D5213) firstrow clear
(2 vars, 5,206 obs)
. rename HS2012 HS6
. merge 1:1 HS6 using "$TEMP/k_BEC4"

    Result                      Number of obs
    -----------------------------------------
    Not matched                             1
        from master                         1  (_merge==1)
        from using                          0  (_merge==2)

    Matched                             5,205  (_merge==3)
    -----------------------------------------
. keep if _m == 3
(1 observation deleted)
. drop _m
. 
. rename HS2002 k
. destring k, replace force
k: all characters numeric; replaced as long
. cap drop if k == .
. 
. collapse (mean) BEC4INT BEC4CONS BEC4CAP, by(k)
. 
. gen stade3 = "I" if ((BEC4INT + BEC4CAP) >  BEC4CONS )
(1,256 missing values generated)
. 
. keep stade3 k
. save    "$TEMP/k_BEC", replace
file d:/santoni/Dropbox//WW_other_projs/WB_2024/WB_GE/WB_DTA_Toolkit/1.data/temp/k_BEC.dta saved
. restore
. }

. 
. ********************************************************************************
. ********************************************************************************
. 
. 
. merge   m:1     k                       using   "$TEMP/k_BEC"

    Result                      Number of obs
    -----------------------------------------
    Not matched                       329,947
        from master                   325,960  (_merge==1)
        from using                      3,987  (_merge==2)

    Matched                        53,229,334  (_merge==3)
    -----------------------------------------

. drop if _m == 2
(3,987 observations deleted)

. drop _m

. 
. preserve        

.         keep if stade3 == "I"
(10,670,623 observations deleted)

.         collapse (sum) v, by(iso_o iso_d year)

.         compress
  (0 bytes saved)

.         save "$RES//`iso'//temp/est_sample_imrt_int_k", replace
(file d:/santoni/Dropbox//WW_other_projs/WB_2024/WB_GE/WB_DTA_Toolkit/2.res/toolkit//AGO//temp/est_sample_imrt_int_k.dta not found)
file d:/santoni/Dropbox//WW_other_projs/WB_2024/WB_GE/WB_DTA_Toolkit/2.res/toolkit//AGO//temp/est_sample_imrt_int_k.dta saved

. restore

. 
. collapse (sum) v, by(iso_o iso_d year)

. compress
  (0 bytes saved)

. 
. 
. save "$RES//`iso'//temp/est_sample_imrt", replace
(file d:/santoni/Dropbox//WW_other_projs/WB_2024/WB_GE/WB_DTA_Toolkit/2.res/toolkit//AGO//temp/est_sample_imrt.dta not found)
file d:/santoni/Dropbox//WW_other_projs/WB_2024/WB_GE/WB_DTA_Toolkit/2.res/toolkit//AGO//temp/est_sample_imrt.dta saved

.         
. ********************************************************************************
. ********************************************************************************
. * 1a) Inward MRT - all products
. 
. use "$RES//`iso'//temp/est_sample_imrt", replace

. 
. 
. ********************************************************************************
. do      "$PROG_rta_stat/p1b_square"

. 
. ********************************************************************************
. 
. preserve

.         bys year: keep if _n==1
(411,742 observations deleted)

.         keep year

.         save "$TEMP\square", replace
(file d:/santoni/Dropbox//WW_other_projs/WB_2024/WB_GE/WB_DTA_Toolkit/1.data/temp\square.dta not found)
file d:/santoni/Dropbox//WW_other_projs/WB_2024/WB_GE/WB_DTA_Toolkit/1.data/temp\square.dta saved

. restore

. 
. 
. preserve

.         bys     iso_o: keep if _n==1
(411,600 observations deleted)

.         keep    iso_o

.         cross using "$TEMP\square.dta"

.         save "$TEMP\square.dta", replace
file d:/santoni/Dropbox//WW_other_projs/WB_2024/WB_GE/WB_DTA_Toolkit/1.data/temp\square.dta saved

. restore

. 
. 
. preserve

.         bys     iso_d: keep if _n==1
(411,600 observations deleted)

.         keep    iso_d

.         cross   using "$TEMP\square.dta"

.         save    "$TEMP\square.dta", replace
file d:/santoni/Dropbox//WW_other_projs/WB_2024/WB_GE/WB_DTA_Toolkit/1.data/temp\square.dta saved

. restore

. 
. merge 1:1 year iso_o iso_d using "$TEMP\square.dta", nogenerate

    Result                      Number of obs
    -----------------------------------------
    Not matched                       146,186
        from master                         0  
        from using                    146,186  

    Matched                           411,763  
    -----------------------------------------

. cap erase        "$TEMP\square.dta"

. 
. drop if iso_o == iso_d
(3,423 observations deleted)

. replace v = 0 if v==.
(142,763 real changes made)

. 
. ********************************************************************************
. 
end of do-file

. ********************************************************************************
. 
. merge m:1 iso_o iso_d year using "$RES//`iso'//temp/gravity_temp"

    Result                      Number of obs
    -----------------------------------------
    Not matched                       366,053
        from master                     8,736  (_merge==1)
        from using                    357,317  (_merge==2)

    Matched                           545,790  (_merge==3)
    -----------------------------------------

. drop if _m == 2
(357,317 observations deleted)

. drop _m

. 
. 
. 
. cap drop i

. cap drop j

. 
. egen i  = group(iso_o)

. egen j  = group(iso_d)

. 
. egen it = group(iso_o year)

. egen jt = group(iso_d year)

. 
. 
. bys jt: egen tx = total(v)

. 
. gen v_sh            =    v / tx
(4,374 missing values generated)

. gen ldist                       = ln( $dist )
(8,736 missing values generated)

. gen lv              = ln(v)
(142,763 missing values generated)

. 
. ********************************************************************************
. ********************************************************************************
. * PPML value
. 
. preserve

.         ppmlhdfe v   $covar  ,  absorb(   ppml_d_jt = jt ppml_d_it = it)  d maxiter(1000) acceleration(steep)
warning: dependent variable takes very low values after standardizing (2.8617e-10)
Iteration 1:   deviance = 2.2791e+11  eps = .         iters = 6    tol = 1.0e-04  min(eta) =  -5.36  P   
Iteration 2:   deviance = 1.3294e+11  eps = 7.14e-01  iters = 4    tol = 1.0e-04  min(eta) =  -7.01      
Iteration 3:   deviance = 1.0889e+11  eps = 2.21e-01  iters = 4    tol = 1.0e-04  min(eta) =  -8.79      
Iteration 4:   deviance = 1.0300e+11  eps = 5.72e-02  iters = 4    tol = 1.0e-04  min(eta) = -10.66      
Iteration 5:   deviance = 1.0175e+11  eps = 1.23e-02  iters = 3    tol = 1.0e-04  min(eta) = -12.44      
Iteration 6:   deviance = 1.0152e+11  eps = 2.31e-03  iters = 3    tol = 1.0e-04  min(eta) = -13.93      
Iteration 7:   deviance = 1.0148e+11  eps = 3.81e-04  iters = 2    tol = 1.0e-04  min(eta) = -15.49      
Iteration 8:   deviance = 1.0147e+11  eps = 5.86e-05  iters = 2    tol = 1.0e-04  min(eta) = -17.08      
Iteration 9:   deviance = 1.0147e+11  eps = 9.43e-06  iters = 2    tol = 1.0e-05  min(eta) = -18.18      
Iteration 10:  deviance = 1.0147e+11  eps = 1.34e-06  iters = 2    tol = 1.0e-06  min(eta) = -18.74   S  
Iteration 11:  deviance = 1.0147e+11  eps = 1.08e-07  iters = 1    tol = 1.0e-06  min(eta) = -19.26   S  
Iteration 12:  deviance = 1.0147e+11  eps = 3.76e-09  iters = 2    tol = 1.0e-07  min(eta) = -19.61   S  
Iteration 13:  deviance = 1.0147e+11  eps = 7.21e-11  iters = 2    tol = 1.0e-08  min(eta) = -19.69   S  
Iteration 14:  deviance = 1.0147e+11  eps = 1.13e-13  iters = 2    tol = 1.0e-09  min(eta) = -19.70   S O
------------------------------------------------------------------------------------------------------------
(legend: p: exact partial-out   s: exact solver   h: step-halving   o: epsilon below tolerance)
Converged in 14 iterations and 39 HDFE sub-iterations (tol = 1.0e-08)

HDFE PPML regression                              No. of obs      =    545,790
Absorbing 2 HDFE groups                           Residual df     =    539,014
                                                  Wald chi2(5)    =   28331.77
Deviance             =  1.01470e+11               Prob > chi2     =     0.0000
Log pseudolikelihood = -5.07368e+10               Pseudo R2       =     0.9183
------------------------------------------------------------------------------
             |               Robust
           v | Coefficient  std. err.      z    P>|z|     [95% conf. interval]
-------------+----------------------------------------------------------------
       ldist |  -.6613369   .0078507   -84.24   0.000     -.676724   -.6459498
     fta_wto |   .3142358   .0160466    19.58   0.000     .2827851    .3456865
      contig |   .4034886   .0177444    22.74   0.000     .3687102     .438267
      comcol |   .6472681   .0363913    17.79   0.000     .5759426    .7185937
         lpn |   .0448924   .0336072     1.34   0.182    -.0209764    .1107612
       _cons |   20.79902   .0705359   294.87   0.000     20.66077    20.93726
------------------------------------------------------------------------------

Absorbed degrees of freedom:
-----------------------------------------------------+
 Absorbed FE | Categories  - Redundant  = Num. Coefs |
-------------+---------------------------------------|
          jt |      3396           0        3396     |
          it |      3396          21        3375     |
-----------------------------------------------------+

. 
.         replace   ppml_d_jt         =  exp(ppml_d_jt)
(545,790 real changes made)

.     drop if   ppml_d_jt         == .
(8,736 observations deleted)

. 
.         bys year: egen max_rca          =  max(ppml_d_jt)

.         gen             norm_IMRT           =  ppml_d_jt/max_rca

.         
.         
.      replace norm_IMRT          =  .   if norm_IMRT <= 0.000001
(0 real changes made)

.      drop if norm_IMRT          == .
(0 observations deleted)

.     
.         keep if year >= $ldate_bg1
(337,778 observations deleted)

.         
.         collapse (mean)    norm_IMRT  , by(iso_d)

.         rename iso_d iso3

.         merge m:1 iso3 using "$DATA/cty/TP_FAO_cty_year", keepusing(iso3)

    Result                      Number of obs
    -----------------------------------------
    Not matched                             4
        from master                         0  (_merge==1)
        from using                          4  (_merge==2)

    Matched                               162  (_merge==3)
    -----------------------------------------

.         keep    if _m == 3
(4 observations deleted)

.         drop    _m 

. 
.         gsort   -norm

.         gen             rank = _n

.         drop    norm

.         keep    if rank <= 30
(132 observations deleted)

.         
.         gen             estimation      = "PPML value"

.         gen             item            = "demand"

.         save "$RES//`iso'//temp/norm_IMRT_ppml", replace
(file d:/santoni/Dropbox//WW_other_projs/WB_2024/WB_GE/WB_DTA_Toolkit/2.res/toolkit//AGO//temp/norm_IMRT_ppml.dta not found)
file d:/santoni/Dropbox//WW_other_projs/WB_2024/WB_GE/WB_DTA_Toolkit/2.res/toolkit//AGO//temp/norm_IMRT_ppml.dta saved

. restore

. 
. 
. ********************************************************************************
. ********************************************************************************
. * 1b) Inward MRT - intermediate products
. 
. 
. use "$RES//`iso'//temp/est_sample_imrt_int_k", replace

. 
. 
. ********************************************************************************
. do      "$PROG_rta_stat/p1b_square"

. 
. ********************************************************************************
. 
. preserve

.         bys year: keep if _n==1
(387,192 observations deleted)

.         keep year

.         save "$TEMP\square", replace
(file d:/santoni/Dropbox//WW_other_projs/WB_2024/WB_GE/WB_DTA_Toolkit/1.data/temp\square.dta not found)
file d:/santoni/Dropbox//WW_other_projs/WB_2024/WB_GE/WB_DTA_Toolkit/1.data/temp\square.dta saved

. restore

. 
. 
. preserve

.         bys     iso_o: keep if _n==1
(387,050 observations deleted)

.         keep    iso_o

.         cross using "$TEMP\square.dta"

.         save "$TEMP\square.dta", replace
file d:/santoni/Dropbox//WW_other_projs/WB_2024/WB_GE/WB_DTA_Toolkit/1.data/temp\square.dta saved

. restore

. 
. 
. preserve

.         bys     iso_d: keep if _n==1
(387,050 observations deleted)

.         keep    iso_d

.         cross   using "$TEMP\square.dta"

.         save    "$TEMP\square.dta", replace
file d:/santoni/Dropbox//WW_other_projs/WB_2024/WB_GE/WB_DTA_Toolkit/1.data/temp\square.dta saved

. restore

. 
. merge 1:1 year iso_o iso_d using "$TEMP\square.dta", nogenerate

    Result                      Number of obs
    -----------------------------------------
    Not matched                       170,736
        from master                         0  
        from using                    170,736  

    Matched                           387,213  
    -----------------------------------------

. cap erase        "$TEMP\square.dta"

. 
. drop if iso_o == iso_d
(3,423 observations deleted)

. replace v = 0 if v==.
(167,313 real changes made)

. 
. ********************************************************************************
. 
end of do-file

. ********************************************************************************
. 
. merge m:1 iso_o iso_d year using "$RES//`iso'//temp/gravity_temp"

    Result                      Number of obs
    -----------------------------------------
    Not matched                       366,053
        from master                     8,736  (_merge==1)
        from using                    357,317  (_merge==2)

    Matched                           545,790  (_merge==3)
    -----------------------------------------

. drop if _m == 2
(357,317 observations deleted)

. drop _m

. 
. 
. 
. cap drop i

. cap drop j

. 
. egen i  = group(iso_o)

. egen j  = group(iso_d)

. 
. egen it = group(iso_o year)

. egen jt = group(iso_d year)

. 
. 
. bys jt: egen tx = total(v)

. 
. gen v_sh            =    v / tx
(4,374 missing values generated)

. gen ldist                       = ln( $dist )
(8,736 missing values generated)

. gen lv              = ln(v)
(167,313 missing values generated)

. 
. ********************************************************************************
. ********************************************************************************
. * PPML value
. 
. preserve

.         ppmlhdfe v   $covar  ,  absorb(   ppml_d_jt = jt ppml_d_it = it)  d maxiter(1000) acceleration(steep)
warning: dependent variable takes very low values after standardizing (4.0732e-10)
Iteration 1:   deviance = 1.8033e+11  eps = .         iters = 6    tol = 1.0e-04  min(eta) =  -5.32  P   
Iteration 2:   deviance = 1.0815e+11  eps = 6.67e-01  iters = 4    tol = 1.0e-04  min(eta) =  -6.96      
Iteration 3:   deviance = 8.9914e+10  eps = 2.03e-01  iters = 4    tol = 1.0e-04  min(eta) =  -8.77      
Iteration 4:   deviance = 8.5326e+10  eps = 5.38e-02  iters = 4    tol = 1.0e-04  min(eta) = -10.63      
Iteration 5:   deviance = 8.4300e+10  eps = 1.22e-02  iters = 3    tol = 1.0e-04  min(eta) = -12.49      
Iteration 6:   deviance = 8.4096e+10  eps = 2.43e-03  iters = 2    tol = 1.0e-04  min(eta) = -14.15      
Iteration 7:   deviance = 8.4059e+10  eps = 4.40e-04  iters = 2    tol = 1.0e-04  min(eta) = -15.64      
Iteration 8:   deviance = 8.4053e+10  eps = 7.55e-05  iters = 2    tol = 1.0e-04  min(eta) = -17.13      
Iteration 9:   deviance = 8.4052e+10  eps = 1.30e-05  iters = 2    tol = 1.0e-05  min(eta) = -18.35      
Iteration 10:  deviance = 8.4052e+10  eps = 2.09e-06  iters = 1    tol = 1.0e-05  min(eta) = -19.03   S  
Iteration 11:  deviance = 8.4052e+10  eps = 2.78e-07  iters = 2    tol = 1.0e-06  min(eta) = -19.38   S  
Iteration 12:  deviance = 8.4052e+10  eps = 2.41e-08  iters = 2    tol = 1.0e-07  min(eta) = -19.70   S  
Iteration 13:  deviance = 8.4052e+10  eps = 9.09e-10  iters = 2    tol = 1.0e-08  min(eta) = -19.76   S  
Iteration 14:  deviance = 8.4052e+10  eps = 9.87e-12  iters = 2    tol = 1.0e-09  min(eta) = -19.77   S O
------------------------------------------------------------------------------------------------------------
(legend: p: exact partial-out   s: exact solver   h: step-halving   o: epsilon below tolerance)
Converged in 14 iterations and 38 HDFE sub-iterations (tol = 1.0e-08)

HDFE PPML regression                              No. of obs      =    545,790
Absorbing 2 HDFE groups                           Residual df     =    539,014
                                                  Wald chi2(5)    =   22943.26
Deviance             =  8.40518e+10               Prob > chi2     =     0.0000
Log pseudolikelihood = -4.20277e+10               Pseudo R2       =     0.9054
------------------------------------------------------------------------------
             |               Robust
           v | Coefficient  std. err.      z    P>|z|     [95% conf. interval]
-------------+----------------------------------------------------------------
       ldist |  -.6283622   .0084763   -74.13   0.000    -.6449754   -.6117489
     fta_wto |   .3291645   .0180431    18.24   0.000     .2938007    .3645282
      contig |    .425933   .0198691    21.44   0.000     .3869903    .4648757
      comcol |    .573097   .0409778    13.99   0.000      .492782     .653412
         lpn |    .035008    .036769     0.95   0.341    -.0370578    .1070738
       _cons |   20.22485   .0763814   264.79   0.000     20.07515    20.37456
------------------------------------------------------------------------------

Absorbed degrees of freedom:
-----------------------------------------------------+
 Absorbed FE | Categories  - Redundant  = Num. Coefs |
-------------+---------------------------------------|
          jt |      3396           0        3396     |
          it |      3396          21        3375     |
-----------------------------------------------------+

. 
.         replace   ppml_d_jt           = exp(ppml_d_jt)
(545,790 real changes made)

.     drop if   ppml_d_jt           == .
(8,736 observations deleted)

.         bys year: egen max_rca            = max(ppml_d_jt)

.                   gen           norm_IMRT = ppml_d_jt/max_rca

.         
.             replace norm_IMRT          =  .   if norm_IMRT <= 0.000001
(0 real changes made)

.        drop if norm_IMRT          == .
(0 observations deleted)

. 
.         keep if year >= $ldate_bg1
(337,778 observations deleted)

.         
.         collapse (mean)    norm_IMRT  , by(iso_d)

.         rename iso_d iso3

. 
.         merge m:1 iso3 using "$DATA/cty/TP_FAO_cty_year", keepusing(iso3)

    Result                      Number of obs
    -----------------------------------------
    Not matched                             4
        from master                         0  (_merge==1)
        from using                          4  (_merge==2)

    Matched                               162  (_merge==3)
    -----------------------------------------

.         keep    if _m == 3
(4 observations deleted)

.         drop    _m 

. 
.         gsort   -norm

.         gen             rank = _n

.         drop    norm

.         keep    if rank <= 30
(132 observations deleted)

.         
.         gen             estimation      = "PPML value"

.         gen             item            = "demand int good"

.         save "$RES//`iso'//temp/norm_IMRT_int_ppml", replace
(file d:/santoni/Dropbox//WW_other_projs/WB_2024/WB_GE/WB_DTA_Toolkit/2.res/toolkit//AGO//temp/norm_IMRT_int_ppml.dta not found)
file d:/santoni/Dropbox//WW_other_projs/WB_2024/WB_GE/WB_DTA_Toolkit/2.res/toolkit//AGO//temp/norm_IMRT_int_ppml.dta saved

. restore

. 
. 
. ********************************************************************************
. ********************************************************************************
. * 2) CTY IMPORT SIDE:
. 
. use "$RES//`iso'//temp/trade_baci_cty", clear

. 
. rename t year

. 
. 
. preserve

. 
.         keep if year >= $ldate_bg1
(107,594,443 observations deleted)

. 
. 
.         keep if iso_d == "`iso'"
(80,083,783 observations deleted)

.         
.         collapse (sum) v , by(iso_d k  year)

.         keep if v >= 100
(13,828 observations deleted)

.         
.         bys     k: keep if _n ==1
(17,852 observations deleted)

.         keep    k

.         save    "$RES//`iso'//temp/k_list_M", replace
(file d:/santoni/Dropbox//WW_other_projs/WB_2024/WB_GE/WB_DTA_Toolkit/2.res/toolkit//AGO//temp/k_list_M.dta not found)
file d:/santoni/Dropbox//WW_other_projs/WB_2024/WB_GE/WB_DTA_Toolkit/2.res/toolkit//AGO//temp/k_list_M.dta saved

. restore

. 
. 
. merge   m:1             k       using   "$RES//`iso'//temp/k_list_M"

    Result                      Number of obs
    -----------------------------------------
    Not matched                    21,162,198
        from master                21,162,198  (_merge==1)
        from using                          0  (_merge==2)

    Matched                       166,965,233  (_merge==3)
    -----------------------------------------

. 
. keep    if _m == 3
(21,162,198 observations deleted)

. drop    _m

. 
. ********************************************************************************
. ********************************************************************************
. * Select sample for gravity estimation: using appropriate UN correspondance 
. if "$baci_version"        == "BACI_HS02_V202401b" {
. preserve
. import excel "$DATA/class/HS2012-17-BEC5_08_Nov_2018.xlsx", sheet("HS12BEC5") firstrow clear
(30 vars, 5,205 obs)
.  keep HS6 BEC5EndUse BEC4ENDUSE BEC4INT BEC4CONS BEC4CAP
.  destring BEC4INT , replace force
BEC4INT: all characters numeric; replaced as double
(14 missing values generated)
.  destring BEC4CONS, replace force
BEC4CONS: all characters numeric; replaced as double
(14 missing values generated)
.  destring BEC4CAP , replace force 
BEC4CAP: all characters numeric; replaced as double
(14 missing values generated)
.  duplicates drop 

Duplicates in terms of all variables

(0 observations are duplicates)
.  save   "$TEMP/k_BEC4", replace
file d:/santoni/Dropbox//WW_other_projs/WB_2024/WB_GE/WB_DTA_Toolkit/1.data/temp/k_BEC4.dta saved
. 
. ********************************************************************************
. ******************************************************************************** 
. 
. import excel "$DATA/class/HS 2012 to HS 2002 Correlation and conversion tables.xls", sheet("Conversion HS 2012-HS 2002") cellrange(C7:D5213) firstrow clear
(2 vars, 5,206 obs)
. rename HS2012 HS6
. merge 1:1 HS6 using "$TEMP/k_BEC4"

    Result                      Number of obs
    -----------------------------------------
    Not matched                             1
        from master                         1  (_merge==1)
        from using                          0  (_merge==2)

    Matched                             5,205  (_merge==3)
    -----------------------------------------
. keep if _m == 3
(1 observation deleted)
. drop _m
. 
. rename HS2002 k
. destring k, replace force
k: all characters numeric; replaced as long
. cap drop if k == .
. 
. collapse (mean) BEC4INT BEC4CONS BEC4CAP, by(k)
. 
. gen stade3 = "I" if ((BEC4INT + BEC4CAP) >  BEC4CONS )
(1,256 missing values generated)
. 
. keep stade3 k
. save    "$TEMP/k_BEC", replace
file d:/santoni/Dropbox//WW_other_projs/WB_2024/WB_GE/WB_DTA_Toolkit/1.data/temp/k_BEC.dta saved
. restore
. }

. 
. ********************************************************************************
. ******************************************************************************** 
. 
. merge   m:1     k                       using   "$TEMP/k_BEC"

    Result                      Number of obs
    -----------------------------------------
    Not matched                       707,407
        from master                   706,097  (_merge==1)
        from using                      1,310  (_merge==2)

    Matched                       166,259,136  (_merge==3)
    -----------------------------------------

. drop if _m == 2
(1,310 observations deleted)

. drop _m 

. 
. 
. preserve        

.         keep if stade3 == "I"
(56,658,467 observations deleted)

.         collapse (sum) v, by(iso_o iso_d year)

.         compress
  (0 bytes saved)

.         save "$RES//`iso'//temp/est_sample_omrt_int_k", replace
(file d:/santoni/Dropbox//WW_other_projs/WB_2024/WB_GE/WB_DTA_Toolkit/2.res/toolkit//AGO//temp/est_sample_omrt_int_k.dta not found)
file d:/santoni/Dropbox//WW_other_projs/WB_2024/WB_GE/WB_DTA_Toolkit/2.res/toolkit//AGO//temp/est_sample_omrt_int_k.dta saved

. restore

. 
. collapse (sum) v, by(iso_o iso_d year)

. compress
  (0 bytes saved)

. 
.         save "$RES//`iso'//temp/est_sample_omrt", replace
(file d:/santoni/Dropbox//WW_other_projs/WB_2024/WB_GE/WB_DTA_Toolkit/2.res/toolkit//AGO//temp/est_sample_omrt.dta not found)
file d:/santoni/Dropbox//WW_other_projs/WB_2024/WB_GE/WB_DTA_Toolkit/2.res/toolkit//AGO//temp/est_sample_omrt.dta saved

.         
. ********************************************************************************
. ********************************************************************************
. * 1a) Inward MRT - all products
. 
. use "$RES//`iso'//temp/est_sample_omrt", replace

. 
. 
. ********************************************************************************
. do      "$PROG_rta_stat/p1b_square"

. 
. ********************************************************************************
. 
. preserve

.         bys year: keep if _n==1
(437,382 observations deleted)

.         keep year

.         save "$TEMP\square", replace
(file d:/santoni/Dropbox//WW_other_projs/WB_2024/WB_GE/WB_DTA_Toolkit/1.data/temp\square.dta not found)
file d:/santoni/Dropbox//WW_other_projs/WB_2024/WB_GE/WB_DTA_Toolkit/1.data/temp\square.dta saved

. restore

. 
. 
. preserve

.         bys     iso_o: keep if _n==1
(437,240 observations deleted)

.         keep    iso_o

.         cross using "$TEMP\square.dta"

.         save "$TEMP\square.dta", replace
file d:/santoni/Dropbox//WW_other_projs/WB_2024/WB_GE/WB_DTA_Toolkit/1.data/temp\square.dta saved

. restore

. 
. 
. preserve

.         bys     iso_d: keep if _n==1
(437,240 observations deleted)

.         keep    iso_d

.         cross   using "$TEMP\square.dta"

.         save    "$TEMP\square.dta", replace
file d:/santoni/Dropbox//WW_other_projs/WB_2024/WB_GE/WB_DTA_Toolkit/1.data/temp\square.dta saved

. restore

. 
. merge 1:1 year iso_o iso_d using "$TEMP\square.dta", nogenerate

    Result                      Number of obs
    -----------------------------------------
    Not matched                       120,546
        from master                         0  
        from using                    120,546  

    Matched                           437,403  
    -----------------------------------------

. cap erase        "$TEMP\square.dta"

. 
. drop if iso_o == iso_d
(3,423 observations deleted)

. replace v = 0 if v==.
(117,123 real changes made)

. 
. ********************************************************************************
. 
end of do-file

. ********************************************************************************
. 
. 
. merge m:1 iso_o iso_d year using "$RES//`iso'//temp/gravity_temp" 

    Result                      Number of obs
    -----------------------------------------
    Not matched                       366,053
        from master                     8,736  (_merge==1)
        from using                    357,317  (_merge==2)

    Matched                           545,790  (_merge==3)
    -----------------------------------------

. drop if _m == 2
(357,317 observations deleted)

. drop _m

. 
. 
. 
. cap drop i

. cap drop j

. 
. egen i  = group(iso_o)

. egen j  = group(iso_d)

. 
. egen it = group(iso_o year)

. egen jt = group(iso_d year)

. 
. 
. bys jt: egen tx = total(v)

. 
. gen v_sh            =    v / tx
(4,374 missing values generated)

. gen ldist                       = ln( $dist )
(8,736 missing values generated)

. gen lv              = ln(v)
(117,123 missing values generated)

. 
. ********************************************************************************
. ********************************************************************************
. * PPML value
. 
. preserve

.         ppmlhdfe v   $covar  ,  absorb(   ppml_d_jt = jt ppml_d_it = it)  d maxiter(1000) acceleration(steep)
warning: dependent variable takes very low values after standardizing (1.8897e-10)
Iteration 1:   deviance = 3.0448e+11  eps = .         iters = 6    tol = 1.0e-04  min(eta) =  -5.33  P   
Iteration 2:   deviance = 1.6953e+11  eps = 7.96e-01  iters = 4    tol = 1.0e-04  min(eta) =  -6.99      
Iteration 3:   deviance = 1.3508e+11  eps = 2.55e-01  iters = 4    tol = 1.0e-04  min(eta) =  -8.75      
Iteration 4:   deviance = 1.2683e+11  eps = 6.50e-02  iters = 4    tol = 1.0e-04  min(eta) = -10.55      
Iteration 5:   deviance = 1.2517e+11  eps = 1.33e-02  iters = 3    tol = 1.0e-04  min(eta) = -12.28      
Iteration 6:   deviance = 1.2488e+11  eps = 2.31e-03  iters = 3    tol = 1.0e-04  min(eta) = -13.98      
Iteration 7:   deviance = 1.2483e+11  eps = 3.60e-04  iters = 2    tol = 1.0e-04  min(eta) = -15.51      
Iteration 8:   deviance = 1.2483e+11  eps = 5.45e-05  iters = 2    tol = 1.0e-04  min(eta) = -17.07      
Iteration 9:   deviance = 1.2483e+11  eps = 8.29e-06  iters = 2    tol = 1.0e-05  min(eta) = -18.10      
Iteration 10:  deviance = 1.2483e+11  eps = 1.00e-06  iters = 2    tol = 1.0e-06  min(eta) = -18.61   S  
Iteration 11:  deviance = 1.2483e+11  eps = 5.47e-08  iters = 1    tol = 1.0e-06  min(eta) = -18.75   S  
Iteration 12:  deviance = 1.2483e+11  eps = 6.66e-10  iters = 1    tol = 1.0e-07  min(eta) = -18.75   S  
Iteration 13:  deviance = 1.2483e+11  eps = 7.04e-13  iters = 3    tol = 1.0e-09  min(eta) = -18.76   S O
------------------------------------------------------------------------------------------------------------
(legend: p: exact partial-out   s: exact solver   h: step-halving   o: epsilon below tolerance)
Converged in 13 iterations and 37 HDFE sub-iterations (tol = 1.0e-08)

HDFE PPML regression                              No. of obs      =    545,790
Absorbing 2 HDFE groups                           Residual df     =    539,014
                                                  Wald chi2(5)    =   36195.51
Deviance             =  1.24826e+11               Prob > chi2     =     0.0000
Log pseudolikelihood = -6.24154e+10               Pseudo R2       =     0.9334
------------------------------------------------------------------------------
             |               Robust
           v | Coefficient  std. err.      z    P>|z|     [95% conf. interval]
-------------+----------------------------------------------------------------
       ldist |  -.6837331   .0069903   -97.81   0.000    -.6974338   -.6700324
     fta_wto |   .3177775   .0144414    22.00   0.000     .2894729    .3460822
      contig |   .3955276   .0155846    25.38   0.000     .3649824    .4260729
      comcol |   .5717136   .0335344    17.05   0.000     .5059874    .6374397
         lpn |    .055468   .0307363     1.80   0.071    -.0047741    .1157101
       _cons |   21.37798   .0626664   341.14   0.000     21.25516    21.50081
------------------------------------------------------------------------------

Absorbed degrees of freedom:
-----------------------------------------------------+
 Absorbed FE | Categories  - Redundant  = Num. Coefs |
-------------+---------------------------------------|
          jt |      3396           0        3396     |
          it |      3396          21        3375     |
-----------------------------------------------------+

. 
.         replace   ppml_d_it         = exp(ppml_d_it)
(545,790 real changes made)

.     drop if   ppml_d_it         == .
(8,736 observations deleted)

. 
.         bys year: egen max_rca          = max(ppml_d_it)

.                  gen  norm_IMRT     = ppml_d_it/max_rca

.         
.        replace norm_IMRT        =  .   if norm_IMRT <= 0.000001
(0 real changes made)

.        drop if norm_IMRT        == .
(0 observations deleted)

. 
.         keep if year >= $ldate_bg1
(337,778 observations deleted)

.         
.         collapse (mean)    norm_IMRT  , by(iso_o)

.         rename iso_o iso3

. 
.         merge m:1 iso3 using "$DATA/cty/TP_FAO_cty_year", keepusing(iso3)

    Result                      Number of obs
    -----------------------------------------
    Not matched                             4
        from master                         0  (_merge==1)
        from using                          4  (_merge==2)

    Matched                               162  (_merge==3)
    -----------------------------------------

.         keep    if _m == 3
(4 observations deleted)

.         drop    _m 

. 
.         gsort   -norm

.         gen             rank = _n

.         drop    norm

.         keep    if rank <= 30
(132 observations deleted)

.         
.         gen             estimation      = "PPML value"

.         gen             item            = "supply"

.         save "$RES//`iso'//temp/norm_OMRT_ppml", replace
(file d:/santoni/Dropbox//WW_other_projs/WB_2024/WB_GE/WB_DTA_Toolkit/2.res/toolkit//AGO//temp/norm_OMRT_ppml.dta not found)
file d:/santoni/Dropbox//WW_other_projs/WB_2024/WB_GE/WB_DTA_Toolkit/2.res/toolkit//AGO//temp/norm_OMRT_ppml.dta saved

. restore

. 
. ********************************************************************************
. ********************************************************************************
. * 1b) Inward MRT - intermediate products
. 
. use "$RES//`iso'//temp/est_sample_omrt_int_k", replace

. 
. 
. ********************************************************************************
. do      "$PROG_rta_stat/p1b_square"

. 
. ********************************************************************************
. 
. preserve

.         bys year: keep if _n==1
(410,200 observations deleted)

.         keep year

.         save "$TEMP\square", replace
(file d:/santoni/Dropbox//WW_other_projs/WB_2024/WB_GE/WB_DTA_Toolkit/1.data/temp\square.dta not found)
file d:/santoni/Dropbox//WW_other_projs/WB_2024/WB_GE/WB_DTA_Toolkit/1.data/temp\square.dta saved

. restore

. 
. 
. preserve

.         bys     iso_o: keep if _n==1
(410,058 observations deleted)

.         keep    iso_o

.         cross using "$TEMP\square.dta"

.         save "$TEMP\square.dta", replace
file d:/santoni/Dropbox//WW_other_projs/WB_2024/WB_GE/WB_DTA_Toolkit/1.data/temp\square.dta saved

. restore

. 
. 
. preserve

.         bys     iso_d: keep if _n==1
(410,058 observations deleted)

.         keep    iso_d

.         cross   using "$TEMP\square.dta"

.         save    "$TEMP\square.dta", replace
file d:/santoni/Dropbox//WW_other_projs/WB_2024/WB_GE/WB_DTA_Toolkit/1.data/temp\square.dta saved

. restore

. 
. merge 1:1 year iso_o iso_d using "$TEMP\square.dta", nogenerate

    Result                      Number of obs
    -----------------------------------------
    Not matched                       147,728
        from master                         0  
        from using                    147,728  

    Matched                           410,221  
    -----------------------------------------

. cap erase        "$TEMP\square.dta"

. 
. drop if iso_o == iso_d
(3,423 observations deleted)

. replace v = 0 if v==.
(144,305 real changes made)

. 
. ********************************************************************************
. 
end of do-file

. ********************************************************************************
. 
. merge m:1 iso_o iso_d year using "$RES//`iso'//temp/gravity_temp"

    Result                      Number of obs
    -----------------------------------------
    Not matched                       366,053
        from master                     8,736  (_merge==1)
        from using                    357,317  (_merge==2)

    Matched                           545,790  (_merge==3)
    -----------------------------------------

. drop if _m == 2
(357,317 observations deleted)

. drop _m

. 
. 
. 
. cap drop i

. cap drop j

. 
. egen i  = group(iso_o)

. egen j  = group(iso_d)

. 
. egen it = group(iso_o year)

. egen jt = group(iso_d year)

. 
. 
. bys jt: egen tx = total(v)

. 
. gen v_sh            =    v / tx
(4,374 missing values generated)

. gen ldist                       = ln( $dist )
(8,736 missing values generated)

. gen lv              = ln(v)
(144,305 missing values generated)

. 
. ********************************************************************************
. ********************************************************************************
. * PPML value
. 
. preserve

.         ppmlhdfe v   $covar  ,  absorb(   ppml_d_jt = jt ppml_d_it = it)  d maxiter(1000) acceleration(steep)
warning: dependent variable takes very low values after standardizing (2.8307e-10)
Iteration 1:   deviance = 2.2545e+11  eps = .         iters = 5    tol = 1.0e-04  min(eta) =  -5.32  P   
Iteration 2:   deviance = 1.2906e+11  eps = 7.47e-01  iters = 4    tol = 1.0e-04  min(eta) =  -6.98      
Iteration 3:   deviance = 1.0409e+11  eps = 2.40e-01  iters = 4    tol = 1.0e-04  min(eta) =  -8.79      
Iteration 4:   deviance = 9.7883e+10  eps = 6.34e-02  iters = 4    tol = 1.0e-04  min(eta) = -10.64      
Iteration 5:   deviance = 9.6560e+10  eps = 1.37e-02  iters = 3    tol = 1.0e-04  min(eta) = -12.45      
Iteration 6:   deviance = 9.6315e+10  eps = 2.55e-03  iters = 3    tol = 1.0e-04  min(eta) = -14.11      
Iteration 7:   deviance = 9.6273e+10  eps = 4.36e-04  iters = 2    tol = 1.0e-04  min(eta) = -15.58      
Iteration 8:   deviance = 9.6266e+10  eps = 7.52e-05  iters = 2    tol = 1.0e-04  min(eta) = -17.08      
Iteration 9:   deviance = 9.6264e+10  eps = 1.34e-05  iters = 2    tol = 1.0e-05  min(eta) = -18.25      
Iteration 10:  deviance = 9.6264e+10  eps = 2.18e-06  iters = 1    tol = 1.0e-05  min(eta) = -18.97   S  
Iteration 11:  deviance = 9.6264e+10  eps = 2.80e-07  iters = 1    tol = 1.0e-06  min(eta) = -19.40   S  
Iteration 12:  deviance = 9.6264e+10  eps = 2.11e-08  iters = 2    tol = 1.0e-07  min(eta) = -19.73   S  
Iteration 13:  deviance = 9.6264e+10  eps = 6.03e-10  iters = 3    tol = 1.0e-08  min(eta) = -19.93   S  
Iteration 14:  deviance = 9.6264e+10  eps = 3.91e-12  iters = 2    tol = 1.0e-09  min(eta) = -19.95   S O
------------------------------------------------------------------------------------------------------------
(legend: p: exact partial-out   s: exact solver   h: step-halving   o: epsilon below tolerance)
Converged in 14 iterations and 38 HDFE sub-iterations (tol = 1.0e-08)

HDFE PPML regression                              No. of obs      =    545,790
Absorbing 2 HDFE groups                           Residual df     =    539,014
                                                  Wald chi2(5)    =   32227.31
Deviance             =  9.62642e+10               Prob > chi2     =     0.0000
Log pseudolikelihood = -4.81341e+10               Pseudo R2       =     0.9246
------------------------------------------------------------------------------
             |               Robust
           v | Coefficient  std. err.      z    P>|z|     [95% conf. interval]
-------------+----------------------------------------------------------------
       ldist |  -.6694987   .0075399   -88.79   0.000    -.6842767   -.6547208
     fta_wto |   .3478888    .015845    21.96   0.000     .3168332    .3789443
      contig |   .4127906   .0168307    24.53   0.000      .379803    .4457782
      comcol |   .5277418   .0370949    14.23   0.000     .4550372    .6004464
         lpn |   .0709541   .0317254     2.24   0.025     .0087735    .1331348
       _cons |   20.88367   .0676382   308.76   0.000     20.75111    21.01624
------------------------------------------------------------------------------

Absorbed degrees of freedom:
-----------------------------------------------------+
 Absorbed FE | Categories  - Redundant  = Num. Coefs |
-------------+---------------------------------------|
          jt |      3396           0        3396     |
          it |      3396          21        3375     |
-----------------------------------------------------+

. 
.         
.         replace   ppml_d_it         = exp(ppml_d_it)
(545,790 real changes made)

.     drop if   ppml_d_it         == .
(8,736 observations deleted)

. 
.         bys year: egen max_rca          = max(ppml_d_it)

.                  gen  norm_IMRT     = ppml_d_it/max_rca

.         
.        replace norm_IMRT        =  .   if norm_IMRT <= 0.000001
(0 real changes made)

.        drop if norm_IMRT        == .
(0 observations deleted)

.         
.         keep if year                            >= $ldate_bg1
(337,778 observations deleted)

.         
.         collapse (mean)    norm_IMRT  , by(iso_o)

.         rename iso_o iso3

. 
.         merge m:1 iso3 using "$DATA/cty/TP_FAO_cty_year", keepusing(iso3)

    Result                      Number of obs
    -----------------------------------------
    Not matched                             4
        from master                         0  (_merge==1)
        from using                          4  (_merge==2)

    Matched                               162  (_merge==3)
    -----------------------------------------

.         keep    if _m == 3
(4 observations deleted)

.         drop    _m 

. 
.         gsort   -norm

.         
.         gen             rank = _n

.         drop    norm

.         keep    if rank <= 30
(132 observations deleted)

.         
.         gen             estimation      = "PPML value"

.         gen             item            = "supply int good"

.         save "$RES//`iso'//temp/norm_OMRT_int_ppml", replace
(file d:/santoni/Dropbox//WW_other_projs/WB_2024/WB_GE/WB_DTA_Toolkit/2.res/toolkit//AGO//temp/norm_OMRT_int_ppml.dta not found)
file d:/santoni/Dropbox//WW_other_projs/WB_2024/WB_GE/WB_DTA_Toolkit/2.res/toolkit//AGO//temp/norm_OMRT_int_ppml.dta saved

. restore

. 
. 
. ********************************************************************************
. ********************************************************************************
. ********************************************************************************
. 
. * 3) Export a table of results
. 
. use                                     "$RES//`iso'//temp/norm_IMRT_ppml", clear

. 
. append  using                   "$RES//`iso'//temp/norm_IMRT_int_ppml"
(variable item was str6, now str15 to accommodate using data's values)

. 
. append  using                   "$RES//`iso'//temp/norm_OMRT_ppml"

. 
. append  using                   "$RES//`iso'//temp/norm_OMRT_int_ppml"

. 
. merge   m:1 iso3        using   "$RES//`iso'//temp/temp_regio"

    Result                      Number of obs
    -----------------------------------------
    Not matched                           132
        from master                         0  (_merge==1)
        from using                        132  (_merge==2)

    Matched                               120  (_merge==3)
    -----------------------------------------

. keep if _m == 3
(132 observations deleted)

. drop    _m

. 
. 
. rename iso3 iso_d

. 
. merge   m:1 iso_d        using "$RES//`iso'//temp/RTA_cty", keepus(agreem $kmean_alg )

    Result                      Number of obs
    -----------------------------------------
    Not matched                           152
        from master                       116  (_merge==1)
        from using                         36  (_merge==2)

    Matched                                 4  (_merge==3)
    -----------------------------------------

. drop    if _m == 2
(36 observations deleted)

. drop      _m

. 
. sort item estimation rank

. 
. rename iso_d iso

. 
. save                            "$RES//`iso'//RTA_to_sign.dta", replace
(file d:/santoni/Dropbox//WW_other_projs/WB_2024/WB_GE/WB_DTA_Toolkit/2.res/toolkit//AGO//RTA_to_sign.dta not found)
file d:/santoni/Dropbox//WW_other_projs/WB_2024/WB_GE/WB_DTA_Toolkit/2.res/toolkit//AGO//RTA_to_sign.dta saved

. 
. ********************************************************************************
. * Add market shares: 
. 
. use                     "$RES//`iso'//RTA_to_sign.dta", clear

. keep            iso

. drop    if      iso == "`iso'"
(0 observations deleted)

. bys iso:        keep if _n == 1
(86 observations deleted)

. save            "$RES//`iso'//temp/cty_in_RTA_to_sign.dta", replace
(file d:/santoni/Dropbox//WW_other_projs/WB_2024/WB_GE/WB_DTA_Toolkit/2.res/toolkit//AGO//temp/cty_in_RTA_to_sign.dta not found)
file d:/santoni/Dropbox//WW_other_projs/WB_2024/WB_GE/WB_DTA_Toolkit/2.res/toolkit//AGO//temp/cty_in_RTA_to_sign.dta saved

. 
. ********************************************************************************
. ********************************************************************************
. 
. use "$RES//`iso'//temp/trade_baci_cty", clear

. 
. rename t year

. keep if year >= $ldate_bg1
(107,594,443 observations deleted)

. 
. keep if iso_d == "`iso'"
(80,083,783 observations deleted)

. 
. collapse (sum) v, by(  iso_o iso_d year)

.          
. bys year iso_d: egen                    M = total(v)

. gen     m_mkts_sh   =   v/M

.         
. collapse (mean) m_mkts_sh, by(iso_o)

. 
. rename  iso_o iso

. save    "$RES//`iso'//temp/mkt_sh_M.dta", replace
(file d:/santoni/Dropbox//WW_other_projs/WB_2024/WB_GE/WB_DTA_Toolkit/2.res/toolkit//AGO//temp/mkt_sh_M.dta not found)
file d:/santoni/Dropbox//WW_other_projs/WB_2024/WB_GE/WB_DTA_Toolkit/2.res/toolkit//AGO//temp/mkt_sh_M.dta saved

. 
. 
. ********************************************************************************
. ********************************************************************************
. 
. use "$RES//`iso'//temp/trade_baci_cty", clear

. 
. rename t year

. keep if year >= $ldate_bg1
(107,594,443 observations deleted)

. 
. keep if iso_o == "`iso'"
(80,430,464 observations deleted)

. 
. collapse (sum) v, by(iso_o iso_d year)

.          
. bys year iso_o: egen                    X = total(v)

. gen     x_mkts_sh   =   v/X

.         
. collapse (mean) x_mkts_sh, by(iso_d)

.                                         
. rename  iso_d iso

. 
. merge   1:1             iso     using           "$RES//`iso'//temp/mkt_sh_M.dta"

    Result                      Number of obs
    -----------------------------------------
    Not matched                             3
        from master                         0  (_merge==1)
        from using                          3  (_merge==2)

    Matched                               157  (_merge==3)
    -----------------------------------------

. 
. replace         x_mkts_sh = 0 if _m == 2                                        
(3 real changes made)

. replace         m_mkts_sh = 0 if _m == 1                        
(0 real changes made)

.                                         
. drop            _m

. 
. merge   1:1             iso     using           "$RES//`iso'//temp/cty_in_RTA_to_sign.dta"

    Result                      Number of obs
    -----------------------------------------
    Not matched                           126
        from master                       126  (_merge==1)
        from using                          0  (_merge==2)

    Matched                                34  (_merge==3)
    -----------------------------------------

. keep    if      _m == 3                                 
(126 observations deleted)

. drop            _m

. 
. save    "$RES//`iso'//temp/mkt_sh.dta", replace
(file d:/santoni/Dropbox//WW_other_projs/WB_2024/WB_GE/WB_DTA_Toolkit/2.res/toolkit//AGO//temp/mkt_sh.dta not found)
file d:/santoni/Dropbox//WW_other_projs/WB_2024/WB_GE/WB_DTA_Toolkit/2.res/toolkit//AGO//temp/mkt_sh.dta saved

.                                         
. ********************************************************************************
. 
. use                     "$RES//`iso'//RTA_to_sign.dta", clear

.                                 
. merge           m:1             iso     using           "$RES//`iso'//temp/mkt_sh.dta"          

    Result                      Number of obs
    -----------------------------------------
    Not matched                             0
    Matched                               120  (_merge==3)
    -----------------------------------------

. drop            _m

.                                         
. sort item estimation rank

. save                            "$RES//`iso'//RTA_to_sign.dta", replace
file d:/santoni/Dropbox//WW_other_projs/WB_2024/WB_GE/WB_DTA_Toolkit/2.res/toolkit//AGO//RTA_to_sign.dta saved

. export excel using      "$RES//`iso'//RTA_to_sign.xlsx", sheet("RTA to sign")  sheetreplace firstrow(variables) nolabel 
file d:/santoni/Dropbox//WW_other_projs/WB_2024/WB_GE/WB_DTA_Toolkit/2.res/toolkit//AGO//RTA_to_sign.xlsx saved

.                                         
. cap     log close
