
. 
. 
. ********************************************************************************
. ********************************************************************************
. ********************************************************************************
. 
. use "$RES//`iso'//temp/trade_baci_cty", clear

. 
. rename t year

. 
. ********************************************************************************
. * Select exported products 
. 
. preserve

.     
.         keep if year >= $ldate_bg1
(107,594,443 observations deleted)

.         
.         keep if iso_o == "`iso'"
(80,489,384 observations deleted)

.         
.         collapse (sum) v , by(iso_o k year)

.         keep if v >= 100
(11,355 observations deleted)

. 
.         bys     k: keep if _n ==1
(1,745 observations deleted)

.         keep    k

.         save    "$RES//`iso'//temp/k_list_X", replace
(file d:/santoni/Dropbox//WW_other_projs/WB_2024/WB_GE/WB_DTA_Toolkit/2.res/toolkit//DZA//temp/k_list_X.dta not found)
file d:/santoni/Dropbox//WW_other_projs/WB_2024/WB_GE/WB_DTA_Toolkit/2.res/toolkit//DZA//temp/k_list_X.dta saved

. restore

. 
. 
. merge   m:1             k       using   "$RES//`iso'//temp/k_list_X"

    Result                      Number of obs
    -----------------------------------------
    Not matched                   136,191,082
        from master               136,191,082  (_merge==1)
        from using                          0  (_merge==2)

    Matched                        51,936,349  (_merge==3)
    -----------------------------------------

. 
. keep    if _m == 3
(136,191,082 observations deleted)

. drop    _m

. 
. 
. ********************************************************************************
. ********************************************************************************
. * Select sample for gravity estimation: using appropriate UN correspondance 
. if "$baci_version"        == "BACI_HS02_V202401b" {
. preserve
. import excel "$DATA/class/HS2012-17-BEC5_08_Nov_2018.xlsx", sheet("HS12BEC5") firstrow clear
(30 vars, 5,205 obs)
.  keep HS6 BEC5EndUse BEC4ENDUSE BEC4INT BEC4CONS BEC4CAP
.  destring BEC4INT , replace force
BEC4INT: all characters numeric; replaced as double
(14 missing values generated)
.  destring BEC4CONS, replace force
BEC4CONS: all characters numeric; replaced as double
(14 missing values generated)
.  destring BEC4CAP , replace force 
BEC4CAP: all characters numeric; replaced as double
(14 missing values generated)
.  duplicates drop 

Duplicates in terms of all variables

(0 observations are duplicates)
.  save   "$TEMP/k_BEC4", replace
file d:/santoni/Dropbox//WW_other_projs/WB_2024/WB_GE/WB_DTA_Toolkit/1.data/temp/k_BEC4.dta saved
. 
. ********************************************************************************
. ******************************************************************************** 
. 
. import excel "$DATA/class/HS 2012 to HS 2002 Correlation and conversion tables.xls", sheet("Conversion HS 2012-HS 2002") cellrange(C7:D5213) firstrow clear
(2 vars, 5,206 obs)
. rename HS2012 HS6
. merge 1:1 HS6 using "$TEMP/k_BEC4"

    Result                      Number of obs
    -----------------------------------------
    Not matched                             1
        from master                         1  (_merge==1)
        from using                          0  (_merge==2)

    Matched                             5,205  (_merge==3)
    -----------------------------------------
. keep if _m == 3
(1 observation deleted)
. drop _m
. 
. rename HS2002 k
. destring k, replace force
k: all characters numeric; replaced as long
. cap drop if k == .
. 
. collapse (mean) BEC4INT BEC4CONS BEC4CAP, by(k)
. 
. gen stade3 = "I" if ((BEC4INT + BEC4CAP) >  BEC4CONS )
(1,256 missing values generated)
. 
. keep stade3 k
. save    "$TEMP/k_BEC", replace
file d:/santoni/Dropbox//WW_other_projs/WB_2024/WB_GE/WB_DTA_Toolkit/1.data/temp/k_BEC.dta saved
. restore
. }

. 
. ********************************************************************************
. ********************************************************************************
. 
. 
. merge   m:1     k                       using   "$TEMP/k_BEC"

    Result                      Number of obs
    -----------------------------------------
    Not matched                       260,849
        from master                   256,885  (_merge==1)
        from using                      3,964  (_merge==2)

    Matched                        51,679,464  (_merge==3)
    -----------------------------------------

. drop if _m == 2
(3,964 observations deleted)

. drop _m

. 
. preserve        

.         keep if stade3 == "I"
(13,972,120 observations deleted)

.         collapse (sum) v, by(iso_o iso_d year)

.         compress
  (0 bytes saved)

.         save "$RES//`iso'//temp/est_sample_imrt_int_k", replace
(file d:/santoni/Dropbox//WW_other_projs/WB_2024/WB_GE/WB_DTA_Toolkit/2.res/toolkit//DZA//temp/est_sample_imrt_int_k.dta not found)
file d:/santoni/Dropbox//WW_other_projs/WB_2024/WB_GE/WB_DTA_Toolkit/2.res/toolkit//DZA//temp/est_sample_imrt_int_k.dta saved

. restore

. 
. collapse (sum) v, by(iso_o iso_d year)

. compress
  (0 bytes saved)

. 
. 
. save "$RES//`iso'//temp/est_sample_imrt", replace
(file d:/santoni/Dropbox//WW_other_projs/WB_2024/WB_GE/WB_DTA_Toolkit/2.res/toolkit//DZA//temp/est_sample_imrt.dta not found)
file d:/santoni/Dropbox//WW_other_projs/WB_2024/WB_GE/WB_DTA_Toolkit/2.res/toolkit//DZA//temp/est_sample_imrt.dta saved

.         
. ********************************************************************************
. ********************************************************************************
. * 1a) Inward MRT - all products
. 
. use "$RES//`iso'//temp/est_sample_imrt", replace

. 
. 
. ********************************************************************************
. do      "$PROG_rta_stat/p1b_square"

. 
. ********************************************************************************
. 
. preserve

.         bys year: keep if _n==1
(410,600 observations deleted)

.         keep year

.         save "$TEMP\square", replace
(file d:/santoni/Dropbox//WW_other_projs/WB_2024/WB_GE/WB_DTA_Toolkit/1.data/temp\square.dta not found)
file d:/santoni/Dropbox//WW_other_projs/WB_2024/WB_GE/WB_DTA_Toolkit/1.data/temp\square.dta saved

. restore

. 
. 
. preserve

.         bys     iso_o: keep if _n==1
(410,458 observations deleted)

.         keep    iso_o

.         cross using "$TEMP\square.dta"

.         save "$TEMP\square.dta", replace
file d:/santoni/Dropbox//WW_other_projs/WB_2024/WB_GE/WB_DTA_Toolkit/1.data/temp\square.dta saved

. restore

. 
. 
. preserve

.         bys     iso_d: keep if _n==1
(410,458 observations deleted)

.         keep    iso_d

.         cross   using "$TEMP\square.dta"

.         save    "$TEMP\square.dta", replace
file d:/santoni/Dropbox//WW_other_projs/WB_2024/WB_GE/WB_DTA_Toolkit/1.data/temp\square.dta saved

. restore

. 
. merge 1:1 year iso_o iso_d using "$TEMP\square.dta", nogenerate

    Result                      Number of obs
    -----------------------------------------
    Not matched                       147,328
        from master                         0  
        from using                    147,328  

    Matched                           410,621  
    -----------------------------------------

. cap erase        "$TEMP\square.dta"

. 
. drop if iso_o == iso_d
(3,423 observations deleted)

. replace v = 0 if v==.
(143,905 real changes made)

. 
. ********************************************************************************
. 
end of do-file

. ********************************************************************************
. 
. merge m:1 iso_o iso_d year using "$RES//`iso'//temp/gravity_temp"

    Result                      Number of obs
    -----------------------------------------
    Not matched                       366,053
        from master                     8,736  (_merge==1)
        from using                    357,317  (_merge==2)

    Matched                           545,790  (_merge==3)
    -----------------------------------------

. drop if _m == 2
(357,317 observations deleted)

. drop _m

. 
. 
. 
. cap drop i

. cap drop j

. 
. egen i  = group(iso_o)

. egen j  = group(iso_d)

. 
. egen it = group(iso_o year)

. egen jt = group(iso_d year)

. 
. 
. bys jt: egen tx = total(v)

. 
. gen v_sh            =    v / tx
(4,374 missing values generated)

. gen ldist                       = ln( $dist )
(8,736 missing values generated)

. gen lv              = ln(v)
(143,905 missing values generated)

. 
. ********************************************************************************
. ********************************************************************************
. * PPML value
. 
. preserve

.         ppmlhdfe v   $covar  ,  absorb(   ppml_d_jt = jt ppml_d_it = it)  d maxiter(1000) acceleration(steep)
warning: dependent variable takes very low values after standardizing (2.7652e-10)
Iteration 1:   deviance = 2.3397e+11  eps = .         iters = 6    tol = 1.0e-04  min(eta) =  -5.39  P   
Iteration 2:   deviance = 1.3629e+11  eps = 7.17e-01  iters = 5    tol = 1.0e-04  min(eta) =  -7.02      
Iteration 3:   deviance = 1.1152e+11  eps = 2.22e-01  iters = 4    tol = 1.0e-04  min(eta) =  -8.77      
Iteration 4:   deviance = 1.0540e+11  eps = 5.81e-02  iters = 4    tol = 1.0e-04  min(eta) = -10.54      
Iteration 5:   deviance = 1.0408e+11  eps = 1.27e-02  iters = 3    tol = 1.0e-04  min(eta) = -12.28      
Iteration 6:   deviance = 1.0382e+11  eps = 2.44e-03  iters = 3    tol = 1.0e-04  min(eta) = -13.90      
Iteration 7:   deviance = 1.0378e+11  eps = 4.27e-04  iters = 2    tol = 1.0e-04  min(eta) = -15.62      
Iteration 8:   deviance = 1.0377e+11  eps = 7.20e-05  iters = 2    tol = 1.0e-04  min(eta) = -17.27      
Iteration 9:   deviance = 1.0377e+11  eps = 1.16e-05  iters = 2    tol = 1.0e-05  min(eta) = -18.47      
Iteration 10:  deviance = 1.0377e+11  eps = 1.50e-06  iters = 1    tol = 1.0e-05  min(eta) = -19.20   S  
Iteration 11:  deviance = 1.0377e+11  eps = 1.14e-07  iters = 2    tol = 1.0e-06  min(eta) = -19.55   S  
Iteration 12:  deviance = 1.0377e+11  eps = 4.31e-09  iters = 2    tol = 1.0e-07  min(eta) = -19.62   S  
Iteration 13:  deviance = 1.0377e+11  eps = 4.33e-11  iters = 2    tol = 1.0e-08  min(eta) = -19.62   S  
Iteration 14:  deviance = 1.0377e+11  eps = 1.01e-14  iters = 2    tol = 1.0e-09  min(eta) = -19.62   S O
------------------------------------------------------------------------------------------------------------
(legend: p: exact partial-out   s: exact solver   h: step-halving   o: epsilon below tolerance)
Converged in 14 iterations and 40 HDFE sub-iterations (tol = 1.0e-08)

HDFE PPML regression                              No. of obs      =    545,790
Absorbing 2 HDFE groups                           Residual df     =    539,014
                                                  Wald chi2(5)    =   32299.26
Deviance             =  1.03772e+11               Prob > chi2     =     0.0000
Log pseudolikelihood = -5.18878e+10               Pseudo R2       =     0.9191
------------------------------------------------------------------------------
             |               Robust
           v | Coefficient  std. err.      z    P>|z|     [95% conf. interval]
-------------+----------------------------------------------------------------
       ldist |  -.7105439    .007916   -89.76   0.000     -.726059   -.6950288
     fta_wto |   .3259268   .0161889    20.13   0.000      .294197    .3576565
      contig |   .4316174   .0168246    25.65   0.000     .3986417     .464593
      comcol |   .5605321   .0384684    14.57   0.000     .4851354    .6359288
         lpn |   .1251635   .0330406     3.79   0.000     .0604051    .1899218
       _cons |   21.15011   .0708843   298.38   0.000     21.01118    21.28904
------------------------------------------------------------------------------

Absorbed degrees of freedom:
-----------------------------------------------------+
 Absorbed FE | Categories  - Redundant  = Num. Coefs |
-------------+---------------------------------------|
          jt |      3396           0        3396     |
          it |      3396          21        3375     |
-----------------------------------------------------+

. 
.         replace   ppml_d_jt         =  exp(ppml_d_jt)
(545,790 real changes made)

.     drop if   ppml_d_jt         == .
(8,736 observations deleted)

. 
.         bys year: egen max_rca          =  max(ppml_d_jt)

.         gen             norm_IMRT           =  ppml_d_jt/max_rca

.         
.         
.      replace norm_IMRT          =  .   if norm_IMRT <= 0.000001
(0 real changes made)

.      drop if norm_IMRT          == .
(0 observations deleted)

.     
.         keep if year >= $ldate_bg1
(337,778 observations deleted)

.         
.         collapse (mean)    norm_IMRT  , by(iso_d)

.         rename iso_d iso3

.         merge m:1 iso3 using "$DATA/cty/TP_FAO_cty_year", keepusing(iso3)

    Result                      Number of obs
    -----------------------------------------
    Not matched                             4
        from master                         0  (_merge==1)
        from using                          4  (_merge==2)

    Matched                               162  (_merge==3)
    -----------------------------------------

.         keep    if _m == 3
(4 observations deleted)

.         drop    _m 

. 
.         gsort   -norm

.         gen             rank = _n

.         drop    norm

.         keep    if rank <= 30
(132 observations deleted)

.         
.         gen             estimation      = "PPML value"

.         gen             item            = "demand"

.         save "$RES//`iso'//temp/norm_IMRT_ppml", replace
(file d:/santoni/Dropbox//WW_other_projs/WB_2024/WB_GE/WB_DTA_Toolkit/2.res/toolkit//DZA//temp/norm_IMRT_ppml.dta not found)
file d:/santoni/Dropbox//WW_other_projs/WB_2024/WB_GE/WB_DTA_Toolkit/2.res/toolkit//DZA//temp/norm_IMRT_ppml.dta saved

. restore

. 
. 
. ********************************************************************************
. ********************************************************************************
. * 1b) Inward MRT - intermediate products
. 
. 
. use "$RES//`iso'//temp/est_sample_imrt_int_k", replace

. 
. 
. ********************************************************************************
. do      "$PROG_rta_stat/p1b_square"

. 
. ********************************************************************************
. 
. preserve

.         bys year: keep if _n==1
(382,409 observations deleted)

.         keep year

.         save "$TEMP\square", replace
(file d:/santoni/Dropbox//WW_other_projs/WB_2024/WB_GE/WB_DTA_Toolkit/1.data/temp\square.dta not found)
file d:/santoni/Dropbox//WW_other_projs/WB_2024/WB_GE/WB_DTA_Toolkit/1.data/temp\square.dta saved

. restore

. 
. 
. preserve

.         bys     iso_o: keep if _n==1
(382,267 observations deleted)

.         keep    iso_o

.         cross using "$TEMP\square.dta"

.         save "$TEMP\square.dta", replace
file d:/santoni/Dropbox//WW_other_projs/WB_2024/WB_GE/WB_DTA_Toolkit/1.data/temp\square.dta saved

. restore

. 
. 
. preserve

.         bys     iso_d: keep if _n==1
(382,267 observations deleted)

.         keep    iso_d

.         cross   using "$TEMP\square.dta"

.         save    "$TEMP\square.dta", replace
file d:/santoni/Dropbox//WW_other_projs/WB_2024/WB_GE/WB_DTA_Toolkit/1.data/temp\square.dta saved

. restore

. 
. merge 1:1 year iso_o iso_d using "$TEMP\square.dta", nogenerate

    Result                      Number of obs
    -----------------------------------------
    Not matched                       175,519
        from master                         0  
        from using                    175,519  

    Matched                           382,430  
    -----------------------------------------

. cap erase        "$TEMP\square.dta"

. 
. drop if iso_o == iso_d
(3,423 observations deleted)

. replace v = 0 if v==.
(172,096 real changes made)

. 
. ********************************************************************************
. 
end of do-file

. ********************************************************************************
. 
. merge m:1 iso_o iso_d year using "$RES//`iso'//temp/gravity_temp"

    Result                      Number of obs
    -----------------------------------------
    Not matched                       366,053
        from master                     8,736  (_merge==1)
        from using                    357,317  (_merge==2)

    Matched                           545,790  (_merge==3)
    -----------------------------------------

. drop if _m == 2
(357,317 observations deleted)

. drop _m

. 
. 
. 
. cap drop i

. cap drop j

. 
. egen i  = group(iso_o)

. egen j  = group(iso_d)

. 
. egen it = group(iso_o year)

. egen jt = group(iso_d year)

. 
. 
. bys jt: egen tx = total(v)

. 
. gen v_sh            =    v / tx
(4,374 missing values generated)

. gen ldist                       = ln( $dist )
(8,736 missing values generated)

. gen lv              = ln(v)
(172,096 missing values generated)

. 
. ********************************************************************************
. ********************************************************************************
. * PPML value
. 
. preserve

.         ppmlhdfe v   $covar  ,  absorb(   ppml_d_jt = jt ppml_d_it = it)  d maxiter(1000) acceleration(steep)
warning: dependent variable takes very low values after standardizing (3.9225e-10)
Iteration 1:   deviance = 1.8444e+11  eps = .         iters = 6    tol = 1.0e-04  min(eta) =  -5.38  P   
Iteration 2:   deviance = 1.1039e+11  eps = 6.71e-01  iters = 4    tol = 1.0e-04  min(eta) =  -7.01      
Iteration 3:   deviance = 9.1735e+10  eps = 2.03e-01  iters = 4    tol = 1.0e-04  min(eta) =  -8.81      
Iteration 4:   deviance = 8.7024e+10  eps = 5.41e-02  iters = 4    tol = 1.0e-04  min(eta) = -10.64      
Iteration 5:   deviance = 8.5960e+10  eps = 1.24e-02  iters = 3    tol = 1.0e-04  min(eta) = -12.44      
Iteration 6:   deviance = 8.5746e+10  eps = 2.50e-03  iters = 3    tol = 1.0e-04  min(eta) = -14.21      
Iteration 7:   deviance = 8.5706e+10  eps = 4.67e-04  iters = 2    tol = 1.0e-04  min(eta) = -15.72      
Iteration 8:   deviance = 8.5698e+10  eps = 8.55e-05  iters = 2    tol = 1.0e-04  min(eta) = -17.26      
Iteration 9:   deviance = 8.5697e+10  eps = 1.55e-05  iters = 2    tol = 1.0e-05  min(eta) = -18.51      
Iteration 10:  deviance = 8.5697e+10  eps = 2.48e-06  iters = 1    tol = 1.0e-05  min(eta) = -19.29   S  
Iteration 11:  deviance = 8.5697e+10  eps = 2.98e-07  iters = 2    tol = 1.0e-06  min(eta) = -19.80   S  
Iteration 12:  deviance = 8.5697e+10  eps = 2.14e-08  iters = 2    tol = 1.0e-07  min(eta) = -19.96   S  
Iteration 13:  deviance = 8.5697e+10  eps = 4.89e-10  iters = 2    tol = 1.0e-08  min(eta) = -19.98   S  
Iteration 14:  deviance = 8.5697e+10  eps = 9.29e-13  iters = 2    tol = 1.0e-09  min(eta) = -19.98   S O
------------------------------------------------------------------------------------------------------------
(legend: p: exact partial-out   s: exact solver   h: step-halving   o: epsilon below tolerance)
Converged in 14 iterations and 39 HDFE sub-iterations (tol = 1.0e-08)

HDFE PPML regression                              No. of obs      =    545,790
Absorbing 2 HDFE groups                           Residual df     =    539,014
                                                  Wald chi2(5)    =   25434.69
Deviance             =  8.56969e+10               Prob > chi2     =     0.0000
Log pseudolikelihood = -4.28502e+10               Pseudo R2       =     0.9053
------------------------------------------------------------------------------
             |               Robust
           v | Coefficient  std. err.      z    P>|z|     [95% conf. interval]
-------------+----------------------------------------------------------------
       ldist |  -.6912651    .008822   -78.36   0.000    -.7085559   -.6739742
     fta_wto |   .3415976   .0185861    18.38   0.000     .3051696    .3780256
      contig |   .4613633   .0192266    24.00   0.000       .42368    .4990467
      comcol |    .444448   .0454111     9.79   0.000     .3554438    .5334521
         lpn |   .0680967   .0374623     1.82   0.069    -.0053281    .1415215
       _cons |   20.69142   .0791164   261.53   0.000     20.53636    20.84649
------------------------------------------------------------------------------

Absorbed degrees of freedom:
-----------------------------------------------------+
 Absorbed FE | Categories  - Redundant  = Num. Coefs |
-------------+---------------------------------------|
          jt |      3396           0        3396     |
          it |      3396          21        3375     |
-----------------------------------------------------+

. 
.         replace   ppml_d_jt           = exp(ppml_d_jt)
(545,790 real changes made)

.     drop if   ppml_d_jt           == .
(8,736 observations deleted)

.         bys year: egen max_rca            = max(ppml_d_jt)

.                   gen           norm_IMRT = ppml_d_jt/max_rca

.         
.             replace norm_IMRT          =  .   if norm_IMRT <= 0.000001
(0 real changes made)

.        drop if norm_IMRT          == .
(0 observations deleted)

. 
.         keep if year >= $ldate_bg1
(337,778 observations deleted)

.         
.         collapse (mean)    norm_IMRT  , by(iso_d)

.         rename iso_d iso3

. 
.         merge m:1 iso3 using "$DATA/cty/TP_FAO_cty_year", keepusing(iso3)

    Result                      Number of obs
    -----------------------------------------
    Not matched                             4
        from master                         0  (_merge==1)
        from using                          4  (_merge==2)

    Matched                               162  (_merge==3)
    -----------------------------------------

.         keep    if _m == 3
(4 observations deleted)

.         drop    _m 

. 
.         gsort   -norm

.         gen             rank = _n

.         drop    norm

.         keep    if rank <= 30
(132 observations deleted)

.         
.         gen             estimation      = "PPML value"

.         gen             item            = "demand int good"

.         save "$RES//`iso'//temp/norm_IMRT_int_ppml", replace
(file d:/santoni/Dropbox//WW_other_projs/WB_2024/WB_GE/WB_DTA_Toolkit/2.res/toolkit//DZA//temp/norm_IMRT_int_ppml.dta not found)
file d:/santoni/Dropbox//WW_other_projs/WB_2024/WB_GE/WB_DTA_Toolkit/2.res/toolkit//DZA//temp/norm_IMRT_int_ppml.dta saved

. restore

. 
. 
. ********************************************************************************
. ********************************************************************************
. * 2) CTY IMPORT SIDE:
. 
. use "$RES//`iso'//temp/trade_baci_cty", clear

. 
. rename t year

. 
. 
. preserve

. 
.         keep if year >= $ldate_bg1
(107,594,443 observations deleted)

. 
. 
.         keep if iso_d == "`iso'"
(80,194,295 observations deleted)

.         
.         collapse (sum) v , by(iso_d k  year)

.         keep if v >= 100
(7,407 observations deleted)

.         
.         bys     k: keep if _n ==1
(22,018 observations deleted)

.         keep    k

.         save    "$RES//`iso'//temp/k_list_M", replace
(file d:/santoni/Dropbox//WW_other_projs/WB_2024/WB_GE/WB_DTA_Toolkit/2.res/toolkit//DZA//temp/k_list_M.dta not found)
file d:/santoni/Dropbox//WW_other_projs/WB_2024/WB_GE/WB_DTA_Toolkit/2.res/toolkit//DZA//temp/k_list_M.dta saved

. restore

. 
. 
. merge   m:1             k       using   "$RES//`iso'//temp/k_list_M"

    Result                      Number of obs
    -----------------------------------------
    Not matched                    11,884,633
        from master                11,884,633  (_merge==1)
        from using                          0  (_merge==2)

    Matched                       176,242,798  (_merge==3)
    -----------------------------------------

. 
. keep    if _m == 3
(11,884,633 observations deleted)

. drop    _m

. 
. ********************************************************************************
. ********************************************************************************
. * Select sample for gravity estimation: using appropriate UN correspondance 
. if "$baci_version"        == "BACI_HS02_V202401b" {
. preserve
. import excel "$DATA/class/HS2012-17-BEC5_08_Nov_2018.xlsx", sheet("HS12BEC5") firstrow clear
(30 vars, 5,205 obs)
.  keep HS6 BEC5EndUse BEC4ENDUSE BEC4INT BEC4CONS BEC4CAP
.  destring BEC4INT , replace force
BEC4INT: all characters numeric; replaced as double
(14 missing values generated)
.  destring BEC4CONS, replace force
BEC4CONS: all characters numeric; replaced as double
(14 missing values generated)
.  destring BEC4CAP , replace force 
BEC4CAP: all characters numeric; replaced as double
(14 missing values generated)
.  duplicates drop 

Duplicates in terms of all variables

(0 observations are duplicates)
.  save   "$TEMP/k_BEC4", replace
file d:/santoni/Dropbox//WW_other_projs/WB_2024/WB_GE/WB_DTA_Toolkit/1.data/temp/k_BEC4.dta saved
. 
. ********************************************************************************
. ******************************************************************************** 
. 
. import excel "$DATA/class/HS 2012 to HS 2002 Correlation and conversion tables.xls", sheet("Conversion HS 2012-HS 2002") cellrange(C7:D5213) firstrow clear
(2 vars, 5,206 obs)
. rename HS2012 HS6
. merge 1:1 HS6 using "$TEMP/k_BEC4"

    Result                      Number of obs
    -----------------------------------------
    Not matched                             1
        from master                         1  (_merge==1)
        from using                          0  (_merge==2)

    Matched                             5,205  (_merge==3)
    -----------------------------------------
. keep if _m == 3
(1 observation deleted)
. drop _m
. 
. rename HS2002 k
. destring k, replace force
k: all characters numeric; replaced as long
. cap drop if k == .
. 
. collapse (mean) BEC4INT BEC4CONS BEC4CAP, by(k)
. 
. gen stade3 = "I" if ((BEC4INT + BEC4CAP) >  BEC4CONS )
(1,256 missing values generated)
. 
. keep stade3 k
. save    "$TEMP/k_BEC", replace
file d:/santoni/Dropbox//WW_other_projs/WB_2024/WB_GE/WB_DTA_Toolkit/1.data/temp/k_BEC.dta saved
. restore
. }

. 
. ********************************************************************************
. ******************************************************************************** 
. 
. merge   m:1     k                       using   "$TEMP/k_BEC"

    Result                      Number of obs
    -----------------------------------------
    Not matched                       686,477
        from master                   685,630  (_merge==1)
        from using                        847  (_merge==2)

    Matched                       175,557,168  (_merge==3)
    -----------------------------------------

. drop if _m == 2
(847 observations deleted)

. drop _m 

. 
. 
. preserve        

.         keep if stade3 == "I"
(57,970,039 observations deleted)

.         collapse (sum) v, by(iso_o iso_d year)

.         compress
  (0 bytes saved)

.         save "$RES//`iso'//temp/est_sample_omrt_int_k", replace
(file d:/santoni/Dropbox//WW_other_projs/WB_2024/WB_GE/WB_DTA_Toolkit/2.res/toolkit//DZA//temp/est_sample_omrt_int_k.dta not found)
file d:/santoni/Dropbox//WW_other_projs/WB_2024/WB_GE/WB_DTA_Toolkit/2.res/toolkit//DZA//temp/est_sample_omrt_int_k.dta saved

. restore

. 
. collapse (sum) v, by(iso_o iso_d year)

. compress
  (0 bytes saved)

. 
.         save "$RES//`iso'//temp/est_sample_omrt", replace
(file d:/santoni/Dropbox//WW_other_projs/WB_2024/WB_GE/WB_DTA_Toolkit/2.res/toolkit//DZA//temp/est_sample_omrt.dta not found)
file d:/santoni/Dropbox//WW_other_projs/WB_2024/WB_GE/WB_DTA_Toolkit/2.res/toolkit//DZA//temp/est_sample_omrt.dta saved

.         
. ********************************************************************************
. ********************************************************************************
. * 1a) Inward MRT - all products
. 
. use "$RES//`iso'//temp/est_sample_omrt", replace

. 
. 
. ********************************************************************************
. do      "$PROG_rta_stat/p1b_square"

. 
. ********************************************************************************
. 
. preserve

.         bys year: keep if _n==1
(438,203 observations deleted)

.         keep year

.         save "$TEMP\square", replace
(file d:/santoni/Dropbox//WW_other_projs/WB_2024/WB_GE/WB_DTA_Toolkit/1.data/temp\square.dta not found)
file d:/santoni/Dropbox//WW_other_projs/WB_2024/WB_GE/WB_DTA_Toolkit/1.data/temp\square.dta saved

. restore

. 
. 
. preserve

.         bys     iso_o: keep if _n==1
(438,061 observations deleted)

.         keep    iso_o

.         cross using "$TEMP\square.dta"

.         save "$TEMP\square.dta", replace
file d:/santoni/Dropbox//WW_other_projs/WB_2024/WB_GE/WB_DTA_Toolkit/1.data/temp\square.dta saved

. restore

. 
. 
. preserve

.         bys     iso_d: keep if _n==1
(438,061 observations deleted)

.         keep    iso_d

.         cross   using "$TEMP\square.dta"

.         save    "$TEMP\square.dta", replace
file d:/santoni/Dropbox//WW_other_projs/WB_2024/WB_GE/WB_DTA_Toolkit/1.data/temp\square.dta saved

. restore

. 
. merge 1:1 year iso_o iso_d using "$TEMP\square.dta", nogenerate

    Result                      Number of obs
    -----------------------------------------
    Not matched                       119,725
        from master                         0  
        from using                    119,725  

    Matched                           438,224  
    -----------------------------------------

. cap erase        "$TEMP\square.dta"

. 
. drop if iso_o == iso_d
(3,423 observations deleted)

. replace v = 0 if v==.
(116,302 real changes made)

. 
. ********************************************************************************
. 
end of do-file

. ********************************************************************************
. 
. 
. merge m:1 iso_o iso_d year using "$RES//`iso'//temp/gravity_temp" 

    Result                      Number of obs
    -----------------------------------------
    Not matched                       366,053
        from master                     8,736  (_merge==1)
        from using                    357,317  (_merge==2)

    Matched                           545,790  (_merge==3)
    -----------------------------------------

. drop if _m == 2
(357,317 observations deleted)

. drop _m

. 
. 
. 
. cap drop i

. cap drop j

. 
. egen i  = group(iso_o)

. egen j  = group(iso_d)

. 
. egen it = group(iso_o year)

. egen jt = group(iso_d year)

. 
. 
. bys jt: egen tx = total(v)

. 
. gen v_sh            =    v / tx
(4,374 missing values generated)

. gen ldist                       = ln( $dist )
(8,736 missing values generated)

. gen lv              = ln(v)
(116,302 missing values generated)

. 
. ********************************************************************************
. ********************************************************************************
. * PPML value
. 
. preserve

.         ppmlhdfe v   $covar  ,  absorb(   ppml_d_jt = jt ppml_d_it = it)  d maxiter(1000) acceleration(steep)
warning: dependent variable takes very low values after standardizing (1.8639e-10)
Iteration 1:   deviance = 3.0404e+11  eps = .         iters = 6    tol = 1.0e-04  min(eta) =  -5.33  P   
Iteration 2:   deviance = 1.6911e+11  eps = 7.98e-01  iters = 4    tol = 1.0e-04  min(eta) =  -6.99      
Iteration 3:   deviance = 1.3475e+11  eps = 2.55e-01  iters = 4    tol = 1.0e-04  min(eta) =  -8.74      
Iteration 4:   deviance = 1.2656e+11  eps = 6.47e-02  iters = 4    tol = 1.0e-04  min(eta) = -10.53      
Iteration 5:   deviance = 1.2492e+11  eps = 1.32e-02  iters = 3    tol = 1.0e-04  min(eta) = -12.26      
Iteration 6:   deviance = 1.2463e+11  eps = 2.27e-03  iters = 3    tol = 1.0e-04  min(eta) = -13.79      
Iteration 7:   deviance = 1.2459e+11  eps = 3.44e-04  iters = 2    tol = 1.0e-04  min(eta) = -15.50      
Iteration 8:   deviance = 1.2458e+11  eps = 4.92e-05  iters = 2    tol = 1.0e-04  min(eta) = -17.05      
Iteration 9:   deviance = 1.2458e+11  eps = 7.17e-06  iters = 2    tol = 1.0e-05  min(eta) = -18.07      
Iteration 10:  deviance = 1.2458e+11  eps = 8.58e-07  iters = 2    tol = 1.0e-06  min(eta) = -18.59   S  
Iteration 11:  deviance = 1.2458e+11  eps = 4.95e-08  iters = 2    tol = 1.0e-07  min(eta) = -18.71   S  
Iteration 12:  deviance = 1.2458e+11  eps = 6.64e-10  iters = 2    tol = 1.0e-08  min(eta) = -18.72   S  
Iteration 13:  deviance = 1.2458e+11  eps = 7.95e-13  iters = 3    tol = 1.0e-09  min(eta) = -18.72   S O
------------------------------------------------------------------------------------------------------------
(legend: p: exact partial-out   s: exact solver   h: step-halving   o: epsilon below tolerance)
Converged in 13 iterations and 39 HDFE sub-iterations (tol = 1.0e-08)

HDFE PPML regression                              No. of obs      =    545,790
Absorbing 2 HDFE groups                           Residual df     =    539,014
                                                  Wald chi2(5)    =   37792.71
Deviance             =  1.24583e+11               Prob > chi2     =     0.0000
Log pseudolikelihood = -6.22939e+10               Pseudo R2       =     0.9343
------------------------------------------------------------------------------
             |               Robust
           v | Coefficient  std. err.      z    P>|z|     [95% conf. interval]
-------------+----------------------------------------------------------------
       ldist |  -.6881098   .0068734  -100.11   0.000    -.7015813   -.6746383
     fta_wto |   .3160593   .0139029    22.73   0.000     .2888102    .3433085
      contig |   .4120786   .0150916    27.31   0.000     .3824996    .4416575
      comcol |   .5272132   .0333714    15.80   0.000     .4618065    .5926199
         lpn |    .062825   .0303549     2.07   0.038     .0033306    .1223195
       _cons |   21.41301   .0615156   348.09   0.000     21.29244    21.53358
------------------------------------------------------------------------------

Absorbed degrees of freedom:
-----------------------------------------------------+
 Absorbed FE | Categories  - Redundant  = Num. Coefs |
-------------+---------------------------------------|
          jt |      3396           0        3396     |
          it |      3396          21        3375     |
-----------------------------------------------------+

. 
.         replace   ppml_d_it         = exp(ppml_d_it)
(545,790 real changes made)

.     drop if   ppml_d_it         == .
(8,736 observations deleted)

. 
.         bys year: egen max_rca          = max(ppml_d_it)

.                  gen  norm_IMRT     = ppml_d_it/max_rca

.         
.        replace norm_IMRT        =  .   if norm_IMRT <= 0.000001
(0 real changes made)

.        drop if norm_IMRT        == .
(0 observations deleted)

. 
.         keep if year >= $ldate_bg1
(337,778 observations deleted)

.         
.         collapse (mean)    norm_IMRT  , by(iso_o)

.         rename iso_o iso3

. 
.         merge m:1 iso3 using "$DATA/cty/TP_FAO_cty_year", keepusing(iso3)

    Result                      Number of obs
    -----------------------------------------
    Not matched                             4
        from master                         0  (_merge==1)
        from using                          4  (_merge==2)

    Matched                               162  (_merge==3)
    -----------------------------------------

.         keep    if _m == 3
(4 observations deleted)

.         drop    _m 

. 
.         gsort   -norm

.         gen             rank = _n

.         drop    norm

.         keep    if rank <= 30
(132 observations deleted)

.         
.         gen             estimation      = "PPML value"

.         gen             item            = "supply"

.         save "$RES//`iso'//temp/norm_OMRT_ppml", replace
(file d:/santoni/Dropbox//WW_other_projs/WB_2024/WB_GE/WB_DTA_Toolkit/2.res/toolkit//DZA//temp/norm_OMRT_ppml.dta not found)
file d:/santoni/Dropbox//WW_other_projs/WB_2024/WB_GE/WB_DTA_Toolkit/2.res/toolkit//DZA//temp/norm_OMRT_ppml.dta saved

. restore

. 
. ********************************************************************************
. ********************************************************************************
. * 1b) Inward MRT - intermediate products
. 
. use "$RES//`iso'//temp/est_sample_omrt_int_k", replace

. 
. 
. ********************************************************************************
. do      "$PROG_rta_stat/p1b_square"

. 
. ********************************************************************************
. 
. preserve

.         bys year: keep if _n==1
(411,525 observations deleted)

.         keep year

.         save "$TEMP\square", replace
(file d:/santoni/Dropbox//WW_other_projs/WB_2024/WB_GE/WB_DTA_Toolkit/1.data/temp\square.dta not found)
file d:/santoni/Dropbox//WW_other_projs/WB_2024/WB_GE/WB_DTA_Toolkit/1.data/temp\square.dta saved

. restore

. 
. 
. preserve

.         bys     iso_o: keep if _n==1
(411,383 observations deleted)

.         keep    iso_o

.         cross using "$TEMP\square.dta"

.         save "$TEMP\square.dta", replace
file d:/santoni/Dropbox//WW_other_projs/WB_2024/WB_GE/WB_DTA_Toolkit/1.data/temp\square.dta saved

. restore

. 
. 
. preserve

.         bys     iso_d: keep if _n==1
(411,383 observations deleted)

.         keep    iso_d

.         cross   using "$TEMP\square.dta"

.         save    "$TEMP\square.dta", replace
file d:/santoni/Dropbox//WW_other_projs/WB_2024/WB_GE/WB_DTA_Toolkit/1.data/temp\square.dta saved

. restore

. 
. merge 1:1 year iso_o iso_d using "$TEMP\square.dta", nogenerate

    Result                      Number of obs
    -----------------------------------------
    Not matched                       146,403
        from master                         0  
        from using                    146,403  

    Matched                           411,546  
    -----------------------------------------

. cap erase        "$TEMP\square.dta"

. 
. drop if iso_o == iso_d
(3,423 observations deleted)

. replace v = 0 if v==.
(142,980 real changes made)

. 
. ********************************************************************************
. 
end of do-file

. ********************************************************************************
. 
. merge m:1 iso_o iso_d year using "$RES//`iso'//temp/gravity_temp"

    Result                      Number of obs
    -----------------------------------------
    Not matched                       366,053
        from master                     8,736  (_merge==1)
        from using                    357,317  (_merge==2)

    Matched                           545,790  (_merge==3)
    -----------------------------------------

. drop if _m == 2
(357,317 observations deleted)

. drop _m

. 
. 
. 
. cap drop i

. cap drop j

. 
. egen i  = group(iso_o)

. egen j  = group(iso_d)

. 
. egen it = group(iso_o year)

. egen jt = group(iso_d year)

. 
. 
. bys jt: egen tx = total(v)

. 
. gen v_sh            =    v / tx
(4,374 missing values generated)

. gen ldist                       = ln( $dist )
(8,736 missing values generated)

. gen lv              = ln(v)
(142,980 missing values generated)

. 
. ********************************************************************************
. ********************************************************************************
. * PPML value
. 
. preserve

.         ppmlhdfe v   $covar  ,  absorb(   ppml_d_jt = jt ppml_d_it = it)  d maxiter(1000) acceleration(steep)
warning: dependent variable takes very low values after standardizing (2.7605e-10)
Iteration 1:   deviance = 2.2687e+11  eps = .         iters = 6    tol = 1.0e-04  min(eta) =  -5.32  P   
Iteration 2:   deviance = 1.2965e+11  eps = 7.50e-01  iters = 4    tol = 1.0e-04  min(eta) =  -6.98      
Iteration 3:   deviance = 1.0451e+11  eps = 2.41e-01  iters = 4    tol = 1.0e-04  min(eta) =  -8.79      
Iteration 4:   deviance = 9.8290e+10  eps = 6.32e-02  iters = 4    tol = 1.0e-04  min(eta) = -10.64      
Iteration 5:   deviance = 9.6978e+10  eps = 1.35e-02  iters = 3    tol = 1.0e-04  min(eta) = -12.44      
Iteration 6:   deviance = 9.6735e+10  eps = 2.51e-03  iters = 3    tol = 1.0e-04  min(eta) = -14.09      
Iteration 7:   deviance = 9.6693e+10  eps = 4.31e-04  iters = 2    tol = 1.0e-04  min(eta) = -15.55      
Iteration 8:   deviance = 9.6686e+10  eps = 7.37e-05  iters = 2    tol = 1.0e-04  min(eta) = -17.09      
Iteration 9:   deviance = 9.6685e+10  eps = 1.31e-05  iters = 2    tol = 1.0e-05  min(eta) = -18.27      
Iteration 10:  deviance = 9.6685e+10  eps = 2.14e-06  iters = 1    tol = 1.0e-05  min(eta) = -18.87   S  
Iteration 11:  deviance = 9.6685e+10  eps = 2.66e-07  iters = 1    tol = 1.0e-06  min(eta) = -19.21   S  
Iteration 12:  deviance = 9.6685e+10  eps = 1.90e-08  iters = 2    tol = 1.0e-07  min(eta) = -19.60   S  
Iteration 13:  deviance = 9.6685e+10  eps = 4.36e-10  iters = 3    tol = 1.0e-08  min(eta) = -19.74   S  
Iteration 14:  deviance = 9.6685e+10  eps = 1.30e-12  iters = 3    tol = 1.0e-09  min(eta) = -19.75   S O
------------------------------------------------------------------------------------------------------------
(legend: p: exact partial-out   s: exact solver   h: step-halving   o: epsilon below tolerance)
Converged in 14 iterations and 40 HDFE sub-iterations (tol = 1.0e-08)

HDFE PPML regression                              No. of obs      =    545,790
Absorbing 2 HDFE groups                           Residual df     =    539,014
                                                  Wald chi2(5)    =   34428.10
Deviance             =  9.66846e+10               Prob > chi2     =     0.0000
Log pseudolikelihood = -4.83443e+10               Pseudo R2       =     0.9262
------------------------------------------------------------------------------
             |               Robust
           v | Coefficient  std. err.      z    P>|z|     [95% conf. interval]
-------------+----------------------------------------------------------------
       ldist |  -.6758584   .0073449   -92.02   0.000    -.6902542   -.6614626
     fta_wto |   .3460519   .0150498    22.99   0.000     .3165548    .3755491
      contig |   .4373093   .0159269    27.46   0.000     .4060932    .4685254
      comcol |   .4635759    .037834    12.25   0.000     .3894226    .5377291
         lpn |   .0772552   .0310348     2.49   0.013     .0164282    .1380822
       _cons |   20.93878   .0657804   318.31   0.000     20.80985     21.0677
------------------------------------------------------------------------------

Absorbed degrees of freedom:
-----------------------------------------------------+
 Absorbed FE | Categories  - Redundant  = Num. Coefs |
-------------+---------------------------------------|
          jt |      3396           0        3396     |
          it |      3396          21        3375     |
-----------------------------------------------------+

. 
.         
.         replace   ppml_d_it         = exp(ppml_d_it)
(545,790 real changes made)

.     drop if   ppml_d_it         == .
(8,736 observations deleted)

. 
.         bys year: egen max_rca          = max(ppml_d_it)

.                  gen  norm_IMRT     = ppml_d_it/max_rca

.         
.        replace norm_IMRT        =  .   if norm_IMRT <= 0.000001
(0 real changes made)

.        drop if norm_IMRT        == .
(0 observations deleted)

.         
.         keep if year                            >= $ldate_bg1
(337,778 observations deleted)

.         
.         collapse (mean)    norm_IMRT  , by(iso_o)

.         rename iso_o iso3

. 
.         merge m:1 iso3 using "$DATA/cty/TP_FAO_cty_year", keepusing(iso3)

    Result                      Number of obs
    -----------------------------------------
    Not matched                             4
        from master                         0  (_merge==1)
        from using                          4  (_merge==2)

    Matched                               162  (_merge==3)
    -----------------------------------------

.         keep    if _m == 3
(4 observations deleted)

.         drop    _m 

. 
.         gsort   -norm

.         
.         gen             rank = _n

.         drop    norm

.         keep    if rank <= 30
(132 observations deleted)

.         
.         gen             estimation      = "PPML value"

.         gen             item            = "supply int good"

.         save "$RES//`iso'//temp/norm_OMRT_int_ppml", replace
(file d:/santoni/Dropbox//WW_other_projs/WB_2024/WB_GE/WB_DTA_Toolkit/2.res/toolkit//DZA//temp/norm_OMRT_int_ppml.dta not found)
file d:/santoni/Dropbox//WW_other_projs/WB_2024/WB_GE/WB_DTA_Toolkit/2.res/toolkit//DZA//temp/norm_OMRT_int_ppml.dta saved

. restore

. 
. 
. ********************************************************************************
. ********************************************************************************
. ********************************************************************************
. 
. * 3) Export a table of results
. 
. use                                     "$RES//`iso'//temp/norm_IMRT_ppml", clear

. 
. append  using                   "$RES//`iso'//temp/norm_IMRT_int_ppml"
(variable item was str6, now str15 to accommodate using data's values)

. 
. append  using                   "$RES//`iso'//temp/norm_OMRT_ppml"

. 
. append  using                   "$RES//`iso'//temp/norm_OMRT_int_ppml"

. 
. merge   m:1 iso3        using   "$RES//`iso'//temp/temp_regio"

    Result                      Number of obs
    -----------------------------------------
    Not matched                           132
        from master                         0  (_merge==1)
        from using                        132  (_merge==2)

    Matched                               120  (_merge==3)
    -----------------------------------------

. keep if _m == 3
(132 observations deleted)

. drop    _m

. 
. 
. rename iso3 iso_d

. 
. merge   m:1 iso_d        using "$RES//`iso'//temp/RTA_cty", keepus(agreem $kmean_alg )

    Result                      Number of obs
    -----------------------------------------
    Not matched                           110
        from master                        42  (_merge==1)
        from using                         68  (_merge==2)

    Matched                                78  (_merge==3)
    -----------------------------------------

. drop    if _m == 2
(68 observations deleted)

. drop      _m

. 
. sort item estimation rank

. 
. rename iso_d iso

. 
. save                            "$RES//`iso'//RTA_to_sign.dta", replace
(file d:/santoni/Dropbox//WW_other_projs/WB_2024/WB_GE/WB_DTA_Toolkit/2.res/toolkit//DZA//RTA_to_sign.dta not found)
file d:/santoni/Dropbox//WW_other_projs/WB_2024/WB_GE/WB_DTA_Toolkit/2.res/toolkit//DZA//RTA_to_sign.dta saved

. 
. ********************************************************************************
. * Add market shares: 
. 
. use                     "$RES//`iso'//RTA_to_sign.dta", clear

. keep            iso

. drop    if      iso == "`iso'"
(0 observations deleted)

. bys iso:        keep if _n == 1
(86 observations deleted)

. save            "$RES//`iso'//temp/cty_in_RTA_to_sign.dta", replace
(file d:/santoni/Dropbox//WW_other_projs/WB_2024/WB_GE/WB_DTA_Toolkit/2.res/toolkit//DZA//temp/cty_in_RTA_to_sign.dta not found)
file d:/santoni/Dropbox//WW_other_projs/WB_2024/WB_GE/WB_DTA_Toolkit/2.res/toolkit//DZA//temp/cty_in_RTA_to_sign.dta saved

. 
. ********************************************************************************
. ********************************************************************************
. 
. use "$RES//`iso'//temp/trade_baci_cty", clear

. 
. rename t year

. keep if year >= $ldate_bg1
(107,594,443 observations deleted)

. 
. keep if iso_d == "`iso'"
(80,194,295 observations deleted)

. 
. collapse (sum) v, by(  iso_o iso_d year)

.          
. bys year iso_d: egen                    M = total(v)

. gen     m_mkts_sh   =   v/M

.         
. collapse (mean) m_mkts_sh, by(iso_o)

. 
. rename  iso_o iso

. save    "$RES//`iso'//temp/mkt_sh_M.dta", replace
(file d:/santoni/Dropbox//WW_other_projs/WB_2024/WB_GE/WB_DTA_Toolkit/2.res/toolkit//DZA//temp/mkt_sh_M.dta not found)
file d:/santoni/Dropbox//WW_other_projs/WB_2024/WB_GE/WB_DTA_Toolkit/2.res/toolkit//DZA//temp/mkt_sh_M.dta saved

. 
. 
. ********************************************************************************
. ********************************************************************************
. 
. use "$RES//`iso'//temp/trade_baci_cty", clear

. 
. rename t year

. keep if year >= $ldate_bg1
(107,594,443 observations deleted)

. 
. keep if iso_o == "`iso'"
(80,489,384 observations deleted)

. 
. collapse (sum) v, by(iso_o iso_d year)

.          
. bys year iso_o: egen                    X = total(v)

. gen     x_mkts_sh   =   v/X

.         
. collapse (mean) x_mkts_sh, by(iso_d)

.                                         
. rename  iso_d iso

. 
. merge   1:1             iso     using           "$RES//`iso'//temp/mkt_sh_M.dta"

    Result                      Number of obs
    -----------------------------------------
    Not matched                             6
        from master                         1  (_merge==1)
        from using                          5  (_merge==2)

    Matched                               153  (_merge==3)
    -----------------------------------------

. 
. replace         x_mkts_sh = 0 if _m == 2                                        
(5 real changes made)

. replace         m_mkts_sh = 0 if _m == 1                        
(1 real change made)

.                                         
. drop            _m

. 
. merge   1:1             iso     using           "$RES//`iso'//temp/cty_in_RTA_to_sign.dta"

    Result                      Number of obs
    -----------------------------------------
    Not matched                           125
        from master                       125  (_merge==1)
        from using                          0  (_merge==2)

    Matched                                34  (_merge==3)
    -----------------------------------------

. keep    if      _m == 3                                 
(125 observations deleted)

. drop            _m

. 
. save    "$RES//`iso'//temp/mkt_sh.dta", replace
(file d:/santoni/Dropbox//WW_other_projs/WB_2024/WB_GE/WB_DTA_Toolkit/2.res/toolkit//DZA//temp/mkt_sh.dta not found)
file d:/santoni/Dropbox//WW_other_projs/WB_2024/WB_GE/WB_DTA_Toolkit/2.res/toolkit//DZA//temp/mkt_sh.dta saved

.                                         
. ********************************************************************************
. 
. use                     "$RES//`iso'//RTA_to_sign.dta", clear

.                                 
. merge           m:1             iso     using           "$RES//`iso'//temp/mkt_sh.dta"          

    Result                      Number of obs
    -----------------------------------------
    Not matched                             0
    Matched                               120  (_merge==3)
    -----------------------------------------

. drop            _m

.                                         
. sort item estimation rank

. save                            "$RES//`iso'//RTA_to_sign.dta", replace
file d:/santoni/Dropbox//WW_other_projs/WB_2024/WB_GE/WB_DTA_Toolkit/2.res/toolkit//DZA//RTA_to_sign.dta saved

. export excel using      "$RES//`iso'//RTA_to_sign.xlsx", sheet("RTA to sign")  sheetreplace firstrow(variables) nolabel 
file d:/santoni/Dropbox//WW_other_projs/WB_2024/WB_GE/WB_DTA_Toolkit/2.res/toolkit//DZA//RTA_to_sign.xlsx saved

.                                         
. cap     log close
