
. 
. 
. ********************************************************************************
. ********************************************************************************
. ********************************************************************************
. 
. use "$RES//`iso'//temp/trade_baci_cty", clear

. 
. rename t year

. 
. ********************************************************************************
. * Select exported products 
. 
. preserve

.     
.         keep if year >= $ldate_bg1
(107,594,443 observations deleted)

.         
.         keep if iso_o == "`iso'"
(80,507,818 observations deleted)

.         
.         collapse (sum) v , by(iso_o k year)

.         keep if v >= 100
(9,185 observations deleted)

. 
.         bys     k: keep if _n ==1
(859 observations deleted)

.         keep    k

.         save    "$RES//`iso'//temp/k_list_X", replace
(file d:/santoni/Dropbox//WW_other_projs/WB_2024/WB_GE/WB_DTA_Toolkit/2.res/toolkit//BLZ//temp/k_list_X.dta not found)
file d:/santoni/Dropbox//WW_other_projs/WB_2024/WB_GE/WB_DTA_Toolkit/2.res/toolkit//BLZ//temp/k_list_X.dta saved

. restore

. 
. 
. merge   m:1             k       using   "$RES//`iso'//temp/k_list_X"

    Result                      Number of obs
    -----------------------------------------
    Not matched                   158,723,688
        from master               158,723,688  (_merge==1)
        from using                          0  (_merge==2)

    Matched                        29,403,743  (_merge==3)
    -----------------------------------------

. 
. keep    if _m == 3
(158,723,688 observations deleted)

. drop    _m

. 
. 
. ********************************************************************************
. ********************************************************************************
. * Select sample for gravity estimation: using appropriate UN correspondance 
. if "$baci_version"        == "BACI_HS02_V202401b" {
. preserve
. import excel "$DATA/class/HS2012-17-BEC5_08_Nov_2018.xlsx", sheet("HS12BEC5") firstrow clear
(30 vars, 5,205 obs)
.  keep HS6 BEC5EndUse BEC4ENDUSE BEC4INT BEC4CONS BEC4CAP
.  destring BEC4INT , replace force
BEC4INT: all characters numeric; replaced as double
(14 missing values generated)
.  destring BEC4CONS, replace force
BEC4CONS: all characters numeric; replaced as double
(14 missing values generated)
.  destring BEC4CAP , replace force 
BEC4CAP: all characters numeric; replaced as double
(14 missing values generated)
.  duplicates drop 

Duplicates in terms of all variables

(0 observations are duplicates)
.  save   "$TEMP/k_BEC4", replace
file d:/santoni/Dropbox//WW_other_projs/WB_2024/WB_GE/WB_DTA_Toolkit/1.data/temp/k_BEC4.dta saved
. 
. ********************************************************************************
. ******************************************************************************** 
. 
. import excel "$DATA/class/HS 2012 to HS 2002 Correlation and conversion tables.xls", sheet("Conversion HS 2012-HS 2002") cellrange(C7:D5213) firstrow clear
(2 vars, 5,206 obs)
. rename HS2012 HS6
. merge 1:1 HS6 using "$TEMP/k_BEC4"

    Result                      Number of obs
    -----------------------------------------
    Not matched                             1
        from master                         1  (_merge==1)
        from using                          0  (_merge==2)

    Matched                             5,205  (_merge==3)
    -----------------------------------------
. keep if _m == 3
(1 observation deleted)
. drop _m
. 
. rename HS2002 k
. destring k, replace force
k: all characters numeric; replaced as long
. cap drop if k == .
. 
. collapse (mean) BEC4INT BEC4CONS BEC4CAP, by(k)
. 
. gen stade3 = "I" if ((BEC4INT + BEC4CAP) >  BEC4CONS )
(1,256 missing values generated)
. 
. keep stade3 k
. save    "$TEMP/k_BEC", replace
file d:/santoni/Dropbox//WW_other_projs/WB_2024/WB_GE/WB_DTA_Toolkit/1.data/temp/k_BEC.dta saved
. restore
. }

. 
. ********************************************************************************
. ********************************************************************************
. 
. 
. merge   m:1     k                       using   "$TEMP/k_BEC"

    Result                      Number of obs
    -----------------------------------------
    Not matched                       187,611
        from master                   183,250  (_merge==1)
        from using                      4,361  (_merge==2)

    Matched                        29,220,493  (_merge==3)
    -----------------------------------------

. drop if _m == 2
(4,361 observations deleted)

. drop _m

. 
. preserve        

.         keep if stade3 == "I"
(12,132,666 observations deleted)

.         collapse (sum) v, by(iso_o iso_d year)

.         compress
  (0 bytes saved)

.         save "$RES//`iso'//temp/est_sample_imrt_int_k", replace
(file d:/santoni/Dropbox//WW_other_projs/WB_2024/WB_GE/WB_DTA_Toolkit/2.res/toolkit//BLZ//temp/est_sample_imrt_int_k.dta not found)
file d:/santoni/Dropbox//WW_other_projs/WB_2024/WB_GE/WB_DTA_Toolkit/2.res/toolkit//BLZ//temp/est_sample_imrt_int_k.dta saved

. restore

. 
. collapse (sum) v, by(iso_o iso_d year)

. compress
  (0 bytes saved)

. 
. 
. save "$RES//`iso'//temp/est_sample_imrt", replace
(file d:/santoni/Dropbox//WW_other_projs/WB_2024/WB_GE/WB_DTA_Toolkit/2.res/toolkit//BLZ//temp/est_sample_imrt.dta not found)
file d:/santoni/Dropbox//WW_other_projs/WB_2024/WB_GE/WB_DTA_Toolkit/2.res/toolkit//BLZ//temp/est_sample_imrt.dta saved

.         
. ********************************************************************************
. ********************************************************************************
. * 1a) Inward MRT - all products
. 
. use "$RES//`iso'//temp/est_sample_imrt", replace

. 
. 
. ********************************************************************************
. do      "$PROG_rta_stat/p1b_square"

. 
. ********************************************************************************
. 
. preserve

.         bys year: keep if _n==1
(408,577 observations deleted)

.         keep year

.         save "$TEMP\square", replace
(file d:/santoni/Dropbox//WW_other_projs/WB_2024/WB_GE/WB_DTA_Toolkit/1.data/temp\square.dta not found)
file d:/santoni/Dropbox//WW_other_projs/WB_2024/WB_GE/WB_DTA_Toolkit/1.data/temp\square.dta saved

. restore

. 
. 
. preserve

.         bys     iso_o: keep if _n==1
(408,435 observations deleted)

.         keep    iso_o

.         cross using "$TEMP\square.dta"

.         save "$TEMP\square.dta", replace
file d:/santoni/Dropbox//WW_other_projs/WB_2024/WB_GE/WB_DTA_Toolkit/1.data/temp\square.dta saved

. restore

. 
. 
. preserve

.         bys     iso_d: keep if _n==1
(408,435 observations deleted)

.         keep    iso_d

.         cross   using "$TEMP\square.dta"

.         save    "$TEMP\square.dta", replace
file d:/santoni/Dropbox//WW_other_projs/WB_2024/WB_GE/WB_DTA_Toolkit/1.data/temp\square.dta saved

. restore

. 
. merge 1:1 year iso_o iso_d using "$TEMP\square.dta", nogenerate

    Result                      Number of obs
    -----------------------------------------
    Not matched                       149,351
        from master                         0  
        from using                    149,351  

    Matched                           408,598  
    -----------------------------------------

. cap erase        "$TEMP\square.dta"

. 
. drop if iso_o == iso_d
(3,423 observations deleted)

. replace v = 0 if v==.
(145,928 real changes made)

. 
. ********************************************************************************
. 
end of do-file

. ********************************************************************************
. 
. merge m:1 iso_o iso_d year using "$RES//`iso'//temp/gravity_temp"

    Result                      Number of obs
    -----------------------------------------
    Not matched                       366,053
        from master                     8,736  (_merge==1)
        from using                    357,317  (_merge==2)

    Matched                           545,790  (_merge==3)
    -----------------------------------------

. drop if _m == 2
(357,317 observations deleted)

. drop _m

. 
. 
. 
. cap drop i

. cap drop j

. 
. egen i  = group(iso_o)

. egen j  = group(iso_d)

. 
. egen it = group(iso_o year)

. egen jt = group(iso_d year)

. 
. 
. bys jt: egen tx = total(v)

. 
. gen v_sh            =    v / tx
(4,374 missing values generated)

. gen ldist                       = ln( $dist )
(8,736 missing values generated)

. gen lv              = ln(v)
(145,928 missing values generated)

. 
. ********************************************************************************
. ********************************************************************************
. * PPML value
. 
. preserve

.         ppmlhdfe v   $covar  ,  absorb(   ppml_d_jt = jt ppml_d_it = it)  d maxiter(1000) acceleration(steep)
warning: dependent variable takes very low values after standardizing (3.9973e-10)
Iteration 1:   deviance = 1.7599e+11  eps = .         iters = 6    tol = 1.0e-04  min(eta) =  -5.38  P   
Iteration 2:   deviance = 1.0549e+11  eps = 6.68e-01  iters = 4    tol = 1.0e-04  min(eta) =  -7.01      
Iteration 3:   deviance = 8.8580e+10  eps = 1.91e-01  iters = 4    tol = 1.0e-04  min(eta) =  -8.77      
Iteration 4:   deviance = 8.4697e+10  eps = 4.58e-02  iters = 4    tol = 1.0e-04  min(eta) = -10.63      
Iteration 5:   deviance = 8.3924e+10  eps = 9.21e-03  iters = 3    tol = 1.0e-04  min(eta) = -12.34      
Iteration 6:   deviance = 8.3789e+10  eps = 1.62e-03  iters = 2    tol = 1.0e-04  min(eta) = -13.82      
Iteration 7:   deviance = 8.3767e+10  eps = 2.63e-04  iters = 2    tol = 1.0e-04  min(eta) = -15.58      
Iteration 8:   deviance = 8.3763e+10  eps = 4.40e-05  iters = 2    tol = 1.0e-04  min(eta) = -17.18      
Iteration 9:   deviance = 8.3762e+10  eps = 7.74e-06  iters = 2    tol = 1.0e-05  min(eta) = -18.31      
Iteration 10:  deviance = 8.3762e+10  eps = 1.04e-06  iters = 2    tol = 1.0e-06  min(eta) = -18.82   S  
Iteration 11:  deviance = 8.3762e+10  eps = 5.92e-08  iters = 1    tol = 1.0e-06  min(eta) = -18.99   S  
Iteration 12:  deviance = 8.3762e+10  eps = 6.34e-10  iters = 2    tol = 1.0e-07  min(eta) = -19.01   S  
Iteration 13:  deviance = 8.3762e+10  eps = 4.12e-13  iters = 3    tol = 1.0e-09  min(eta) = -19.01   S O
------------------------------------------------------------------------------------------------------------
(legend: p: exact partial-out   s: exact solver   h: step-halving   o: epsilon below tolerance)
Converged in 13 iterations and 37 HDFE sub-iterations (tol = 1.0e-08)

HDFE PPML regression                              No. of obs      =    545,790
Absorbing 2 HDFE groups                           Residual df     =    539,014
                                                  Wald chi2(5)    =   29518.95
Deviance             =  8.37621e+10               Prob > chi2     =     0.0000
Log pseudolikelihood = -4.18830e+10               Pseudo R2       =     0.9048
------------------------------------------------------------------------------
             |               Robust
           v | Coefficient  std. err.      z    P>|z|     [95% conf. interval]
-------------+----------------------------------------------------------------
       ldist |  -.6745732   .0086054   -78.39   0.000    -.6914395    -.657707
     fta_wto |   .2860418   .0168453    16.98   0.000     .2530257    .3190579
      contig |   .4177196   .0196924    21.21   0.000     .3791233    .4563159
      comcol |   .7224789   .0342588    21.09   0.000     .6553328    .7896249
         lpn |   .0184437   .0372899     0.49   0.621    -.0546432    .0915306
       _cons |    20.5371   .0773847   265.39   0.000     20.38542    20.68877
------------------------------------------------------------------------------

Absorbed degrees of freedom:
-----------------------------------------------------+
 Absorbed FE | Categories  - Redundant  = Num. Coefs |
-------------+---------------------------------------|
          jt |      3396           0        3396     |
          it |      3396          21        3375     |
-----------------------------------------------------+

. 
.         replace   ppml_d_jt         =  exp(ppml_d_jt)
(545,790 real changes made)

.     drop if   ppml_d_jt         == .
(8,736 observations deleted)

. 
.         bys year: egen max_rca          =  max(ppml_d_jt)

.         gen             norm_IMRT           =  ppml_d_jt/max_rca

.         
.         
.      replace norm_IMRT          =  .   if norm_IMRT <= 0.000001
(0 real changes made)

.      drop if norm_IMRT          == .
(0 observations deleted)

.     
.         keep if year >= $ldate_bg1
(337,778 observations deleted)

.         
.         collapse (mean)    norm_IMRT  , by(iso_d)

.         rename iso_d iso3

.         merge m:1 iso3 using "$DATA/cty/TP_FAO_cty_year", keepusing(iso3)

    Result                      Number of obs
    -----------------------------------------
    Not matched                             4
        from master                         0  (_merge==1)
        from using                          4  (_merge==2)

    Matched                               162  (_merge==3)
    -----------------------------------------

.         keep    if _m == 3
(4 observations deleted)

.         drop    _m 

. 
.         gsort   -norm

.         gen             rank = _n

.         drop    norm

.         keep    if rank <= 30
(132 observations deleted)

.         
.         gen             estimation      = "PPML value"

.         gen             item            = "demand"

.         save "$RES//`iso'//temp/norm_IMRT_ppml", replace
(file d:/santoni/Dropbox//WW_other_projs/WB_2024/WB_GE/WB_DTA_Toolkit/2.res/toolkit//BLZ//temp/norm_IMRT_ppml.dta not found)
file d:/santoni/Dropbox//WW_other_projs/WB_2024/WB_GE/WB_DTA_Toolkit/2.res/toolkit//BLZ//temp/norm_IMRT_ppml.dta saved

. restore

. 
. 
. ********************************************************************************
. ********************************************************************************
. * 1b) Inward MRT - intermediate products
. 
. 
. use "$RES//`iso'//temp/est_sample_imrt_int_k", replace

. 
. 
. ********************************************************************************
. do      "$PROG_rta_stat/p1b_square"

. 
. ********************************************************************************
. 
. preserve

.         bys year: keep if _n==1
(372,543 observations deleted)

.         keep year

.         save "$TEMP\square", replace
(file d:/santoni/Dropbox//WW_other_projs/WB_2024/WB_GE/WB_DTA_Toolkit/1.data/temp\square.dta not found)
file d:/santoni/Dropbox//WW_other_projs/WB_2024/WB_GE/WB_DTA_Toolkit/1.data/temp\square.dta saved

. restore

. 
. 
. preserve

.         bys     iso_o: keep if _n==1
(372,401 observations deleted)

.         keep    iso_o

.         cross using "$TEMP\square.dta"

.         save "$TEMP\square.dta", replace
file d:/santoni/Dropbox//WW_other_projs/WB_2024/WB_GE/WB_DTA_Toolkit/1.data/temp\square.dta saved

. restore

. 
. 
. preserve

.         bys     iso_d: keep if _n==1
(372,401 observations deleted)

.         keep    iso_d

.         cross   using "$TEMP\square.dta"

.         save    "$TEMP\square.dta", replace
file d:/santoni/Dropbox//WW_other_projs/WB_2024/WB_GE/WB_DTA_Toolkit/1.data/temp\square.dta saved

. restore

. 
. merge 1:1 year iso_o iso_d using "$TEMP\square.dta", nogenerate

    Result                      Number of obs
    -----------------------------------------
    Not matched                       185,385
        from master                         0  
        from using                    185,385  

    Matched                           372,564  
    -----------------------------------------

. cap erase        "$TEMP\square.dta"

. 
. drop if iso_o == iso_d
(3,423 observations deleted)

. replace v = 0 if v==.
(181,962 real changes made)

. 
. ********************************************************************************
. 
end of do-file

. ********************************************************************************
. 
. merge m:1 iso_o iso_d year using "$RES//`iso'//temp/gravity_temp"

    Result                      Number of obs
    -----------------------------------------
    Not matched                       366,053
        from master                     8,736  (_merge==1)
        from using                    357,317  (_merge==2)

    Matched                           545,790  (_merge==3)
    -----------------------------------------

. drop if _m == 2
(357,317 observations deleted)

. drop _m

. 
. 
. 
. cap drop i

. cap drop j

. 
. egen i  = group(iso_o)

. egen j  = group(iso_d)

. 
. egen it = group(iso_o year)

. egen jt = group(iso_d year)

. 
. 
. bys jt: egen tx = total(v)

. 
. gen v_sh            =    v / tx
(4,374 missing values generated)

. gen ldist                       = ln( $dist )
(8,736 missing values generated)

. gen lv              = ln(v)
(181,962 missing values generated)

. 
. ********************************************************************************
. ********************************************************************************
. * PPML value
. 
. preserve

.         ppmlhdfe v   $covar  ,  absorb(   ppml_d_jt = jt ppml_d_it = it)  d maxiter(1000) acceleration(steep)
warning: dependent variable takes very low values after standardizing (6.2440e-10)
Iteration 1:   deviance = 1.3063e+11  eps = .         iters = 6    tol = 1.0e-04  min(eta) =  -5.36  P   
Iteration 2:   deviance = 7.9971e+10  eps = 6.34e-01  iters = 4    tol = 1.0e-04  min(eta) =  -6.98      
Iteration 3:   deviance = 6.7728e+10  eps = 1.81e-01  iters = 4    tol = 1.0e-04  min(eta) =  -8.80      
Iteration 4:   deviance = 6.4786e+10  eps = 4.54e-02  iters = 4    tol = 1.0e-04  min(eta) = -10.63      
Iteration 5:   deviance = 6.4156e+10  eps = 9.82e-03  iters = 3    tol = 1.0e-04  min(eta) = -12.46      
Iteration 6:   deviance = 6.4036e+10  eps = 1.88e-03  iters = 3    tol = 1.0e-04  min(eta) = -14.27      
Iteration 7:   deviance = 6.4014e+10  eps = 3.37e-04  iters = 2    tol = 1.0e-04  min(eta) = -15.81      
Iteration 8:   deviance = 6.4010e+10  eps = 6.30e-05  iters = 2    tol = 1.0e-04  min(eta) = -17.31      
Iteration 9:   deviance = 6.4009e+10  eps = 1.28e-05  iters = 2    tol = 1.0e-05  min(eta) = -18.49      
Iteration 10:  deviance = 6.4009e+10  eps = 2.32e-06  iters = 1    tol = 1.0e-05  min(eta) = -19.24   S  
Iteration 11:  deviance = 6.4009e+10  eps = 2.98e-07  iters = 2    tol = 1.0e-06  min(eta) = -19.58   S  
Iteration 12:  deviance = 6.4009e+10  eps = 2.08e-08  iters = 2    tol = 1.0e-07  min(eta) = -19.80   S  
Iteration 13:  deviance = 6.4009e+10  eps = 5.11e-10  iters = 2    tol = 1.0e-08  min(eta) = -19.87   S  
Iteration 14:  deviance = 6.4009e+10  eps = 1.31e-12  iters = 2    tol = 1.0e-09  min(eta) = -19.88   S O
------------------------------------------------------------------------------------------------------------
(legend: p: exact partial-out   s: exact solver   h: step-halving   o: epsilon below tolerance)
Converged in 14 iterations and 39 HDFE sub-iterations (tol = 1.0e-08)

HDFE PPML regression                              No. of obs      =    545,790
Absorbing 2 HDFE groups                           Residual df     =    539,014
                                                  Wald chi2(5)    =   20888.53
Deviance             =  6.40092e+10               Prob > chi2     =     0.0000
Log pseudolikelihood = -3.20063e+10               Pseudo R2       =     0.8856
------------------------------------------------------------------------------
             |               Robust
           v | Coefficient  std. err.      z    P>|z|     [95% conf. interval]
-------------+----------------------------------------------------------------
       ldist |  -.6336154   .0103839   -61.02   0.000    -.6539675   -.6132634
     fta_wto |   .3458311   .0203989    16.95   0.000       .30585    .3858122
      contig |   .4615024   .0245307    18.81   0.000     .4134232    .5095816
      comcol |   .6813428   .0412017    16.54   0.000     .6005891    .7620966
         lpn |  -.0336397   .0443095    -0.76   0.448    -.1204848    .0532054
       _cons |   19.80768   .0933945   212.09   0.000     19.62463    19.99073
------------------------------------------------------------------------------

Absorbed degrees of freedom:
-----------------------------------------------------+
 Absorbed FE | Categories  - Redundant  = Num. Coefs |
-------------+---------------------------------------|
          jt |      3396           0        3396     |
          it |      3396          21        3375     |
-----------------------------------------------------+

. 
.         replace   ppml_d_jt           = exp(ppml_d_jt)
(545,790 real changes made)

.     drop if   ppml_d_jt           == .
(8,736 observations deleted)

.         bys year: egen max_rca            = max(ppml_d_jt)

.                   gen           norm_IMRT = ppml_d_jt/max_rca

.         
.             replace norm_IMRT          =  .   if norm_IMRT <= 0.000001
(0 real changes made)

.        drop if norm_IMRT          == .
(0 observations deleted)

. 
.         keep if year >= $ldate_bg1
(337,778 observations deleted)

.         
.         collapse (mean)    norm_IMRT  , by(iso_d)

.         rename iso_d iso3

. 
.         merge m:1 iso3 using "$DATA/cty/TP_FAO_cty_year", keepusing(iso3)

    Result                      Number of obs
    -----------------------------------------
    Not matched                             4
        from master                         0  (_merge==1)
        from using                          4  (_merge==2)

    Matched                               162  (_merge==3)
    -----------------------------------------

.         keep    if _m == 3
(4 observations deleted)

.         drop    _m 

. 
.         gsort   -norm

.         gen             rank = _n

.         drop    norm

.         keep    if rank <= 30
(132 observations deleted)

.         
.         gen             estimation      = "PPML value"

.         gen             item            = "demand int good"

.         save "$RES//`iso'//temp/norm_IMRT_int_ppml", replace
(file d:/santoni/Dropbox//WW_other_projs/WB_2024/WB_GE/WB_DTA_Toolkit/2.res/toolkit//BLZ//temp/norm_IMRT_int_ppml.dta not found)
file d:/santoni/Dropbox//WW_other_projs/WB_2024/WB_GE/WB_DTA_Toolkit/2.res/toolkit//BLZ//temp/norm_IMRT_int_ppml.dta saved

. restore

. 
. 
. ********************************************************************************
. ********************************************************************************
. * 2) CTY IMPORT SIDE:
. 
. use "$RES//`iso'//temp/trade_baci_cty", clear

. 
. rename t year

. 
. 
. preserve

. 
.         keep if year >= $ldate_bg1
(107,594,443 observations deleted)

. 
. 
.         keep if iso_d == "`iso'"
(80,389,133 observations deleted)

.         
.         collapse (sum) v , by(iso_d k  year)

.         keep if v >= 100
(20,045 observations deleted)

.         
.         bys     k: keep if _n ==1
(6,505 observations deleted)

.         keep    k

.         save    "$RES//`iso'//temp/k_list_M", replace
(file d:/santoni/Dropbox//WW_other_projs/WB_2024/WB_GE/WB_DTA_Toolkit/2.res/toolkit//BLZ//temp/k_list_M.dta not found)
file d:/santoni/Dropbox//WW_other_projs/WB_2024/WB_GE/WB_DTA_Toolkit/2.res/toolkit//BLZ//temp/k_list_M.dta saved

. restore

. 
. 
. merge   m:1             k       using   "$RES//`iso'//temp/k_list_M"

    Result                      Number of obs
    -----------------------------------------
    Not matched                    81,344,177
        from master                81,344,177  (_merge==1)
        from using                          0  (_merge==2)

    Matched                       106,783,254  (_merge==3)
    -----------------------------------------

. 
. keep    if _m == 3
(81,344,177 observations deleted)

. drop    _m

. 
. ********************************************************************************
. ********************************************************************************
. * Select sample for gravity estimation: using appropriate UN correspondance 
. if "$baci_version"        == "BACI_HS02_V202401b" {
. preserve
. import excel "$DATA/class/HS2012-17-BEC5_08_Nov_2018.xlsx", sheet("HS12BEC5") firstrow clear
(30 vars, 5,205 obs)
.  keep HS6 BEC5EndUse BEC4ENDUSE BEC4INT BEC4CONS BEC4CAP
.  destring BEC4INT , replace force
BEC4INT: all characters numeric; replaced as double
(14 missing values generated)
.  destring BEC4CONS, replace force
BEC4CONS: all characters numeric; replaced as double
(14 missing values generated)
.  destring BEC4CAP , replace force 
BEC4CAP: all characters numeric; replaced as double
(14 missing values generated)
.  duplicates drop 

Duplicates in terms of all variables

(0 observations are duplicates)
.  save   "$TEMP/k_BEC4", replace
file d:/santoni/Dropbox//WW_other_projs/WB_2024/WB_GE/WB_DTA_Toolkit/1.data/temp/k_BEC4.dta saved
. 
. ********************************************************************************
. ******************************************************************************** 
. 
. import excel "$DATA/class/HS 2012 to HS 2002 Correlation and conversion tables.xls", sheet("Conversion HS 2012-HS 2002") cellrange(C7:D5213) firstrow clear
(2 vars, 5,206 obs)
. rename HS2012 HS6
. merge 1:1 HS6 using "$TEMP/k_BEC4"

    Result                      Number of obs
    -----------------------------------------
    Not matched                             1
        from master                         1  (_merge==1)
        from using                          0  (_merge==2)

    Matched                             5,205  (_merge==3)
    -----------------------------------------
. keep if _m == 3
(1 observation deleted)
. drop _m
. 
. rename HS2002 k
. destring k, replace force
k: all characters numeric; replaced as long
. cap drop if k == .
. 
. collapse (mean) BEC4INT BEC4CONS BEC4CAP, by(k)
. 
. gen stade3 = "I" if ((BEC4INT + BEC4CAP) >  BEC4CONS )
(1,256 missing values generated)
. 
. keep stade3 k
. save    "$TEMP/k_BEC", replace
file d:/santoni/Dropbox//WW_other_projs/WB_2024/WB_GE/WB_DTA_Toolkit/1.data/temp/k_BEC.dta saved
. restore
. }

. 
. ********************************************************************************
. ******************************************************************************** 
. 
. merge   m:1     k                       using   "$TEMP/k_BEC"

    Result                      Number of obs
    -----------------------------------------
    Not matched                       349,904
        from master                   346,785  (_merge==1)
        from using                      3,119  (_merge==2)

    Matched                       106,436,469  (_merge==3)
    -----------------------------------------

. drop if _m == 2
(3,119 observations deleted)

. drop _m 

. 
. 
. preserve        

.         keep if stade3 == "I"
(41,013,232 observations deleted)

.         collapse (sum) v, by(iso_o iso_d year)

.         compress
  (0 bytes saved)

.         save "$RES//`iso'//temp/est_sample_omrt_int_k", replace
(file d:/santoni/Dropbox//WW_other_projs/WB_2024/WB_GE/WB_DTA_Toolkit/2.res/toolkit//BLZ//temp/est_sample_omrt_int_k.dta not found)
file d:/santoni/Dropbox//WW_other_projs/WB_2024/WB_GE/WB_DTA_Toolkit/2.res/toolkit//BLZ//temp/est_sample_omrt_int_k.dta saved

. restore

. 
. collapse (sum) v, by(iso_o iso_d year)

. compress
  (0 bytes saved)

. 
.         save "$RES//`iso'//temp/est_sample_omrt", replace
(file d:/santoni/Dropbox//WW_other_projs/WB_2024/WB_GE/WB_DTA_Toolkit/2.res/toolkit//BLZ//temp/est_sample_omrt.dta not found)
file d:/santoni/Dropbox//WW_other_projs/WB_2024/WB_GE/WB_DTA_Toolkit/2.res/toolkit//BLZ//temp/est_sample_omrt.dta saved

.         
. ********************************************************************************
. ********************************************************************************
. * 1a) Inward MRT - all products
. 
. use "$RES//`iso'//temp/est_sample_omrt", replace

. 
. 
. ********************************************************************************
. do      "$PROG_rta_stat/p1b_square"

. 
. ********************************************************************************
. 
. preserve

.         bys year: keep if _n==1
(429,217 observations deleted)

.         keep year

.         save "$TEMP\square", replace
(file d:/santoni/Dropbox//WW_other_projs/WB_2024/WB_GE/WB_DTA_Toolkit/1.data/temp\square.dta not found)
file d:/santoni/Dropbox//WW_other_projs/WB_2024/WB_GE/WB_DTA_Toolkit/1.data/temp\square.dta saved

. restore

. 
. 
. preserve

.         bys     iso_o: keep if _n==1
(429,075 observations deleted)

.         keep    iso_o

.         cross using "$TEMP\square.dta"

.         save "$TEMP\square.dta", replace
file d:/santoni/Dropbox//WW_other_projs/WB_2024/WB_GE/WB_DTA_Toolkit/1.data/temp\square.dta saved

. restore

. 
. 
. preserve

.         bys     iso_d: keep if _n==1
(429,075 observations deleted)

.         keep    iso_d

.         cross   using "$TEMP\square.dta"

.         save    "$TEMP\square.dta", replace
file d:/santoni/Dropbox//WW_other_projs/WB_2024/WB_GE/WB_DTA_Toolkit/1.data/temp\square.dta saved

. restore

. 
. merge 1:1 year iso_o iso_d using "$TEMP\square.dta", nogenerate

    Result                      Number of obs
    -----------------------------------------
    Not matched                       128,711
        from master                         0  
        from using                    128,711  

    Matched                           429,238  
    -----------------------------------------

. cap erase        "$TEMP\square.dta"

. 
. drop if iso_o == iso_d
(3,423 observations deleted)

. replace v = 0 if v==.
(125,288 real changes made)

. 
. ********************************************************************************
. 
end of do-file

. ********************************************************************************
. 
. 
. merge m:1 iso_o iso_d year using "$RES//`iso'//temp/gravity_temp" 

    Result                      Number of obs
    -----------------------------------------
    Not matched                       366,053
        from master                     8,736  (_merge==1)
        from using                    357,317  (_merge==2)

    Matched                           545,790  (_merge==3)
    -----------------------------------------

. drop if _m == 2
(357,317 observations deleted)

. drop _m

. 
. 
. 
. cap drop i

. cap drop j

. 
. egen i  = group(iso_o)

. egen j  = group(iso_d)

. 
. egen it = group(iso_o year)

. egen jt = group(iso_d year)

. 
. 
. bys jt: egen tx = total(v)

. 
. gen v_sh            =    v / tx
(4,374 missing values generated)

. gen ldist                       = ln( $dist )
(8,736 missing values generated)

. gen lv              = ln(v)
(125,288 missing values generated)

. 
. ********************************************************************************
. ********************************************************************************
. * PPML value
. 
. preserve

.         ppmlhdfe v   $covar  ,  absorb(   ppml_d_jt = jt ppml_d_it = it)  d maxiter(1000) acceleration(steep)
warning: dependent variable takes very low values after standardizing (2.3410e-10)
Iteration 1:   deviance = 2.0950e+11  eps = .         iters = 6    tol = 1.0e-04  min(eta) =  -5.42  P   
Iteration 2:   deviance = 1.0904e+11  eps = 9.21e-01  iters = 4    tol = 1.0e-04  min(eta) =  -7.07      
Iteration 3:   deviance = 8.2437e+10  eps = 3.23e-01  iters = 4    tol = 1.0e-04  min(eta) =  -8.83      
Iteration 4:   deviance = 7.5872e+10  eps = 8.65e-02  iters = 4    tol = 1.0e-04  min(eta) = -10.62      
Iteration 5:   deviance = 7.4507e+10  eps = 1.83e-02  iters = 3    tol = 1.0e-04  min(eta) = -12.34      
Iteration 6:   deviance = 7.4262e+10  eps = 3.29e-03  iters = 3    tol = 1.0e-04  min(eta) = -14.01      
Iteration 7:   deviance = 7.4222e+10  eps = 5.39e-04  iters = 2    tol = 1.0e-04  min(eta) = -15.69      
Iteration 8:   deviance = 7.4216e+10  eps = 8.67e-05  iters = 2    tol = 1.0e-04  min(eta) = -17.26      
Iteration 9:   deviance = 7.4215e+10  eps = 1.41e-05  iters = 2    tol = 1.0e-05  min(eta) = -18.45      
Iteration 10:  deviance = 7.4215e+10  eps = 2.04e-06  iters = 1    tol = 1.0e-05  min(eta) = -19.06   S  
Iteration 11:  deviance = 7.4215e+10  eps = 1.95e-07  iters = 1    tol = 1.0e-06  min(eta) = -19.24   S  
Iteration 12:  deviance = 7.4215e+10  eps = 6.67e-09  iters = 2    tol = 1.0e-07  min(eta) = -19.26   S  
Iteration 13:  deviance = 7.4215e+10  eps = 4.83e-11  iters = 3    tol = 1.0e-08  min(eta) = -19.26   S  
Iteration 14:  deviance = 7.4215e+10  eps = 1.80e-14  iters = 2    tol = 1.0e-09  min(eta) = -19.26   S O
------------------------------------------------------------------------------------------------------------
(legend: p: exact partial-out   s: exact solver   h: step-halving   o: epsilon below tolerance)
Converged in 14 iterations and 39 HDFE sub-iterations (tol = 1.0e-08)

HDFE PPML regression                              No. of obs      =    545,790
Absorbing 2 HDFE groups                           Residual df     =    539,014
                                                  Wald chi2(5)    =   37807.23
Deviance             =  7.42146e+10               Prob > chi2     =     0.0000
Log pseudolikelihood = -3.71094e+10               Pseudo R2       =     0.9481
------------------------------------------------------------------------------
             |               Robust
           v | Coefficient  std. err.      z    P>|z|     [95% conf. interval]
-------------+----------------------------------------------------------------
       ldist |  -.7026718   .0068325  -102.84   0.000    -.7160633   -.6892804
     fta_wto |   .3318999   .0139443    23.80   0.000     .3045694    .3592303
      contig |   .3992009   .0146049    27.33   0.000     .3705757     .427826
      comcol |    .655549   .0366474    17.89   0.000     .5837214    .7273765
         lpn |   .0295396   .0315844     0.94   0.350    -.0323647     .091444
       _cons |    21.3371   .0608819   350.47   0.000     21.21777    21.45643
------------------------------------------------------------------------------

Absorbed degrees of freedom:
-----------------------------------------------------+
 Absorbed FE | Categories  - Redundant  = Num. Coefs |
-------------+---------------------------------------|
          jt |      3396           0        3396     |
          it |      3396          21        3375     |
-----------------------------------------------------+

. 
.         replace   ppml_d_it         = exp(ppml_d_it)
(545,790 real changes made)

.     drop if   ppml_d_it         == .
(8,736 observations deleted)

. 
.         bys year: egen max_rca          = max(ppml_d_it)

.                  gen  norm_IMRT     = ppml_d_it/max_rca

.         
.        replace norm_IMRT        =  .   if norm_IMRT <= 0.000001
(0 real changes made)

.        drop if norm_IMRT        == .
(0 observations deleted)

. 
.         keep if year >= $ldate_bg1
(337,778 observations deleted)

.         
.         collapse (mean)    norm_IMRT  , by(iso_o)

.         rename iso_o iso3

. 
.         merge m:1 iso3 using "$DATA/cty/TP_FAO_cty_year", keepusing(iso3)

    Result                      Number of obs
    -----------------------------------------
    Not matched                             4
        from master                         0  (_merge==1)
        from using                          4  (_merge==2)

    Matched                               162  (_merge==3)
    -----------------------------------------

.         keep    if _m == 3
(4 observations deleted)

.         drop    _m 

. 
.         gsort   -norm

.         gen             rank = _n

.         drop    norm

.         keep    if rank <= 30
(132 observations deleted)

.         
.         gen             estimation      = "PPML value"

.         gen             item            = "supply"

.         save "$RES//`iso'//temp/norm_OMRT_ppml", replace
(file d:/santoni/Dropbox//WW_other_projs/WB_2024/WB_GE/WB_DTA_Toolkit/2.res/toolkit//BLZ//temp/norm_OMRT_ppml.dta not found)
file d:/santoni/Dropbox//WW_other_projs/WB_2024/WB_GE/WB_DTA_Toolkit/2.res/toolkit//BLZ//temp/norm_OMRT_ppml.dta saved

. restore

. 
. ********************************************************************************
. ********************************************************************************
. * 1b) Inward MRT - intermediate products
. 
. use "$RES//`iso'//temp/est_sample_omrt_int_k", replace

. 
. 
. ********************************************************************************
. do      "$PROG_rta_stat/p1b_square"

. 
. ********************************************************************************
. 
. preserve

.         bys year: keep if _n==1
(399,248 observations deleted)

.         keep year

.         save "$TEMP\square", replace
(file d:/santoni/Dropbox//WW_other_projs/WB_2024/WB_GE/WB_DTA_Toolkit/1.data/temp\square.dta not found)
file d:/santoni/Dropbox//WW_other_projs/WB_2024/WB_GE/WB_DTA_Toolkit/1.data/temp\square.dta saved

. restore

. 
. 
. preserve

.         bys     iso_o: keep if _n==1
(399,106 observations deleted)

.         keep    iso_o

.         cross using "$TEMP\square.dta"

.         save "$TEMP\square.dta", replace
file d:/santoni/Dropbox//WW_other_projs/WB_2024/WB_GE/WB_DTA_Toolkit/1.data/temp\square.dta saved

. restore

. 
. 
. preserve

.         bys     iso_d: keep if _n==1
(399,106 observations deleted)

.         keep    iso_d

.         cross   using "$TEMP\square.dta"

.         save    "$TEMP\square.dta", replace
file d:/santoni/Dropbox//WW_other_projs/WB_2024/WB_GE/WB_DTA_Toolkit/1.data/temp\square.dta saved

. restore

. 
. merge 1:1 year iso_o iso_d using "$TEMP\square.dta", nogenerate

    Result                      Number of obs
    -----------------------------------------
    Not matched                       158,680
        from master                         0  
        from using                    158,680  

    Matched                           399,269  
    -----------------------------------------

. cap erase        "$TEMP\square.dta"

. 
. drop if iso_o == iso_d
(3,423 observations deleted)

. replace v = 0 if v==.
(155,257 real changes made)

. 
. ********************************************************************************
. 
end of do-file

. ********************************************************************************
. 
. merge m:1 iso_o iso_d year using "$RES//`iso'//temp/gravity_temp"

    Result                      Number of obs
    -----------------------------------------
    Not matched                       366,053
        from master                     8,736  (_merge==1)
        from using                    357,317  (_merge==2)

    Matched                           545,790  (_merge==3)
    -----------------------------------------

. drop if _m == 2
(357,317 observations deleted)

. drop _m

. 
. 
. 
. cap drop i

. cap drop j

. 
. egen i  = group(iso_o)

. egen j  = group(iso_d)

. 
. egen it = group(iso_o year)

. egen jt = group(iso_d year)

. 
. 
. bys jt: egen tx = total(v)

. 
. gen v_sh            =    v / tx
(4,374 missing values generated)

. gen ldist                       = ln( $dist )
(8,736 missing values generated)

. gen lv              = ln(v)
(155,257 missing values generated)

. 
. ********************************************************************************
. ********************************************************************************
. * PPML value
. 
. preserve

.         ppmlhdfe v   $covar  ,  absorb(   ppml_d_jt = jt ppml_d_it = it)  d maxiter(1000) acceleration(steep)
warning: dependent variable takes very low values after standardizing (3.7907e-10)
Iteration 1:   deviance = 1.3236e+11  eps = .         iters = 5    tol = 1.0e-04  min(eta) =  -5.42  P   
Iteration 2:   deviance = 6.9023e+10  eps = 9.18e-01  iters = 5    tol = 1.0e-04  min(eta) =  -7.10      
Iteration 3:   deviance = 5.1787e+10  eps = 3.33e-01  iters = 4    tol = 1.0e-04  min(eta) =  -8.88      
Iteration 4:   deviance = 4.7366e+10  eps = 9.33e-02  iters = 4    tol = 1.0e-04  min(eta) = -10.75      
Iteration 5:   deviance = 4.6399e+10  eps = 2.08e-02  iters = 3    tol = 1.0e-04  min(eta) = -12.53      
Iteration 6:   deviance = 4.6215e+10  eps = 3.99e-03  iters = 3    tol = 1.0e-04  min(eta) = -14.20      
Iteration 7:   deviance = 4.6183e+10  eps = 6.84e-04  iters = 2    tol = 1.0e-04  min(eta) = -15.69      
Iteration 8:   deviance = 4.6178e+10  eps = 1.10e-04  iters = 2    tol = 1.0e-04  min(eta) = -17.13      
Iteration 9:   deviance = 4.6177e+10  eps = 1.77e-05  iters = 1    tol = 1.0e-04  min(eta) = -18.26      
Iteration 10:  deviance = 4.6177e+10  eps = 2.69e-06  iters = 1    tol = 1.0e-05  min(eta) = -18.85      
Iteration 11:  deviance = 4.6177e+10  eps = 3.41e-07  iters = 2    tol = 1.0e-06  min(eta) = -19.07   S  
Iteration 12:  deviance = 4.6177e+10  eps = 2.92e-08  iters = 2    tol = 1.0e-07  min(eta) = -19.58   S  
Iteration 13:  deviance = 4.6177e+10  eps = 1.22e-09  iters = 2    tol = 1.0e-08  min(eta) = -19.77   S  
Iteration 14:  deviance = 4.6177e+10  eps = 1.01e-11  iters = 2    tol = 1.0e-09  min(eta) = -19.80   S O
------------------------------------------------------------------------------------------------------------
(legend: p: exact partial-out   s: exact solver   h: step-halving   o: epsilon below tolerance)
Converged in 14 iterations and 38 HDFE sub-iterations (tol = 1.0e-08)

HDFE PPML regression                              No. of obs      =    545,790
Absorbing 2 HDFE groups                           Residual df     =    539,014
                                                  Wald chi2(5)    =   33910.61
Deviance             =  4.61770e+10               Prob > chi2     =     0.0000
Log pseudolikelihood = -2.30903e+10               Pseudo R2       =     0.9476
------------------------------------------------------------------------------
             |               Robust
           v | Coefficient  std. err.      z    P>|z|     [95% conf. interval]
-------------+----------------------------------------------------------------
       ldist |  -.6788612   .0072427   -93.73   0.000    -.6930566   -.6646658
     fta_wto |   .3662506   .0152329    24.04   0.000     .3363946    .3961066
      contig |      .4307   .0149132    28.88   0.000     .4014708    .4599293
      comcol |   .6781588   .0467501    14.51   0.000     .5865303    .7697874
         lpn |   .0294103   .0308982     0.95   0.341    -.0311492    .0899697
       _cons |   20.69591   .0647104   319.82   0.000     20.56908    20.82274
------------------------------------------------------------------------------

Absorbed degrees of freedom:
-----------------------------------------------------+
 Absorbed FE | Categories  - Redundant  = Num. Coefs |
-------------+---------------------------------------|
          jt |      3396           0        3396     |
          it |      3396          21        3375     |
-----------------------------------------------------+

. 
.         
.         replace   ppml_d_it         = exp(ppml_d_it)
(545,790 real changes made)

.     drop if   ppml_d_it         == .
(8,736 observations deleted)

. 
.         bys year: egen max_rca          = max(ppml_d_it)

.                  gen  norm_IMRT     = ppml_d_it/max_rca

.         
.        replace norm_IMRT        =  .   if norm_IMRT <= 0.000001
(161 real changes made, 161 to missing)

.        drop if norm_IMRT        == .
(161 observations deleted)

.         
.         keep if year                            >= $ldate_bg1
(337,617 observations deleted)

.         
.         collapse (mean)    norm_IMRT  , by(iso_o)

.         rename iso_o iso3

. 
.         merge m:1 iso3 using "$DATA/cty/TP_FAO_cty_year", keepusing(iso3)

    Result                      Number of obs
    -----------------------------------------
    Not matched                             4
        from master                         0  (_merge==1)
        from using                          4  (_merge==2)

    Matched                               162  (_merge==3)
    -----------------------------------------

.         keep    if _m == 3
(4 observations deleted)

.         drop    _m 

. 
.         gsort   -norm

.         
.         gen             rank = _n

.         drop    norm

.         keep    if rank <= 30
(132 observations deleted)

.         
.         gen             estimation      = "PPML value"

.         gen             item            = "supply int good"

.         save "$RES//`iso'//temp/norm_OMRT_int_ppml", replace
(file d:/santoni/Dropbox//WW_other_projs/WB_2024/WB_GE/WB_DTA_Toolkit/2.res/toolkit//BLZ//temp/norm_OMRT_int_ppml.dta not found)
file d:/santoni/Dropbox//WW_other_projs/WB_2024/WB_GE/WB_DTA_Toolkit/2.res/toolkit//BLZ//temp/norm_OMRT_int_ppml.dta saved

. restore

. 
. 
. ********************************************************************************
. ********************************************************************************
. ********************************************************************************
. 
. * 3) Export a table of results
. 
. use                                     "$RES//`iso'//temp/norm_IMRT_ppml", clear

. 
. append  using                   "$RES//`iso'//temp/norm_IMRT_int_ppml"
(variable item was str6, now str15 to accommodate using data's values)

. 
. append  using                   "$RES//`iso'//temp/norm_OMRT_ppml"

. 
. append  using                   "$RES//`iso'//temp/norm_OMRT_int_ppml"

. 
. merge   m:1 iso3        using   "$RES//`iso'//temp/temp_regio"

    Result                      Number of obs
    -----------------------------------------
    Not matched                           132
        from master                         0  (_merge==1)
        from using                        132  (_merge==2)

    Matched                               120  (_merge==3)
    -----------------------------------------

. keep if _m == 3
(132 observations deleted)

. drop    _m

. 
. 
. rename iso3 iso_d

. 
. merge   m:1 iso_d        using "$RES//`iso'//temp/RTA_cty", keepus(agreem $kmean_alg )

    Result                      Number of obs
    -----------------------------------------
    Not matched                           106
        from master                        81  (_merge==1)
        from using                         25  (_merge==2)

    Matched                                39  (_merge==3)
    -----------------------------------------

. drop    if _m == 2
(25 observations deleted)

. drop      _m

. 
. sort item estimation rank

. 
. rename iso_d iso

. 
. save                            "$RES//`iso'//RTA_to_sign.dta", replace
(file d:/santoni/Dropbox//WW_other_projs/WB_2024/WB_GE/WB_DTA_Toolkit/2.res/toolkit//BLZ//RTA_to_sign.dta not found)
file d:/santoni/Dropbox//WW_other_projs/WB_2024/WB_GE/WB_DTA_Toolkit/2.res/toolkit//BLZ//RTA_to_sign.dta saved

. 
. ********************************************************************************
. * Add market shares: 
. 
. use                     "$RES//`iso'//RTA_to_sign.dta", clear

. keep            iso

. drop    if      iso == "`iso'"
(0 observations deleted)

. bys iso:        keep if _n == 1
(86 observations deleted)

. save            "$RES//`iso'//temp/cty_in_RTA_to_sign.dta", replace
(file d:/santoni/Dropbox//WW_other_projs/WB_2024/WB_GE/WB_DTA_Toolkit/2.res/toolkit//BLZ//temp/cty_in_RTA_to_sign.dta not found)
file d:/santoni/Dropbox//WW_other_projs/WB_2024/WB_GE/WB_DTA_Toolkit/2.res/toolkit//BLZ//temp/cty_in_RTA_to_sign.dta saved

. 
. ********************************************************************************
. ********************************************************************************
. 
. use "$RES//`iso'//temp/trade_baci_cty", clear

. 
. rename t year

. keep if year >= $ldate_bg1
(107,594,443 observations deleted)

. 
. keep if iso_d == "`iso'"
(80,389,133 observations deleted)

. 
. collapse (sum) v, by(  iso_o iso_d year)

.          
. bys year iso_d: egen                    M = total(v)

. gen     m_mkts_sh   =   v/M

.         
. collapse (mean) m_mkts_sh, by(iso_o)

. 
. rename  iso_o iso

. save    "$RES//`iso'//temp/mkt_sh_M.dta", replace
(file d:/santoni/Dropbox//WW_other_projs/WB_2024/WB_GE/WB_DTA_Toolkit/2.res/toolkit//BLZ//temp/mkt_sh_M.dta not found)
file d:/santoni/Dropbox//WW_other_projs/WB_2024/WB_GE/WB_DTA_Toolkit/2.res/toolkit//BLZ//temp/mkt_sh_M.dta saved

. 
. 
. ********************************************************************************
. ********************************************************************************
. 
. use "$RES//`iso'//temp/trade_baci_cty", clear

. 
. rename t year

. keep if year >= $ldate_bg1
(107,594,443 observations deleted)

. 
. keep if iso_o == "`iso'"
(80,507,818 observations deleted)

. 
. collapse (sum) v, by(iso_o iso_d year)

.          
. bys year iso_o: egen                    X = total(v)

. gen     x_mkts_sh   =   v/X

.         
. collapse (mean) x_mkts_sh, by(iso_d)

.                                         
. rename  iso_d iso

. 
. merge   1:1             iso     using           "$RES//`iso'//temp/mkt_sh_M.dta"

    Result                      Number of obs
    -----------------------------------------
    Not matched                            22
        from master                        13  (_merge==1)
        from using                          9  (_merge==2)

    Matched                               132  (_merge==3)
    -----------------------------------------

. 
. replace         x_mkts_sh = 0 if _m == 2                                        
(9 real changes made)

. replace         m_mkts_sh = 0 if _m == 1                        
(13 real changes made)

.                                         
. drop            _m

. 
. merge   1:1             iso     using           "$RES//`iso'//temp/cty_in_RTA_to_sign.dta"

    Result                      Number of obs
    -----------------------------------------
    Not matched                           120
        from master                       120  (_merge==1)
        from using                          0  (_merge==2)

    Matched                                34  (_merge==3)
    -----------------------------------------

. keep    if      _m == 3                                 
(120 observations deleted)

. drop            _m

. 
. save    "$RES//`iso'//temp/mkt_sh.dta", replace
(file d:/santoni/Dropbox//WW_other_projs/WB_2024/WB_GE/WB_DTA_Toolkit/2.res/toolkit//BLZ//temp/mkt_sh.dta not found)
file d:/santoni/Dropbox//WW_other_projs/WB_2024/WB_GE/WB_DTA_Toolkit/2.res/toolkit//BLZ//temp/mkt_sh.dta saved

.                                         
. ********************************************************************************
. 
. use                     "$RES//`iso'//RTA_to_sign.dta", clear

.                                 
. merge           m:1             iso     using           "$RES//`iso'//temp/mkt_sh.dta"          

    Result                      Number of obs
    -----------------------------------------
    Not matched                             0
    Matched                               120  (_merge==3)
    -----------------------------------------

. drop            _m

.                                         
. sort item estimation rank

. save                            "$RES//`iso'//RTA_to_sign.dta", replace
file d:/santoni/Dropbox//WW_other_projs/WB_2024/WB_GE/WB_DTA_Toolkit/2.res/toolkit//BLZ//RTA_to_sign.dta saved

. export excel using      "$RES//`iso'//RTA_to_sign.xlsx", sheet("RTA to sign")  sheetreplace firstrow(variables) nolabel 
file d:/santoni/Dropbox//WW_other_projs/WB_2024/WB_GE/WB_DTA_Toolkit/2.res/toolkit//BLZ//RTA_to_sign.xlsx saved

.                                         
. cap     log close
